Component: Arm Compiler for Embedded 6.19 Tool: armlink [5e73cb00]

==============================================================================

Section Cross References

    main.o(.ARM.exidx.text.vApplicationIdleHook) refers to main.o(.text.vApplicationIdleHook) for [Anonymous Symbol]
    main.o(.text.main) refers to dio.o(.text.DIO_init) for DIO_init
    main.o(.text.main) refers to queue.o(.text.xQueueGenericCreate) for xQueueGenericCreate
    main.o(.text.main) refers to main.o(.bss.xBinarySemaphore1) for xBinarySemaphore1
    main.o(.text.main) refers to main.o(.bss.xBinarySemaphore2) for xBinarySemaphore2
    main.o(.text.main) refers to main.o(.bss.xBinarySemaphoreDriverAuto) for xBinarySemaphoreDriverAuto
    main.o(.text.main) refers to main.o(.bss.xBinarySemaphorePassengerAuto) for xBinarySemaphorePassengerAuto
    main.o(.text.main) refers to main.o(.bss.xBinarySemaphoreObstacle) for xBinarySemaphoreObstacle
    main.o(.text.main) refers to main.o(.bss.openCloseDriverHandler) for openCloseDriverHandler
    main.o(.text.main) refers to functions.o(.text.openCloseDriver) for openCloseDriver
    main.o(.text.main) refers to main.o(.rodata.str1.1) for .L.str
    main.o(.text.main) refers to tasks.o(.text.xTaskCreate) for xTaskCreate
    main.o(.text.main) refers to main.o(.bss.openCloseDriverAutoHandler) for openCloseDriverAutoHandler
    main.o(.text.main) refers to functions.o(.text.openCloseDriverAuto) for openCloseDriverAuto
    main.o(.text.main) refers to main.o(.bss.openClosePassengerHandler) for openClosePassengerHandler
    main.o(.text.main) refers to functions.o(.text.openClosePassenger) for openClosePassenger
    main.o(.text.main) refers to main.o(.bss.ObstacleHandler) for ObstacleHandler
    main.o(.text.main) refers to functions.o(.text.Obstacle) for Obstacle
    main.o(.text.main) refers to main.o(.bss.openClosePassengerAutoHandler) for openClosePassengerAutoHandler
    main.o(.text.main) refers to functions.o(.text.openClosePassengerAuto) for openClosePassengerAuto
    main.o(.text.main) refers to main.o(.bss.controlHandler) for controlHandler
    main.o(.text.main) refers to functions.o(.text.control) for control
    main.o(.text.main) refers to tasks.o(.text.vTaskStartScheduler) for vTaskStartScheduler
    main.o(.ARM.exidx.text.main) refers to main.o(.text.main) for [Anonymous Symbol]
    dio.o(.text.delay) refers to dmul.o(x$fpl$dmul) for __aeabi_dmul
    dio.o(.text.delay) refers to dfix.o(x$fpl$dfix) for __aeabi_d2iz
    dio.o(.text.delay) refers to sys_clock.o(.text) for clock
    dio.o(.ARM.exidx.text.delay) refers to dio.o(.text.delay) for [Anonymous Symbol]
    dio.o(.ARM.exidx.text.DIO_init) refers to dio.o(.text.DIO_init) for [Anonymous Symbol]
    dio.o(.ARM.exidx.text.DIO_WritePort) refers to dio.o(.text.DIO_WritePort) for [Anonymous Symbol]
    dio.o(.ARM.exidx.text.DIO_WritePin) refers to dio.o(.text.DIO_WritePin) for [Anonymous Symbol]
    dio.o(.ARM.exidx.text.DIO_TogglePin) refers to dio.o(.text.DIO_TogglePin) for [Anonymous Symbol]
    dio.o(.ARM.exidx.text.DIO_ReadPin) refers to dio.o(.text.DIO_ReadPin) for [Anonymous Symbol]
    dio.o(.ARM.exidx.text.DIO_ReadPort) refers to dio.o(.text.DIO_ReadPort) for [Anonymous Symbol]
    functions.o(.text.Obstacle) refers to main.o(.bss.xBinarySemaphoreObstacle) for xBinarySemaphoreObstacle
    functions.o(.text.Obstacle) refers to queue.o(.text.xQueueSemaphoreTake) for xQueueSemaphoreTake
    functions.o(.text.Obstacle) refers to motorcontrol.o(.text.motorOFF) for motorOFF
    functions.o(.text.Obstacle) refers to motorcontrol.o(.text.motorDOWN) for motorDOWN
    functions.o(.text.Obstacle) refers to tasks.o(.text.vTaskPrioritySet) for vTaskPrioritySet
    functions.o(.ARM.exidx.text.Obstacle) refers to functions.o(.text.Obstacle) for [Anonymous Symbol]
    functions.o(.text.openClosePassengerAuto) refers to main.o(.bss.xBinarySemaphorePassengerAuto) for xBinarySemaphorePassengerAuto
    functions.o(.text.openClosePassengerAuto) refers to queue.o(.text.xQueueSemaphoreTake) for xQueueSemaphoreTake
    functions.o(.text.openClosePassengerAuto) refers to main.o(.bss.xQueuePD) for xQueuePD
    functions.o(.text.openClosePassengerAuto) refers to queue.o(.text.xQueueReceive) for xQueueReceive
    functions.o(.text.openClosePassengerAuto) refers to dio.o(.text.DIO_ReadPin) for DIO_ReadPin
    functions.o(.text.openClosePassengerAuto) refers to motorcontrol.o(.text.motorUP) for motorUP
    functions.o(.text.openClosePassengerAuto) refers to main.o(.bss.xBinarySemaphoreObstacle) for xBinarySemaphoreObstacle
    functions.o(.text.openClosePassengerAuto) refers to queue.o(.text.xQueueGenericSend) for xQueueGenericSend
    functions.o(.text.openClosePassengerAuto) refers to main.o(.bss.ObstacleHandler) for ObstacleHandler
    functions.o(.text.openClosePassengerAuto) refers to tasks.o(.text.vTaskPrioritySet) for vTaskPrioritySet
[...]
    ../clib/angel/handlers.s                 0x00000000   Number         0  __scatter_zi.o ABSOLUTE
    ../clib/angel/kernel.s                   0x00000000   Number         0  __rtentry.o ABSOLUTE
    ../clib/angel/kernel.s                   0x00000000   Number         0  __rtentry2.o ABSOLUTE
    ../clib/angel/kernel.s                   0x00000000   Number         0  __rtentry4.o ABSOLUTE
    ../clib/angel/kernel.s                   0x00000000   Number         0  rtexit.o ABSOLUTE
    ../clib/angel/kernel.s                   0x00000000   Number         0  rtexit2.o ABSOLUTE
    ../clib/angel/rt.s                       0x00000000   Number         0  rt_raise.o ABSOLUTE
    ../clib/angel/scatter.s                  0x00000000   Number         0  __scatter.o ABSOLUTE
    ../clib/angel/startup.s                  0x00000000   Number         0  __main.o ABSOLUTE
    ../clib/angel/sys.s                      0x00000000   Number         0  use_no_semi.o ABSOLUTE
    ../clib/angel/sys.s                      0x00000000   Number         0  indicate_semi.o ABSOLUTE
    ../clib/angel/sys.s                      0x00000000   Number         0  sys_stackheap_outer.o ABSOLUTE
    ../clib/angel/sys.s                      0x00000000   Number         0  libspace.o ABSOLUTE
    ../clib/angel/sysapp.c                   0x00000000   Number         0  sys_clock.o ABSOLUTE
    ../clib/angel/sysapp.c                   0x00000000   Number         0  sys_clock_hlt.o ABSOLUTE
    ../clib/angel/sysapp.c                   0x00000000   Number         0  sys_command.o ABSOLUTE
    ../clib/angel/sysapp.c                   0x00000000   Number         0  sys_command_hlt.o ABSOLUTE
    ../clib/angel/sysapp.c                   0x00000000   Number         0  sys_exit.o ABSOLUTE
    ../clib/angel/sysapp.c                   0x00000000   Number         0  sys_exit_hlt.o ABSOLUTE
    ../clib/angel/sysapp.c                   0x00000000   Number         0  sys_wrch.o ABSOLUTE
    ../clib/angel/sysapp.c                   0x00000000   Number         0  sys_wrch_hlt.o ABSOLUTE
    ../clib/armsys.c                         0x00000000   Number         0  argv_veneer.o ABSOLUTE
    ../clib/armsys.c                         0x00000000   Number         0  argv_veneer.o ABSOLUTE
    ../clib/armsys.c                         0x00000000   Number         0  _get_argv_nomalloc.o ABSOLUTE
    ../clib/armsys.c                         0x00000000   Number         0  no_argv.o ABSOLUTE
    ../clib/heapalloc.c                      0x00000000   Number         0  hrguard.o ABSOLUTE
    ../clib/heapaux.c                        0x00000000   Number         0  heapauxi.o ABSOLUTE
    ../clib/libinit.s                        0x00000000   Number         0  libinit2.o ABSOLUTE
    ../clib/libinit.s                        0x00000000   Number         0  libinit.o ABSOLUTE
    ../clib/libinit.s                        0x00000000   Number         0  libshutdown.o ABSOLUTE
    ../clib/libinit.s                        0x00000000   Number         0  libshutdown2.o ABSOLUTE
    ../clib/memcpset.s                       0x00000000   Number         0  rt_memcpy_v6.o ABSOLUTE
    ../clib/memcpset.s                       0x00000000   Number         0  aeabi_memset4.o ABSOLUTE
    ../clib/memcpset.s                       0x00000000   Number         0  rt_memclr.o ABSOLUTE
    ../clib/memcpset.s                       0x00000000   Number         0  rt_memcpy_w.o ABSOLUTE
    ../clib/memcpset.s                       0x00000000   Number         0  rt_memclr_w.o ABSOLUTE
    ../clib/signal.c                         0x00000000   Number         0  defsig_rtmem_outer.o ABSOLUTE
    ../clib/signal.c                         0x00000000   Number         0  defsig_rtmem_formal.o ABSOLUTE
    ../clib/signal.c                         0x00000000   Number         0  defsig_exit.o ABSOLUTE
    ../clib/signal.c                         0x00000000   Number         0  defsig_rtmem_inner.o ABSOLUTE
    ../clib/signal.c                         0x00000000   Number         0  __raise.o ABSOLUTE
    ../clib/signal.c                         0x00000000   Number         0  defsig_general.o ABSOLUTE
    ../clib/signal.c                         0x00000000   Number         0  defsig_abrt_inner.o ABSOLUTE
    ../clib/signal.c                         0x00000000   Number         0  defsig_fpe_inner.o ABSOLUTE
    ../clib/signal.c                         0x00000000   Number         0  defsig_rtred_inner.o ABSOLUTE
    ../clib/signal.c                         0x00000000   Number         0  defsig_stak_inner.o ABSOLUTE
    ../clib/signal.c                         0x00000000   Number         0  defsig_pvfn_inner.o ABSOLUTE
    ../clib/signal.c                         0x00000000   Number         0  defsig_cppl_inner.o ABSOLUTE
    ../clib/signal.c                         0x00000000   Number         0  defsig_segv_inner.o ABSOLUTE
    ../clib/signal.c                         0x00000000   Number         0  defsig_other.o ABSOLUTE
    ../clib/signal.s                         0x00000000   Number         0  defsig.o ABSOLUTE
    ../clib/stdlib.c                         0x00000000   Number         0  exit.o ABSOLUTE
    ../clib/string.c                         0x00000000   Number         0  strlen.o ABSOLUTE
    ../fplib/dfix.s                          0x00000000   Number         0  dfix.o ABSOLUTE
    ../fplib/dmul.s                          0x00000000   Number         0  dmul.o ABSOLUTE
    ../fplib/dnaninf.s                       0x00000000   Number         0  dnaninf.o ABSOLUTE
    ../fplib/dretinf.s                       0x00000000   Number         0  dretinf.o ABSOLUTE
    ../fplib/fpinit.s                        0x00000000   Number         0  fpinit.o ABSOLUTE
    ../fplib/usenofp.s                       0x00000000   Number         0  usenofp.o ABSOLUTE
    DIO.c                                    0x00000000   Number         0  dio.o ABSOLUTE
    RTE/Device/TM4C123GH6PM/startup_TM4C123.s 0x00000000   Number         0  startup_tm4c123.o ABSOLUTE
    dc.s                                     0x00000000   Number         0  dc.o ABSOLUTE
    freertos_evr.c                           0x00000000   Number         0  freertos_evr.o ABSOLUTE
    functions.c                              0x00000000   Number         0  functions.o ABSOLUTE
    heap_4.c                                 0x00000000   Number         0  heap_4.o ABSOLUTE
    list.c                                   0x00000000   Number         0  list.o ABSOLUTE
    main.c                                   0x00000000   Number         0  main.o ABSOLUTE
    motorControl.c                           0x00000000   Number         0  motorcontrol.o ABSOLUTE
    port.c                                   0x00000000   Number         0  port.o ABSOLUTE
    queue.c                                  0x00000000   Number         0  queue.o ABSOLUTE
    system_TM4C123.c                         0x00000000   Number         0  system_tm4c123.o ABSOLUTE
    tasks.c                                  0x00000000   Number         0  tasks.o ABSOLUTE
    RESET                                    0x00000000   Section      620  startup_tm4c123.o(RESET)
    !!!main                                  0x0000026c   Section        8  __main.o(!!!main)
    !!!scatter                               0x00000274   Section       52  __scatter.o(!!!scatter)
    !!handler_copy                           0x000002a8   Section       26  __scatter_copy.o(!!handler_copy)
    !!handler_zi                             0x000002c4   Section       28  __scatter_zi.o(!!handler_zi)
    .ARM.Collect$$libinit$$00000000          0x000002e0   Section        2  libinit.o(.ARM.Collect$$libinit$$00000000)
    .ARM.Collect$$libinit$$00000001          0x000002e2   Section        4  libinit2.o(.ARM.Collect$$libinit$$00000001)
    .ARM.Collect$$libinit$$00000004          0x000002e6   Section        0  libinit2.o(.ARM.Collect$$libinit$$00000004)
    .ARM.Collect$$libinit$$00000006          0x000002e6   Section        0  libinit2.o(.ARM.Collect$$libinit$$00000006)
    .ARM.Collect$$libinit$$0000000C          0x000002e6   Section        0  libinit2.o(.ARM.Collect$$libinit$$0000000C)
    .ARM.Collect$$libinit$$0000000E          0x000002e6   Section        0  libinit2.o(.ARM.Collect$$libinit$$0000000E)
    .ARM.Collect$$libinit$$00000010          0x000002e6   Section        0  libinit2.o(.ARM.Collect$$libinit$$00000010)
    .ARM.Collect$$libinit$$00000013          0x000002e6   Section        0  libinit2.o(.ARM.Collect$$libinit$$00000013)
    .ARM.Collect$$libinit$$00000015          0x000002e6   Section        0  libinit2.o(.ARM.Collect$$libinit$$00000015)
    .ARM.Collect$$libinit$$00000017          0x000002e6   Section        0  libinit2.o(.ARM.Collect$$libinit$$00000017)
    .ARM.Collect$$libinit$$00000019          0x000002e6   Section        0  libinit2.o(.ARM.Collect$$libinit$$00000019)
    .ARM.Collect$$libinit$$0000001B          0x000002e6   Section        0  libinit2.o(.ARM.Collect$$libinit$$0000001B)
    .ARM.Collect$$libinit$$0000001D          0x000002e6   Section        0  libinit2.o(.ARM.Collect$$libinit$$0000001D)
    .ARM.Collect$$libinit$$0000001F          0x000002e6   Section        0  libinit2.o(.ARM.Collect$$libinit$$0000001F)
    .ARM.Collect$$libinit$$00000021          0x000002e6   Section        0  libinit2.o(.ARM.Collect$$libinit$$00000021)
    .ARM.Collect$$libinit$$00000023          0x000002e6   Section        0  libinit2.o(.ARM.Collect$$libinit$$00000023)
    .ARM.Collect$$libinit$$00000025          0x000002e6   Section        0  libinit2.o(.ARM.Collect$$libinit$$00000025)
    .ARM.Collect$$libinit$$00000027          0x000002e6   Section        0  libinit2.o(.ARM.Collect$$libinit$$00000027)
    .ARM.Collect$$libinit$$0000002E          0x000002e6   Section        0  libinit2.o(.ARM.Collect$$libinit$$0000002E)
    .ARM.Collect$$libinit$$00000030          0x000002e6   Section        0  libinit2.o(.ARM.Collect$$libinit$$00000030)
    .ARM.Collect$$libinit$$00000032          0x000002e6   Section        0  libinit2.o(.ARM.Collect$$libinit$$00000032)
    .ARM.Collect$$libinit$$00000034          0x000002e6   Section        0  libinit2.o(.ARM.Collect$$libinit$$00000034)
    .ARM.Collect$$libinit$$00000035          0x000002e6   Section        2  libinit2.o(.ARM.Collect$$libinit$$00000035)
    .ARM.Collect$$libshutdown$$00000000      0x000002e8   Section        2  libshutdown.o(.ARM.Collect$$libshutdown$$00000000)
    .ARM.Collect$$libshutdown$$00000002      0x000002ea   Section        0  libshutdown2.o(.ARM.Collect$$libshutdown$$00000002)
    .ARM.Collect$$libshutdown$$00000004      0x000002ea   Section        0  libshutdown2.o(.ARM.Collect$$libshutdown$$00000004)
    .ARM.Collect$$libshutdown$$00000007      0x000002ea   Section        0  libshutdown2.o(.ARM.Collect$$libshutdown$$00000007)
    .ARM.Collect$$libshutdown$$0000000A      0x000002ea   Section        0  libshutdown2.o(.ARM.Collect$$libshutdown$$0000000A)
    .ARM.Collect$$libshutdown$$0000000C      0x000002ea   Section        0  libshutdown2.o(.ARM.Collect$$libshutdown$$0000000C)
    .ARM.Collect$$libshutdown$$0000000F      0x000002ea   Section        0  libshutdown2.o(.ARM.Collect$$libshutdown$$0000000F)
    .ARM.Collect$$libshutdown$$00000010      0x000002ea   Section        2  libshutdown2.o(.ARM.Collect$$libshutdown$$00000010)
    .ARM.Collect$$rtentry$$00000000          0x000002ec   Section        0  __rtentry.o(.ARM.Collect$$rtentry$$00000000)
    .ARM.Collect$$rtentry$$00000002          0x000002ec   Section        0  __rtentry2.o(.ARM.Collect$$rtentry$$00000002)
    .ARM.Collect$$rtentry$$00000004          0x000002ec   Section        6  __rtentry4.o(.ARM.Collect$$rtentry$$00000004)
    .ARM.Collect$$rtentry$$00000009          0x000002f2   Section        0  __rtentry2.o(.ARM.Collect$$rtentry$$00000009)
    .ARM.Collect$$rtentry$$0000000A          0x000002f2   Section        4  __rtentry2.o(.ARM.Collect$$rtentry$$0000000A)
    .ARM.Collect$$rtentry$$0000000C          0x000002f6   Section        0  __rtentry2.o(.ARM.Collect$$rtentry$$0000000C)
    .ARM.Collect$$rtentry$$0000000D          0x000002f6   Section        8  __rtentry2.o(.ARM.Collect$$rtentry$$0000000D)
    .ARM.Collect$$rtexit$$00000000           0x000002fe   Section        2  rtexit.o(.ARM.Collect$$rtexit$$00000000)
    .ARM.Collect$$rtexit$$00000002           0x00000300   Section        0  rtexit2.o(.ARM.Collect$$rtexit$$00000002)
    .ARM.Collect$$rtexit$$00000003           0x00000300   Section        4  rtexit2.o(.ARM.Collect$$rtexit$$00000003)
    .ARM.Collect$$rtexit$$00000004           0x00000304   Section        6  rtexit2.o(.ARM.Collect$$rtexit$$00000004)
    $v0                                      0x0000030c   Number         0  startup_tm4c123.o(.text)
    .text                                    0x0000030c   Section      276  startup_tm4c123.o(.text)
    .text                                    0x00000420   Section      138  rt_memcpy_v6.o(.text)
    .text                                    0x000004aa   Section       16  aeabi_memset4.o(.text)
    .text                                    0x000004ba   Section       68  rt_memclr.o(.text)
    .text                                    0x000004fe   Section        0  heapauxi.o(.text)
    .text                                    0x00000504   Section        2  use_no_semi.o(.text)
    .text                                    0x00000506   Section        0  indicate_semi.o(.text)
    .text                                    0x00000506   Section      100  rt_memcpy_w.o(.text)
    .text                                    0x0000056a   Section       78  rt_memclr_w.o(.text)
    .text                                    0x000005b8   Section       74  sys_stackheap_outer.o(.text)
    .text                                    0x00000602   Section        0  exit.o(.text)
    .text                                    0x00000614   Section        8  libspace.o(.text)
    .text                                    0x0000061c   Section        0  sys_exit.o(.text)
    [Anonymous Symbol]                       0x00000628   Section        0  dio.o(.text.DIO_ReadPin)
    [Anonymous Symbol]                       0x00000648   Section        0  dio.o(.text.DIO_WritePort)
    [Anonymous Symbol]                       0x00000658   Section        0  dio.o(.text.DIO_init)
    [Anonymous Symbol]                       0x000007c0   Section        0  functions.o(.text.Obstacle)
    [Anonymous Symbol]                       0x00000870   Section        0  port.o(.text.PendSV_Handler)
    pxCurrentTCBConst                        0x000008d0   Number         0  port.o(.text.PendSV_Handler)
    [Anonymous Symbol]                       0x000008e0   Section        0  port.o(.text.SVC_Handler)
    pxCurrentTCBConst2                       0x00000900   Number         0  port.o(.text.SVC_Handler)
    [Anonymous Symbol]                       0x00000904   Section        0  port.o(.text.SysTick_Handler)
    [Anonymous Symbol]                       0x00000940   Section        0  system_tm4c123.o(.text.SystemInit)
    [Anonymous Symbol]                       0x00000a4c   Section        0  functions.o(.text.control)
    [Anonymous Symbol]                       0x00000c78   Section        0  tasks.o(.text.eTaskConfirmSleepModeStatus)
    [Anonymous Symbol]                       0x00000cf8   Section        0  main.o(.text.main)
    [Anonymous Symbol]                       0x00000e84   Section        0  motorcontrol.o(.text.motorDOWN)
    [Anonymous Symbol]                       0x00000e98   Section        0  motorcontrol.o(.text.motorOFF)
    [Anonymous Symbol]                       0x00000eac   Section        0  motorcontrol.o(.text.motorUP)
    [Anonymous Symbol]                       0x00000ec0   Section        0  functions.o(.text.openCloseDriver)
    [Anonymous Symbol]                       0x00000ff4   Section        0  functions.o(.text.openCloseDriverAuto)
    [Anonymous Symbol]                       0x0000112c   Section        0  functions.o(.text.openClosePassenger)
    [Anonymous Symbol]                       0x000012f4   Section        0  functions.o(.text.openClosePassengerAuto)
    prvAddCurrentTaskToDelayedList           0x00001491   Thumb Code   290  tasks.o(.text.prvAddCurrentTaskToDelayedList)
    [Anonymous Symbol]                       0x00001490   Section        0  tasks.o(.text.prvAddCurrentTaskToDelayedList)
    prvAddNewTaskToReadyList                 0x000015b5   Thumb Code   340  tasks.o(.text.prvAddNewTaskToReadyList)
    [Anonymous Symbol]                       0x000015b4   Section        0  tasks.o(.text.prvAddNewTaskToReadyList)
    prvCheckTasksWaitingTermination          0x00001709   Thumb Code    90  tasks.o(.text.prvCheckTasksWaitingTermination)
    [Anonymous Symbol]                       0x00001708   Section        0  tasks.o(.text.prvCheckTasksWaitingTermination)
    prvCopyDataFromQueue                     0x00001765   Thumb Code    66  queue.o(.text.prvCopyDataFromQueue)
    [Anonymous Symbol]                       0x00001764   Section        0  queue.o(.text.prvCopyDataFromQueue)
    prvCopyDataToQueue                       0x000017a9   Thumb Code   204  queue.o(.text.prvCopyDataToQueue)
    [Anonymous Symbol]                       0x000017a8   Section        0  queue.o(.text.prvCopyDataToQueue)
    prvDeleteTCB                             0x00001875   Thumb Code    24  tasks.o(.text.prvDeleteTCB)
    [Anonymous Symbol]                       0x00001874   Section        0  tasks.o(.text.prvDeleteTCB)
    prvGetDisinheritPriorityAfterTimeout     0x0000188d   Thumb Code    38  queue.o(.text.prvGetDisinheritPriorityAfterTimeout)
    [Anonymous Symbol]                       0x0000188c   Section        0  queue.o(.text.prvGetDisinheritPriorityAfterTimeout)
    prvGetExpectedIdleTime                   0x000018b5   Thumb Code   124  tasks.o(.text.prvGetExpectedIdleTime)
    [Anonymous Symbol]                       0x000018b4   Section        0  tasks.o(.text.prvGetExpectedIdleTime)
    prvHeapInit                              0x00001931   Thumb Code   174  heap_4.o(.text.prvHeapInit)
    [Anonymous Symbol]                       0x00001930   Section        0  heap_4.o(.text.prvHeapInit)
    prvIdleTask                              0x000019e1   Thumb Code   154  tasks.o(.text.prvIdleTask)
    [Anonymous Symbol]                       0x000019e0   Section        0  tasks.o(.text.prvIdleTask)
    prvInitialiseNewQueue                    0x00001a7d   Thumb Code    78  queue.o(.text.prvInitialiseNewQueue)
    [Anonymous Symbol]                       0x00001a7c   Section        0  queue.o(.text.prvInitialiseNewQueue)
    prvInitialiseNewTask                     0x00001acd   Thumb Code   292  tasks.o(.text.prvInitialiseNewTask)
    [Anonymous Symbol]                       0x00001acc   Section        0  tasks.o(.text.prvInitialiseNewTask)
    prvInitialiseTaskLists                   0x00001bf1   Thumb Code   142  tasks.o(.text.prvInitialiseTaskLists)
    [Anonymous Symbol]                       0x00001bf0   Section        0  tasks.o(.text.prvInitialiseTaskLists)
    prvInsertBlockIntoFreeList               0x00001c81   Thumb Code   198  heap_4.o(.text.prvInsertBlockIntoFreeList)
    [Anonymous Symbol]                       0x00001c80   Section        0  heap_4.o(.text.prvInsertBlockIntoFreeList)
    prvIsQueueEmpty                          0x00001d49   Thumb Code    40  queue.o(.text.prvIsQueueEmpty)
    [Anonymous Symbol]                       0x00001d48   Section        0  queue.o(.text.prvIsQueueEmpty)
    prvIsQueueFull                           0x00001d71   Thumb Code    46  queue.o(.text.prvIsQueueFull)
    [Anonymous Symbol]                       0x00001d70   Section        0  queue.o(.text.prvIsQueueFull)
    prvNotifyQueueSetContainer               0x00001da1   Thumb Code   236  queue.o(.text.prvNotifyQueueSetContainer)
    [Anonymous Symbol]                       0x00001da0   Section        0  queue.o(.text.prvNotifyQueueSetContainer)
    prvPortStartFirstTask                    0x00001e8d   Thumb Code    40  port.o(.text.prvPortStartFirstTask)
    [Anonymous Symbol]                       0x00001e8c   Section        0  port.o(.text.prvPortStartFirstTask)
    prvResetNextTaskUnblockTime              0x00001eb5   Thumb Code    60  tasks.o(.text.prvResetNextTaskUnblockTime)
    [Anonymous Symbol]                       0x00001eb4   Section        0  tasks.o(.text.prvResetNextTaskUnblockTime)
    prvTaskExitError                         0x00001ef1   Thumb Code    76  port.o(.text.prvTaskExitError)
    [Anonymous Symbol]                       0x00001ef0   Section        0  port.o(.text.prvTaskExitError)
    prvUnlockQueue                           0x00001f3d   Thumb Code   204  queue.o(.text.prvUnlockQueue)
    [Anonymous Symbol]                       0x00001f3c   Section        0  queue.o(.text.prvUnlockQueue)
    [Anonymous Symbol]                       0x00002008   Section        0  heap_4.o(.text.pvPortMalloc)
    [Anonymous Symbol]                       0x000021d0   Section        0  tasks.o(.text.pvTaskIncrementMutexHeldCount)
    [Anonymous Symbol]                       0x000021fc   Section        0  port.o(.text.pxPortInitialiseStack)
    [Anonymous Symbol]                       0x0000225c   Section        0  list.o(.text.uxListRemove)
    [Anonymous Symbol]                       0x000022a4   Section        0  tasks.o(.text.uxTaskGetNumberOfTasks)
    [Anonymous Symbol]                       0x000022b0   Section        0  list.o(.text.vListInitialise)
    [Anonymous Symbol]                       0x000022e0   Section        0  list.o(.text.vListInitialiseItem)
    [Anonymous Symbol]                       0x000022f0   Section        0  list.o(.text.vListInsert)
    vPortEnableVFP                           0x0000235d   Thumb Code    20  port.o(.text.vPortEnableVFP)
    [Anonymous Symbol]                       0x0000235c   Section        0  port.o(.text.vPortEnableVFP)
    [Anonymous Symbol]                       0x00002370   Section        0  port.o(.text.vPortEnterCritical)
    [Anonymous Symbol]                       0x000023c8   Section        0  port.o(.text.vPortExitCritical)
    [Anonymous Symbol]                       0x00002414   Section        0  heap_4.o(.text.vPortFree)
    [Anonymous Symbol]                       0x000024d0   Section        0  port.o(.text.vPortSetupTimerInterrupt)
    [Anonymous Symbol]                       0x00002548   Section        0  port.o(.text.vPortSuppressTicksAndSleep)
    [Anonymous Symbol]                       0x00002768   Section        0  tasks.o(.text.vTaskInternalSetTimeOutState)
    [Anonymous Symbol]                       0x0000278c   Section        0  tasks.o(.text.vTaskMissedYield)
    [Anonymous Symbol]                       0x0000279c   Section        0  tasks.o(.text.vTaskPlaceOnEventList)
    [Anonymous Symbol]                       0x000027e0   Section        0  tasks.o(.text.vTaskPriorityDisinheritAfterTimeout)
    [Anonymous Symbol]                       0x00002964   Section        0  tasks.o(.text.vTaskPrioritySet)
    [Anonymous Symbol]                       0x00002b48   Section        0  tasks.o(.text.vTaskStartScheduler)
    [Anonymous Symbol]                       0x00002bec   Section        0  tasks.o(.text.vTaskStepTick)
    [Anonymous Symbol]                       0x00002cb8   Section        0  tasks.o(.text.vTaskSuspendAll)
    __tagsym$$used.0                         0x00002cc8   Number         0  tasks.o(.text.vTaskSwitchContext)
    [Anonymous Symbol]                       0x00002cc8   Section        0  tasks.o(.text.vTaskSwitchContext)
    [Anonymous Symbol]                       0x00002d88   Section        0  port.o(.text.xPortStartScheduler)
    [Anonymous Symbol]                       0x00002f04   Section        0  queue.o(.text.xQueueGenericCreate)
    [Anonymous Symbol]                       0x00002fa0   Section        0  queue.o(.text.xQueueGenericReset)
    [Anonymous Symbol]                       0x000030a8   Section        0  queue.o(.text.xQueueGenericSend)
    [Anonymous Symbol]                       0x0000331c   Section        0  queue.o(.text.xQueueReceive)
    [Anonymous Symbol]                       0x000034f8   Section        0  queue.o(.text.xQueueSemaphoreTake)
    [Anonymous Symbol]                       0x00003708   Section        0  tasks.o(.text.xTaskCheckForTimeOut)
    [Anonymous Symbol]                       0x00003804   Section        0  tasks.o(.text.xTaskCreate)
    [Anonymous Symbol]                       0x000038a4   Section        0  tasks.o(.text.xTaskGetSchedulerState)
    [Anonymous Symbol]                       0x000038dc   Section        0  tasks.o(.text.xTaskIncrementTick)
    [Anonymous Symbol]                       0x00003b3c   Section        0  tasks.o(.text.xTaskPriorityDisinherit)
    [Anonymous Symbol]                       0x00003c74   Section        0  tasks.o(.text.xTaskPriorityInherit)
    [Anonymous Symbol]                       0x00003dd0   Section        0  tasks.o(.text.xTaskRemoveFromEventList)
    [Anonymous Symbol]                       0x00003f64   Section        0  tasks.o(.text.xTaskResumeAll)
    $v0                                      0x00004186   Number         0  fpinit.o(x$fpl$fpinit)
    x$fpl$fpinit                             0x00004186   Section       26  fpinit.o(x$fpl$fpinit)
    .L.str.3                                 0x000041a0   Data           9  main.o(.rodata.str1.1)
    [Anonymous Symbol]                       0x000041a0   Section        0  main.o(.rodata.str1.1)
    .L.str.5                                 0x000041a9   Data           8  main.o(.rodata.str1.1)
    .L.str.4                                 0x000041b1   Data          23  main.o(.rodata.str1.1)
    .L.str.1                                 0x000041c8   Data          20  main.o(.rodata.str1.1)
    .L.str.2                                 0x000041dc   Data          19  main.o(.rodata.str1.1)
    .L.str                                   0x000041ef   Data          16  main.o(.rodata.str1.1)
    .L.str                                   0x000041ff   Data           5  tasks.o(.rodata.str1.1)
    [Anonymous Symbol]                       0x000041ff   Section        0  tasks.o(.rodata.str1.1)
    uxCriticalNesting                        0x20000004   Data           4  port.o(.data.uxCriticalNesting)
    [Anonymous Symbol]                       0x20000004   Section        0  port.o(.data.uxCriticalNesting)
    .bss                                     0x20000008   Section       96  libspace.o(.bss)
    __tagsym$$used.1                         0x20000080   Number         0  tasks.o(.bss.pxCurrentTCB)
    pxDelayedTaskList                        0x20000084   Data           4  tasks.o(.bss.pxDelayedTaskList)
    [Anonymous Symbol]                       0x20000084   Section        0  tasks.o(.bss.pxDelayedTaskList)
    pxEnd                                    0x20000088   Data           4  heap_4.o(.bss.pxEnd)
    [Anonymous Symbol]                       0x20000088   Section        0  heap_4.o(.bss.pxEnd)
    pxOverflowDelayedTaskList                0x2000008c   Data           4  tasks.o(.bss.pxOverflowDelayedTaskList)
    [Anonymous Symbol]                       0x2000008c   Section        0  tasks.o(.bss.pxOverflowDelayedTaskList)
    pxReadyTasksLists                        0x20000090   Data         100  tasks.o(.bss.pxReadyTasksLists)
    [Anonymous Symbol]                       0x20000090   Section        0  tasks.o(.bss.pxReadyTasksLists)
    ucHeap                                   0x200000f4   Data        8192  heap_4.o(.bss.ucHeap)
    [Anonymous Symbol]                       0x200000f4   Section        0  heap_4.o(.bss.ucHeap)
    ucMaxSysCallPriority                     0x200020f4   Data           1  port.o(.bss.ucMaxSysCallPriority)
    [Anonymous Symbol]                       0x200020f4   Section        0  port.o(.bss.ucMaxSysCallPriority)
    ulMaxPRIGROUPValue                       0x200020f8   Data           4  port.o(.bss.ulMaxPRIGROUPValue)
    [Anonymous Symbol]                       0x200020f8   Section        0  port.o(.bss.ulMaxPRIGROUPValue)
    ulStoppedTimerCompensation               0x200020fc   Data           4  port.o(.bss.ulStoppedTimerCompensation)
    [Anonymous Symbol]                       0x200020fc   Section        0  port.o(.bss.ulStoppedTimerCompensation)
    ulTimerCountsForOneTick                  0x20002100   Data           4  port.o(.bss.ulTimerCountsForOneTick)
    [Anonymous Symbol]                       0x20002100   Section        0  port.o(.bss.ulTimerCountsForOneTick)
    uxCurrentNumberOfTasks                   0x20002104   Data           4  tasks.o(.bss.uxCurrentNumberOfTasks)
    [Anonymous Symbol]                       0x20002104   Section        0  tasks.o(.bss.uxCurrentNumberOfTasks)
    uxDeletedTasksWaitingCleanUp             0x20002108   Data           4  tasks.o(.bss.uxDeletedTasksWaitingCleanUp)
    [Anonymous Symbol]                       0x20002108   Section        0  tasks.o(.bss.uxDeletedTasksWaitingCleanUp)
    uxSchedulerSuspended                     0x2000210c   Data           4  tasks.o(.bss.uxSchedulerSuspended)
    [Anonymous Symbol]                       0x2000210c   Section        0  tasks.o(.bss.uxSchedulerSuspended)
    uxTaskNumber                             0x20002110   Data           4  tasks.o(.bss.uxTaskNumber)
    [Anonymous Symbol]                       0x20002110   Section        0  tasks.o(.bss.uxTaskNumber)
    uxTopReadyPriority                       0x20002114   Data           4  tasks.o(.bss.uxTopReadyPriority)
    [Anonymous Symbol]                       0x20002114   Section        0  tasks.o(.bss.uxTopReadyPriority)
    xDelayedTaskList1                        0x2000212c   Data          20  tasks.o(.bss.xDelayedTaskList1)
    [Anonymous Symbol]                       0x2000212c   Section        0  tasks.o(.bss.xDelayedTaskList1)
    xDelayedTaskList2                        0x20002140   Data          20  tasks.o(.bss.xDelayedTaskList2)
    [Anonymous Symbol]                       0x20002140   Section        0  tasks.o(.bss.xDelayedTaskList2)
    xFreeBytesRemaining                      0x20002154   Data           4  heap_4.o(.bss.xFreeBytesRemaining)
    [Anonymous Symbol]                       0x20002154   Section        0  heap_4.o(.bss.xFreeBytesRemaining)
    xIdleTaskHandle                          0x20002158   Data           4  tasks.o(.bss.xIdleTaskHandle)
    [Anonymous Symbol]                       0x20002158   Section        0  tasks.o(.bss.xIdleTaskHandle)
    xMaximumPossibleSuppressedTicks          0x2000215c   Data           4  port.o(.bss.xMaximumPossibleSuppressedTicks)
    [Anonymous Symbol]                       0x2000215c   Section        0  port.o(.bss.xMaximumPossibleSuppressedTicks)
    xMinimumEverFreeBytesRemaining           0x20002160   Data           4  heap_4.o(.bss.xMinimumEverFreeBytesRemaining)
    [Anonymous Symbol]                       0x20002160   Section        0  heap_4.o(.bss.xMinimumEverFreeBytesRemaining)
    xNextTaskUnblockTime                     0x20002164   Data           4  tasks.o(.bss.xNextTaskUnblockTime)
    [Anonymous Symbol]                       0x20002164   Section        0  tasks.o(.bss.xNextTaskUnblockTime)
    xNumOfOverflows                          0x20002168   Data           4  tasks.o(.bss.xNumOfOverflows)
    [Anonymous Symbol]                       0x20002168   Section        0  tasks.o(.bss.xNumOfOverflows)
    xNumberOfSuccessfulAllocations           0x2000216c   Data           4  heap_4.o(.bss.xNumberOfSuccessfulAllocations)
    [Anonymous Symbol]                       0x2000216c   Section        0  heap_4.o(.bss.xNumberOfSuccessfulAllocations)
    xNumberOfSuccessfulFrees                 0x20002170   Data           4  heap_4.o(.bss.xNumberOfSuccessfulFrees)
    [Anonymous Symbol]                       0x20002170   Section        0  heap_4.o(.bss.xNumberOfSuccessfulFrees)
    xPendedTicks                             0x20002174   Data           4  tasks.o(.bss.xPendedTicks)
    [Anonymous Symbol]                       0x20002174   Section        0  tasks.o(.bss.xPendedTicks)
    xPendingReadyList                        0x20002178   Data          20  tasks.o(.bss.xPendingReadyList)
    [Anonymous Symbol]                       0x20002178   Section        0  tasks.o(.bss.xPendingReadyList)
    xSchedulerRunning                        0x20002190   Data           4  tasks.o(.bss.xSchedulerRunning)
    [Anonymous Symbol]                       0x20002190   Section        0  tasks.o(.bss.xSchedulerRunning)
    xStart                                   0x20002194   Data           8  heap_4.o(.bss.xStart)
    [Anonymous Symbol]                       0x20002194   Section        0  heap_4.o(.bss.xStart)
    xSuspendedTaskList                       0x2000219c   Data          20  tasks.o(.bss.xSuspendedTaskList)
    [Anonymous Symbol]                       0x2000219c   Section        0  tasks.o(.bss.xSuspendedTaskList)
    xTasksWaitingTermination                 0x200021b0   Data          20  tasks.o(.bss.xTasksWaitingTermination)
    [Anonymous Symbol]                       0x200021b0   Section        0  tasks.o(.bss.xTasksWaitingTermination)
    xTickCount                               0x200021c4   Data           4  tasks.o(.bss.xTickCount)
    [Anonymous Symbol]                       0x200021c4   Section        0  tasks.o(.bss.xTickCount)
    xYieldPending                            0x200021c8   Data           4  tasks.o(.bss.xYieldPending)
    [Anonymous Symbol]                       0x200021c8   Section        0  tasks.o(.bss.xYieldPending)
    Heap_Mem                                 0x200021d0   Data           0  startup_tm4c123.o(HEAP)
    Stack_Mem                                0x200021d0   Data         512  startup_tm4c123.o(STACK)
    HEAP                                     0x200021d0   Section        0  startup_tm4c123.o(HEAP)
    STACK                                    0x200021d0   Section      512  startup_tm4c123.o(STACK)
    __initial_sp                             0x200023d0   Data           0  startup_tm4c123.o(STACK)

    Global Symbols

    Symbol Name                              Value     Ov Type        Size  Object(Section)

    BuildAttributes$$THM_ISAv4$E$P$D$K$B$S$7EM$VFPi3$EXTD16$VFPS$VFMA$PE$A:L22UL41UL21$X:L11$S22US41US21$IEEE1$IW$~IW$USESV6$~STKCKD$USESV7$~SHL$OSPACE$ROPI$EBA8$UX$STANDARDLIB$REQ8$PRES8$EABIv2 0x00000000   Number         0  anon$$obj.o ABSOLUTE
    __Vectors                                0x00000000   Data           4  startup_tm4c123.o(RESET)
    __ARM_exceptions_init                     - Undefined Weak Reference
    __alloca_initialize                       - Undefined Weak Reference
    __arm_preinit_                            - Undefined Weak Reference
    __arm_relocate_pie_                       - Undefined Weak Reference
    __cpp_initialize__aeabi_                  - Undefined Weak Reference
    __cxa_finalize                            - Undefined Weak Reference
    __rt_locale                               - Undefined Weak Reference
    __sigvec_lookup                           - Undefined Weak Reference
    _atexit_init                              - Undefined Weak Reference
    _call_atexit_fns                          - Undefined Weak Reference
    _fp_trap_init                             - Undefined Weak Reference
    _fp_trap_shutdown                         - Undefined Weak Reference
    _get_lc_collate                           - Undefined Weak Reference
    _get_lc_ctype                             - Undefined Weak Reference
    _get_lc_monetary                          - Undefined Weak Reference
    _get_lc_numeric                           - Undefined Weak Reference
    _get_lc_time                              - Undefined Weak Reference
    _getenv_init                              - Undefined Weak Reference
    _handle_redirection                       - Undefined Weak Reference
    _init_alloc                               - Undefined Weak Reference
    _init_user_alloc                          - Undefined Weak Reference
    _initio                                   - Undefined Weak Reference
    _rand_init                                - Undefined Weak Reference
    _signal_finish                            - Undefined Weak Reference
    _signal_init                              - Undefined Weak Reference
    _terminate_alloc                          - Undefined Weak Reference
    _terminate_user_alloc                     - Undefined Weak Reference
    _terminateio                              - Undefined Weak Reference
    __Vectors_End                            0x0000026c   Data           0  startup_tm4c123.o(RESET)
    __Vectors_Size                           0x0000026c   Number         0  startup_tm4c123.o ABSOLUTE
    __main                                   0x0000026d   Thumb Code     8  __main.o(!!!main)
    __scatterload                            0x00000275   Thumb Code     0  __scatter.o(!!!scatter)
    __scatterload_rt2                        0x00000275   Thumb Code    44  __scatter.o(!!!scatter)
    __scatterload_rt2_thumb_only             0x00000275   Thumb Code     0  __scatter.o(!!!scatter)
    __scatterload_null                       0x00000283   Thumb Code     0  __scatter.o(!!!scatter)
    __scatterload_copy                       0x000002a9   Thumb Code    26  __scatter_copy.o(!!handler_copy)
    __scatterload_zeroinit                   0x000002c5   Thumb Code    28  __scatter_zi.o(!!handler_zi)
    __rt_lib_init                            0x000002e1   Thumb Code     0  libinit.o(.ARM.Collect$$libinit$$00000000)
    __rt_lib_init_fp_1                       0x000002e3   Thumb Code     0  libinit2.o(.ARM.Collect$$libinit$$00000001)
    __rt_lib_init_alloca_1                   0x000002e7   Thumb Code     0  libinit2.o(.ARM.Collect$$libinit$$00000030)
    __rt_lib_init_argv_1                     0x000002e7   Thumb Code     0  libinit2.o(.ARM.Collect$$libinit$$0000002E)
    __rt_lib_init_atexit_1                   0x000002e7   Thumb Code     0  libinit2.o(.ARM.Collect$$libinit$$0000001D)
    __rt_lib_init_clock_1                    0x000002e7   Thumb Code     0  libinit2.o(.ARM.Collect$$libinit$$00000023)
    __rt_lib_init_cpp_1                      0x000002e7   Thumb Code     0  libinit2.o(.ARM.Collect$$libinit$$00000034)
    __rt_lib_init_exceptions_1               0x000002e7   Thumb Code     0  libinit2.o(.ARM.Collect$$libinit$$00000032)
    __rt_lib_init_fp_trap_1                  0x000002e7   Thumb Code     0  libinit2.o(.ARM.Collect$$libinit$$00000021)
    __rt_lib_init_getenv_1                   0x000002e7   Thumb Code     0  libinit2.o(.ARM.Collect$$libinit$$00000025)
    __rt_lib_init_heap_1                     0x000002e7   Thumb Code     0  libinit2.o(.ARM.Collect$$libinit$$0000000C)
    __rt_lib_init_lc_collate_1               0x000002e7   Thumb Code     0  libinit2.o(.ARM.Collect$$libinit$$00000013)
    __rt_lib_init_lc_ctype_1                 0x000002e7   Thumb Code     0  libinit2.o(.ARM.Collect$$libinit$$00000015)
    __rt_lib_init_lc_monetary_1              0x000002e7   Thumb Code     0  libinit2.o(.ARM.Collect$$libinit$$00000017)
    __rt_lib_init_lc_numeric_1               0x000002e7   Thumb Code     0  libinit2.o(.ARM.Collect$$libinit$$00000019)
    __rt_lib_init_lc_time_1                  0x000002e7   Thumb Code     0  libinit2.o(.ARM.Collect$$libinit$$0000001B)
    __rt_lib_init_preinit_1                  0x000002e7   Thumb Code     0  libinit2.o(.ARM.Collect$$libinit$$00000006)
    __rt_lib_init_rand_1                     0x000002e7   Thumb Code     0  libinit2.o(.ARM.Collect$$libinit$$00000010)
    __rt_lib_init_relocate_pie_1             0x000002e7   Thumb Code     0  libinit2.o(.ARM.Collect$$libinit$$00000004)
    __rt_lib_init_return                     0x000002e7   Thumb Code     0  libinit2.o(.ARM.Collect$$libinit$$00000035)
    __rt_lib_init_signal_1                   0x000002e7   Thumb Code     0  libinit2.o(.ARM.Collect$$libinit$$0000001F)
    __rt_lib_init_stdio_1                    0x000002e7   Thumb Code     0  libinit2.o(.ARM.Collect$$libinit$$00000027)
    __rt_lib_init_user_alloc_1               0x000002e7   Thumb Code     0  libinit2.o(.ARM.Collect$$libinit$$0000000E)
    __rt_lib_shutdown                        0x000002e9   Thumb Code     0  libshutdown.o(.ARM.Collect$$libshutdown$$00000000)
    __rt_lib_shutdown_cpp_1                  0x000002eb   Thumb Code     0  libshutdown2.o(.ARM.Collect$$libshutdown$$00000002)
    __rt_lib_shutdown_fp_trap_1              0x000002eb   Thumb Code     0  libshutdown2.o(.ARM.Collect$$libshutdown$$00000007)
    __rt_lib_shutdown_heap_1                 0x000002eb   Thumb Code     0  libshutdown2.o(.ARM.Collect$$libshutdown$$0000000F)
    __rt_lib_shutdown_return                 0x000002eb   Thumb Code     0  libshutdown2.o(.ARM.Collect$$libshutdown$$00000010)
    __rt_lib_shutdown_signal_1               0x000002eb   Thumb Code     0  libshutdown2.o(.ARM.Collect$$libshutdown$$0000000A)
    __rt_lib_shutdown_stdio_1                0x000002eb   Thumb Code     0  libshutdown2.o(.ARM.Collect$$libshutdown$$00000004)
    __rt_lib_shutdown_user_alloc_1           0x000002eb   Thumb Code     0  libshutdown2.o(.ARM.Collect$$libshutdown$$0000000C)
    __rt_entry                               0x000002ed   Thumb Code     0  __rtentry.o(.ARM.Collect$$rtentry$$00000000)
    __rt_entry_presh_1                       0x000002ed   Thumb Code     0  __rtentry2.o(.ARM.Collect$$rtentry$$00000002)
    __rt_entry_sh                            0x000002ed   Thumb Code     0  __rtentry4.o(.ARM.Collect$$rtentry$$00000004)
    __rt_entry_li                            0x000002f3   Thumb Code     0  __rtentry2.o(.ARM.Collect$$rtentry$$0000000A)
    __rt_entry_postsh_1                      0x000002f3   Thumb Code     0  __rtentry2.o(.ARM.Collect$$rtentry$$00000009)
    __rt_entry_main                          0x000002f7   Thumb Code     0  __rtentry2.o(.ARM.Collect$$rtentry$$0000000D)
    __rt_entry_postli_1                      0x000002f7   Thumb Code     0  __rtentry2.o(.ARM.Collect$$rtentry$$0000000C)
    __rt_exit                                0x000002ff   Thumb Code     0  rtexit.o(.ARM.Collect$$rtexit$$00000000)
    __rt_exit_ls                             0x00000301   Thumb Code     0  rtexit2.o(.ARM.Collect$$rtexit$$00000003)
    __rt_exit_prels_1                        0x00000301   Thumb Code     0  rtexit2.o(.ARM.Collect$$rtexit$$00000002)
    __rt_exit_exit                           0x00000305   Thumb Code     0  rtexit2.o(.ARM.Collect$$rtexit$$00000004)
    Reset_Handler                            0x0000030d   Thumb Code     8  startup_tm4c123.o(.text)
    NMI_Handler                              0x00000315   Thumb Code     2  startup_tm4c123.o(.text)
    HardFault_Handler                        0x00000317   Thumb Code     2  startup_tm4c123.o(.text)
    MemManage_Handler                        0x00000319   Thumb Code     2  startup_tm4c123.o(.text)
    BusFault_Handler                         0x0000031b   Thumb Code     2  startup_tm4c123.o(.text)
    UsageFault_Handler                       0x0000031d   Thumb Code     2  startup_tm4c123.o(.text)
    DebugMon_Handler                         0x00000321   Thumb Code     2  startup_tm4c123.o(.text)
    GPIOA_Handler                            0x00000327   Thumb Code     2  startup_tm4c123.o(.text)
    GPIOB_Handler                            0x00000329   Thumb Code     2  startup_tm4c123.o(.text)
    GPIOC_Handler                            0x0000032b   Thumb Code     2  startup_tm4c123.o(.text)
    GPIOD_Handler                            0x0000032d   Thumb Code     2  startup_tm4c123.o(.text)
    GPIOE_Handler                            0x0000032f   Thumb Code     2  startup_tm4c123.o(.text)
    UART0_Handler                            0x00000331   Thumb Code     2  startup_tm4c123.o(.text)
    UART1_Handler                            0x00000333   Thumb Code     2  startup_tm4c123.o(.text)
    SSI0_Handler                             0x00000335   Thumb Code     2  startup_tm4c123.o(.text)
    I2C0_Handler                             0x00000337   Thumb Code     2  startup_tm4c123.o(.text)
    PMW0_FAULT_Handler                       0x00000339   Thumb Code     2  startup_tm4c123.o(.text)
    PWM0_0_Handler                           0x0000033b   Thumb Code     2  startup_tm4c123.o(.text)
    PWM0_1_Handler                           0x0000033d   Thumb Code     2  startup_tm4c123.o(.text)
    PWM0_2_Handler                           0x0000033f   Thumb Code     2  startup_tm4c123.o(.text)
    QEI0_Handler                             0x00000341   Thumb Code     2  startup_tm4c123.o(.text)
    ADC0SS0_Handler                          0x00000343   Thumb Code     2  startup_tm4c123.o(.text)
    ADC0SS1_Handler                          0x00000345   Thumb Code     2  startup_tm4c123.o(.text)
    ADC0SS2_Handler                          0x00000347   Thumb Code     2  startup_tm4c123.o(.text)
    ADC0SS3_Handler                          0x00000349   Thumb Code     2  startup_tm4c123.o(.text)
    WDT0_Handler                             0x0000034b   Thumb Code     2  startup_tm4c123.o(.text)
    TIMER0A_Handler                          0x0000034d   Thumb Code     2  startup_tm4c123.o(.text)
    TIMER0B_Handler                          0x0000034f   Thumb Code     2  startup_tm4c123.o(.text)
    TIMER1A_Handler                          0x00000351   Thumb Code     2  startup_tm4c123.o(.text)
    TIMER1B_Handler                          0x00000353   Thumb Code     2  startup_tm4c123.o(.text)
    TIMER2A_Handler                          0x00000355   Thumb Code     2  startup_tm4c123.o(.text)
    TIMER2B_Handler                          0x00000357   Thumb Code     2  startup_tm4c123.o(.text)
    COMP0_Handler                            0x00000359   Thumb Code     2  startup_tm4c123.o(.text)
    COMP1_Handler                            0x0000035b   Thumb Code     2  startup_tm4c123.o(.text)
    COMP2_Handler                            0x0000035d   Thumb Code     2  startup_tm4c123.o(.text)
    SYSCTL_Handler                           0x0000035f   Thumb Code     2  startup_tm4c123.o(.text)
    FLASH_Handler                            0x00000361   Thumb Code     2  startup_tm4c123.o(.text)
    GPIOF_Handler                            0x00000363   Thumb Code     2  startup_tm4c123.o(.text)
    GPIOG_Handler                            0x00000365   Thumb Code     2  startup_tm4c123.o(.text)
    GPIOH_Handler                            0x00000367   Thumb Code     2  startup_tm4c123.o(.text)
    UART2_Handler                            0x00000369   Thumb Code     2  startup_tm4c123.o(.text)
    SSI1_Handler                             0x0000036b   Thumb Code     2  startup_tm4c123.o(.text)
    TIMER3A_Handler                          0x0000036d   Thumb Code     2  startup_tm4c123.o(.text)
    TIMER3B_Handler                          0x0000036f   Thumb Code     2  startup_tm4c123.o(.text)
    I2C1_Handler                             0x00000371   Thumb Code     2  startup_tm4c123.o(.text)
    QEI1_Handler                             0x00000373   Thumb Code     2  startup_tm4c123.o(.text)
    CAN0_Handler                             0x00000375   Thumb Code     2  startup_tm4c123.o(.text)
    CAN1_Handler                             0x00000377   Thumb Code     2  startup_tm4c123.o(.text)
    CAN2_Handler                             0x00000379   Thumb Code     2  startup_tm4c123.o(.text)
    HIB_Handler                              0x0000037b   Thumb Code     2  startup_tm4c123.o(.text)
    USB0_Handler                             0x0000037d   Thumb Code     2  startup_tm4c123.o(.text)
    PWM0_3_Handler                           0x0000037f   Thumb Code     2  startup_tm4c123.o(.text)
    UDMA_Handler                             0x00000381   Thumb Code     2  startup_tm4c123.o(.text)
    UDMAERR_Handler                          0x00000383   Thumb Code     2  startup_tm4c123.o(.text)
    ADC1SS0_Handler                          0x00000385   Thumb Code     2  startup_tm4c123.o(.text)
    ADC1SS1_Handler                          0x00000387   Thumb Code     2  startup_tm4c123.o(.text)
    ADC1SS2_Handler                          0x00000389   Thumb Code     2  startup_tm4c123.o(.text)
    ADC1SS3_Handler                          0x0000038b   Thumb Code     2  startup_tm4c123.o(.text)
    GPIOJ_Handler                            0x0000038d   Thumb Code     2  startup_tm4c123.o(.text)
    GPIOK_Handler                            0x0000038f   Thumb Code     2  startup_tm4c123.o(.text)
    GPIOL_Handler                            0x00000391   Thumb Code     2  startup_tm4c123.o(.text)
    SSI2_Handler                             0x00000393   Thumb Code     2  startup_tm4c123.o(.text)
    SSI3_Handler                             0x00000395   Thumb Code     2  startup_tm4c123.o(.text)
    UART3_Handler                            0x00000397   Thumb Code     2  startup_tm4c123.o(.text)
    UART4_Handler                            0x00000399   Thumb Code     2  startup_tm4c123.o(.text)
    UART5_Handler                            0x0000039b   Thumb Code     2  startup_tm4c123.o(.text)
    UART6_Handler                            0x0000039d   Thumb Code     2  startup_tm4c123.o(.text)
    UART7_Handler                            0x0000039f   Thumb Code     2  startup_tm4c123.o(.text)
    I2C2_Handler                             0x000003a1   Thumb Code     2  startup_tm4c123.o(.text)
    I2C3_Handler                             0x000003a3   Thumb Code     2  startup_tm4c123.o(.text)
    TIMER4A_Handler                          0x000003a5   Thumb Code     2  startup_tm4c123.o(.text)
    TIMER4B_Handler                          0x000003a7   Thumb Code     2  startup_tm4c123.o(.text)
    TIMER5A_Handler                          0x000003a9   Thumb Code     2  startup_tm4c123.o(.text)
    TIMER5B_Handler                          0x000003ab   Thumb Code     2  startup_tm4c123.o(.text)
    WTIMER0A_Handler                         0x000003ad   Thumb Code     2  startup_tm4c123.o(.text)
    WTIMER0B_Handler                         0x000003af   Thumb Code     2  startup_tm4c123.o(.text)
    WTIMER1A_Handler                         0x000003b1   Thumb Code     2  startup_tm4c123.o(.text)
    WTIMER1B_Handler                         0x000003b3   Thumb Code     2  startup_tm4c123.o(.text)
    WTIMER2A_Handler                         0x000003b5   Thumb Code     2  startup_tm4c123.o(.text)
    WTIMER2B_Handler                         0x000003b7   Thumb Code     2  startup_tm4c123.o(.text)
    WTIMER3A_Handler                         0x000003b9   Thumb Code     2  startup_tm4c123.o(.text)
    WTIMER3B_Handler                         0x000003bb   Thumb Code     2  startup_tm4c123.o(.text)
    WTIMER4A_Handler                         0x000003bd   Thumb Code     2  startup_tm4c123.o(.text)
    WTIMER4B_Handler                         0x000003bf   Thumb Code     2  startup_tm4c123.o(.text)
    WTIMER5A_Handler                         0x000003c1   Thumb Code     2  startup_tm4c123.o(.text)
    WTIMER5B_Handler                         0x000003c3   Thumb Code     2  startup_tm4c123.o(.text)
    FPU_Handler                              0x000003c5   Thumb Code     2  startup_tm4c123.o(.text)
    I2C4_Handler                             0x000003c7   Thumb Code     2  startup_tm4c123.o(.text)
    I2C5_Handler                             0x000003c9   Thumb Code     2  startup_tm4c123.o(.text)
    GPIOM_Handler                            0x000003cb   Thumb Code     2  startup_tm4c123.o(.text)
    GPION_Handler                            0x000003cd   Thumb Code     2  startup_tm4c123.o(.text)
    QEI2_Handler                             0x000003cf   Thumb Code     2  startup_tm4c123.o(.text)
    GPIOP0_Handler                           0x000003d1   Thumb Code     2  startup_tm4c123.o(.text)
    GPIOP1_Handler                           0x000003d3   Thumb Code     2  startup_tm4c123.o(.text)
    GPIOP2_Handler                           0x000003d5   Thumb Code     2  startup_tm4c123.o(.text)
    GPIOP3_Handler                           0x000003d7   Thumb Code     2  startup_tm4c123.o(.text)
    GPIOP4_Handler                           0x000003d9   Thumb Code     2  startup_tm4c123.o(.text)
    GPIOP5_Handler                           0x000003db   Thumb Code     2  startup_tm4c123.o(.text)
    GPIOP6_Handler                           0x000003dd   Thumb Code     2  startup_tm4c123.o(.text)
    GPIOP7_Handler                           0x000003df   Thumb Code     2  startup_tm4c123.o(.text)
    GPIOQ0_Handler                           0x000003e1   Thumb Code     2  startup_tm4c123.o(.text)
    GPIOQ1_Handler                           0x000003e3   Thumb Code     2  startup_tm4c123.o(.text)
    GPIOQ2_Handler                           0x000003e5   Thumb Code     2  startup_tm4c123.o(.text)
    GPIOQ3_Handler                           0x000003e7   Thumb Code     2  startup_tm4c123.o(.text)
    GPIOQ4_Handler                           0x000003e9   Thumb Code     2  startup_tm4c123.o(.text)
    GPIOQ5_Handler                           0x000003eb   Thumb Code     2  startup_tm4c123.o(.text)
    GPIOQ6_Handler                           0x000003ed   Thumb Code     2  startup_tm4c123.o(.text)
    GPIOQ7_Handler                           0x000003ef   Thumb Code     2  startup_tm4c123.o(.text)
    GPIOR_Handler                            0x000003f1   Thumb Code     2  startup_tm4c123.o(.text)
    GPIOS_Handler                            0x000003f3   Thumb Code     2  startup_tm4c123.o(.text)
    PMW1_0_Handler                           0x000003f5   Thumb Code     2  startup_tm4c123.o(.text)
    PWM1_1_Handler                           0x000003f7   Thumb Code     2  startup_tm4c123.o(.text)
    PWM1_2_Handler                           0x000003f9   Thumb Code     2  startup_tm4c123.o(.text)
    PWM1_3_Handler                           0x000003fb   Thumb Code     2  startup_tm4c123.o(.text)
    PWM1_FAULT_Handler                       0x000003fd   Thumb Code     2  startup_tm4c123.o(.text)
    __user_initial_stackheap                 0x00000401   Thumb Code     0  startup_tm4c123.o(.text)
    __aeabi_memcpy                           0x00000421   Thumb Code     0  rt_memcpy_v6.o(.text)
    __rt_memcpy                              0x00000421   Thumb Code   138  rt_memcpy_v6.o(.text)
    _memcpy_lastbytes                        0x00000487   Thumb Code     0  rt_memcpy_v6.o(.text)
    __aeabi_memset4                          0x000004ab   Thumb Code    16  aeabi_memset4.o(.text)
    __aeabi_memset8                          0x000004ab   Thumb Code     0  aeabi_memset4.o(.text)
    __aeabi_memclr                           0x000004bb   Thumb Code     0  rt_memclr.o(.text)
    __rt_memclr                              0x000004bb   Thumb Code     0  rt_memclr.o(.text)
    _memset                                  0x000004bf   Thumb Code    64  rt_memclr.o(.text)
    __use_two_region_memory                  0x000004ff   Thumb Code     2  heapauxi.o(.text)
    __rt_heap_escrow$2region                 0x00000501   Thumb Code     2  heapauxi.o(.text)
    __rt_heap_expand$2region                 0x00000503   Thumb Code     2  heapauxi.o(.text)
    __I$use$semihosting                      0x00000505   Thumb Code     0  use_no_semi.o(.text)
    __use_no_semihosting_swi                 0x00000505   Thumb Code     2  use_no_semi.o(.text)
    __aeabi_memcpy4                          0x00000507   Thumb Code     0  rt_memcpy_w.o(.text)
    __aeabi_memcpy8                          0x00000507   Thumb Code     0  rt_memcpy_w.o(.text)
    __rt_memcpy_w                            0x00000507   Thumb Code   100  rt_memcpy_w.o(.text)
    __semihosting_library_function           0x00000507   Thumb Code     0  indicate_semi.o(.text)
    _memcpy_lastbytes_aligned                0x0000054f   Thumb Code     0  rt_memcpy_w.o(.text)
    __aeabi_memclr4                          0x0000056b   Thumb Code     0  rt_memclr_w.o(.text)
    __aeabi_memclr8                          0x0000056b   Thumb Code     0  rt_memclr_w.o(.text)
    __rt_memclr_w                            0x0000056b   Thumb Code     0  rt_memclr_w.o(.text)
    _memset_w                                0x0000056f   Thumb Code    74  rt_memclr_w.o(.text)
    __user_setup_stackheap                   0x000005b9   Thumb Code    74  sys_stackheap_outer.o(.text)
    exit                                     0x00000603   Thumb Code    18  exit.o(.text)
    __user_libspace                          0x00000615   Thumb Code     8  libspace.o(.text)
    __user_perproc_libspace                  0x00000615   Thumb Code     0  libspace.o(.text)
    __user_perthread_libspace                0x00000615   Thumb Code     0  libspace.o(.text)
    _sys_exit                                0x0000061d   Thumb Code     8  sys_exit.o(.text)
    DIO_ReadPin                              0x00000629   Thumb Code    30  dio.o(.text.DIO_ReadPin)
    DIO_WritePort                            0x00000649   Thumb Code    16  dio.o(.text.DIO_WritePort)
    DIO_init                                 0x00000659   Thumb Code   360  dio.o(.text.DIO_init)
    Obstacle                                 0x000007c1   Thumb Code   164  functions.o(.text.Obstacle)
    PendSV_Handler                           0x00000871   Thumb Code   100  port.o(.text.PendSV_Handler)
    SVC_Handler                              0x000008e1   Thumb Code    36  port.o(.text.SVC_Handler)
    SysTick_Handler                          0x00000905   Thumb Code    60  port.o(.text.SysTick_Handler)
    SystemInit                               0x00000941   Thumb Code   268  system_tm4c123.o(.text.SystemInit)
    control                                  0x00000a4d   Thumb Code   554  functions.o(.text.control)
    eTaskConfirmSleepModeStatus              0x00000c79   Thumb Code   128  tasks.o(.text.eTaskConfirmSleepModeStatus)
    main                                     0x00000cf9   Thumb Code   396  main.o(.text.main)
    motorDOWN                                0x00000e85   Thumb Code    18  motorcontrol.o(.text.motorDOWN)
    motorOFF                                 0x00000e99   Thumb Code    18  motorcontrol.o(.text.motorOFF)
    motorUP                                  0x00000ead   Thumb Code    18  motorcontrol.o(.text.motorUP)
    openCloseDriver                          0x00000ec1   Thumb Code   306  functions.o(.text.openCloseDriver)
    openCloseDriverAuto                      0x00000ff5   Thumb Code   310  functions.o(.text.openCloseDriverAuto)
    openClosePassenger                       0x0000112d   Thumb Code   454  functions.o(.text.openClosePassenger)
    openClosePassengerAuto                   0x000012f5   Thumb Code   412  functions.o(.text.openClosePassengerAuto)
    pvPortMalloc                             0x00002009   Thumb Code   456  heap_4.o(.text.pvPortMalloc)
    pvTaskIncrementMutexHeldCount            0x000021d1   Thumb Code    44  tasks.o(.text.pvTaskIncrementMutexHeldCount)
    pxPortInitialiseStack                    0x000021fd   Thumb Code    94  port.o(.text.pxPortInitialiseStack)
    uxListRemove                             0x0000225d   Thumb Code    72  list.o(.text.uxListRemove)
    uxTaskGetNumberOfTasks                   0x000022a5   Thumb Code    12  tasks.o(.text.uxTaskGetNumberOfTasks)
    vListInitialise                          0x000022b1   Thumb Code    46  list.o(.text.vListInitialise)
    vListInitialiseItem                      0x000022e1   Thumb Code    14  list.o(.text.vListInitialiseItem)
    vListInsert                              0x000022f1   Thumb Code   106  list.o(.text.vListInsert)
    vPortEnterCritical                       0x00002371   Thumb Code    86  port.o(.text.vPortEnterCritical)
    vPortExitCritical                        0x000023c9   Thumb Code    74  port.o(.text.vPortExitCritical)
    vPortFree                                0x00002415   Thumb Code   186  heap_4.o(.text.vPortFree)
    vPortSetupTimerInterrupt                 0x000024d1   Thumb Code   120  port.o(.text.vPortSetupTimerInterrupt)
    vPortSuppressTicksAndSleep               0x00002549   Thumb Code   544  port.o(.text.vPortSuppressTicksAndSleep)
    vTaskInternalSetTimeOutState             0x00002769   Thumb Code    36  tasks.o(.text.vTaskInternalSetTimeOutState)
    vTaskMissedYield                         0x0000278d   Thumb Code    14  tasks.o(.text.vTaskMissedYield)
    vTaskPlaceOnEventList                    0x0000279d   Thumb Code    66  tasks.o(.text.vTaskPlaceOnEventList)
    vTaskPriorityDisinheritAfterTimeout      0x000027e1   Thumb Code   386  tasks.o(.text.vTaskPriorityDisinheritAfterTimeout)
    vTaskPrioritySet                         0x00002965   Thumb Code   484  tasks.o(.text.vTaskPrioritySet)
    vTaskStartScheduler                      0x00002b49   Thumb Code   162  tasks.o(.text.vTaskStartScheduler)
    vTaskStepTick                            0x00002bed   Thumb Code   204  tasks.o(.text.vTaskStepTick)
    vTaskSuspendAll                          0x00002cb9   Thumb Code    16  tasks.o(.text.vTaskSuspendAll)
    vTaskSwitchContext                       0x00002cc9   Thumb Code   190  tasks.o(.text.vTaskSwitchContext)
    xPortStartScheduler                      0x00002d89   Thumb Code   380  port.o(.text.xPortStartScheduler)
    xQueueGenericCreate                      0x00002f05   Thumb Code   154  queue.o(.text.xQueueGenericCreate)
    xQueueGenericReset                       0x00002fa1   Thumb Code   264  queue.o(.text.xQueueGenericReset)
    xQueueGenericSend                        0x000030a9   Thumb Code   628  queue.o(.text.xQueueGenericSend)
    xQueueReceive                            0x0000331d   Thumb Code   476  queue.o(.text.xQueueReceive)
    xQueueSemaphoreTake                      0x000034f9   Thumb Code   528  queue.o(.text.xQueueSemaphoreTake)
    xTaskCheckForTimeOut                     0x00003709   Thumb Code   252  tasks.o(.text.xTaskCheckForTimeOut)
    xTaskCreate                              0x00003805   Thumb Code   160  tasks.o(.text.xTaskCreate)
    xTaskGetSchedulerState                   0x000038a5   Thumb Code    56  tasks.o(.text.xTaskGetSchedulerState)
    xTaskIncrementTick                       0x000038dd   Thumb Code   608  tasks.o(.text.xTaskIncrementTick)
    xTaskPriorityDisinherit                  0x00003b3d   Thumb Code   312  tasks.o(.text.xTaskPriorityDisinherit)
    xTaskPriorityInherit                     0x00003c75   Thumb Code   348  tasks.o(.text.xTaskPriorityInherit)
    xTaskRemoveFromEventList                 0x00003dd1   Thumb Code   402  tasks.o(.text.xTaskRemoveFromEventList)
    xTaskResumeAll                           0x00003f65   Thumb Code   546  tasks.o(.text.xTaskResumeAll)
    _fp_init                                 0x00004187   Thumb Code    26  fpinit.o(x$fpl$fpinit)
    __fplib_config_fpu_vfp                   0x0000419f   Thumb Code     0  fpinit.o(x$fpl$fpinit)
    __fplib_config_pureend_doubles           0x0000419f   Thumb Code     0  fpinit.o(x$fpl$fpinit)
    uxTopUsedPriority                        0x00004204   Data           4  tasks.o(.rodata.uxTopUsedPriority)
    Region$$Table$$Base                      0x00004208   Number         0  anon$$obj.o(Region$$Table)
    Region$$Table$$Limit                     0x00004228   Number         0  anon$$obj.o(Region$$Table)
    SystemCoreClock                          0x20000000   Data           4  system_tm4c123.o(.data.SystemCoreClock)
    __libspace_start                         0x20000008   Data          96  libspace.o(.bss)
    ObstacleHandler                          0x20000068   Data           4  main.o(.bss.ObstacleHandler)
    __temporary_stack_top$libspace           0x20000068   Data           0  libspace.o(.bss)
    controlHandler                           0x2000006c   Data           4  main.o(.bss.controlHandler)
    openCloseDriverAutoHandler               0x20000070   Data           4  main.o(.bss.openCloseDriverAutoHandler)
    openCloseDriverHandler                   0x20000074   Data           4  main.o(.bss.openCloseDriverHandler)
    openClosePassengerAutoHandler            0x20000078   Data           4  main.o(.bss.openClosePassengerAutoHandler)
    openClosePassengerHandler                0x2000007c   Data           4  main.o(.bss.openClosePassengerHandler)
    pxCurrentTCB                             0x20000080   Data           4  tasks.o(.bss.pxCurrentTCB)
    xBinarySemaphore1                        0x20002118   Data           4  main.o(.bss.xBinarySemaphore1)
    xBinarySemaphore2                        0x2000211c   Data           4  main.o(.bss.xBinarySemaphore2)
    xBinarySemaphoreDriverAuto               0x20002120   Data           4  main.o(.bss.xBinarySemaphoreDriverAuto)
    xBinarySemaphoreObstacle                 0x20002124   Data           4  main.o(.bss.xBinarySemaphoreObstacle)
    xBinarySemaphorePassengerAuto            0x20002128   Data           4  main.o(.bss.xBinarySemaphorePassengerAuto)
    xQueuePD                                 0x2000218c   Data           4  main.o(.bss.xQueuePD)



==============================================================================

Memory Map of the image

  Image Entry point : 0x0000030d

  Load Region LR_1 (Base: 0x00000000, Size: 0x00004230, Max: 0xffffffff, ABSOLUTE)

    Execution Region ER_RO (Exec base: 0x00000000, Load base: 0x00000000, Size: 0x00004228, Max: 0xffffffff, ABSOLUTE)

    Exec Addr    Load Addr    Size         Type   Attr      Idx    E Section Name        Object

    0x00000000   0x00000000   0x0000026c   Data   RO           82    RESET               startup_tm4c123.o
    0x0000026c   0x0000026c   0x00000008   Code   RO          463  * !!!main             c_w.l(__main.o)
    0x00000274   0x00000274   0x00000034   Code   RO          643    !!!scatter          c_w.l(__scatter.o)
    0x000002a8   0x000002a8   0x0000001a   Code   RO          645    !!handler_copy      c_w.l(__scatter_copy.o)
    0x000002c2   0x000002c2   0x00000002   PAD
    0x000002c4   0x000002c4   0x0000001c   Code   RO          647    !!handler_zi        c_w.l(__scatter_zi.o)
    0x000002e0   0x000002e0   0x00000002   Code   RO          563    .ARM.Collect$$libinit$$00000000  c_w.l(libinit.o)
    0x000002e2   0x000002e2   0x00000004   Code   RO          479    .ARM.Collect$$libinit$$00000001  c_w.l(libinit2.o)
    0x000002e6   0x000002e6   0x00000000   Code   RO          482    .ARM.Collect$$libinit$$00000004  c_w.l(libinit2.o)
    0x000002e6   0x000002e6   0x00000000   Code   RO          484    .ARM.Collect$$libinit$$00000006  c_w.l(libinit2.o)
    0x000002e6   0x000002e6   0x00000000   Code   RO          487    .ARM.Collect$$libinit$$0000000C  c_w.l(libinit2.o)
    0x000002e6   0x000002e6   0x00000000   Code   RO          489    .ARM.Collect$$libinit$$0000000E  c_w.l(libinit2.o)
    0x000002e6   0x000002e6   0x00000000   Code   RO          491    .ARM.Collect$$libinit$$00000010  c_w.l(libinit2.o)
    0x000002e6   0x000002e6   0x00000000   Code   RO          494    .ARM.Collect$$libinit$$00000013  c_w.l(libinit2.o)
    0x000002e6   0x000002e6   0x00000000   Code   RO          496    .ARM.Collect$$libinit$$00000015  c_w.l(libinit2.o)
    0x000002e6   0x000002e6   0x00000000   Code   RO          498    .ARM.Collect$$libinit$$00000017  c_w.l(libinit2.o)
    0x000002e6   0x000002e6   0x00000000   Code   RO          500    .ARM.Collect$$libinit$$00000019  c_w.l(libinit2.o)
    0x000002e6   0x000002e6   0x00000000   Code   RO          502    .ARM.Collect$$libinit$$0000001B  c_w.l(libinit2.o)
    0x000002e6   0x000002e6   0x00000000   Code   RO          504    .ARM.Collect$$libinit$$0000001D  c_w.l(libinit2.o)
    0x000002e6   0x000002e6   0x00000000   Code   RO          506    .ARM.Collect$$libinit$$0000001F  c_w.l(libinit2.o)
    0x000002e6   0x000002e6   0x00000000   Code   RO          508    .ARM.Collect$$libinit$$00000021  c_w.l(libinit2.o)
    0x000002e6   0x000002e6   0x00000000   Code   RO          510    .ARM.Collect$$libinit$$00000023  c_w.l(libinit2.o)
    0x000002e6   0x000002e6   0x00000000   Code   RO          512    .ARM.Collect$$libinit$$00000025  c_w.l(libinit2.o)
    0x000002e6   0x000002e6   0x00000000   Code   RO          514    .ARM.Collect$$libinit$$00000027  c_w.l(libinit2.o)
    0x000002e6   0x000002e6   0x00000000   Code   RO          518    .ARM.Collect$$libinit$$0000002E  c_w.l(libinit2.o)
    0x000002e6   0x000002e6   0x00000000   Code   RO          520    .ARM.Collect$$libinit$$00000030  c_w.l(libinit2.o)
    0x000002e6   0x000002e6   0x00000000   Code   RO          522    .ARM.Collect$$libinit$$00000032  c_w.l(libinit2.o)
    0x000002e6   0x000002e6   0x00000000   Code   RO          524    .ARM.Collect$$libinit$$00000034  c_w.l(libinit2.o)
    0x000002e6   0x000002e6   0x00000002   Code   RO          525    .ARM.Collect$$libinit$$00000035  c_w.l(libinit2.o)
    0x000002e8   0x000002e8   0x00000002   Code   RO          602    .ARM.Collect$$libshutdown$$00000000  c_w.l(libshutdown.o)
    0x000002ea   0x000002ea   0x00000000   Code   RO          610    .ARM.Collect$$libshutdown$$00000002  c_w.l(libshutdown2.o)
    0x000002ea   0x000002ea   0x00000000   Code   RO          612    .ARM.Collect$$libshutdown$$00000004  c_w.l(libshutdown2.o)
    0x000002ea   0x000002ea   0x00000000   Code   RO          615    .ARM.Collect$$libshutdown$$00000007  c_w.l(libshutdown2.o)
    0x000002ea   0x000002ea   0x00000000   Code   RO          618    .ARM.Collect$$libshutdown$$0000000A  c_w.l(libshutdown2.o)
    0x000002ea   0x000002ea   0x00000000   Code   RO          620    .ARM.Collect$$libshutdown$$0000000C  c_w.l(libshutdown2.o)
    0x000002ea   0x000002ea   0x00000000   Code   RO          623    .ARM.Collect$$libshutdown$$0000000F  c_w.l(libshutdown2.o)
    0x000002ea   0x000002ea   0x00000002   Code   RO          624    .ARM.Collect$$libshutdown$$00000010  c_w.l(libshutdown2.o)
    0x000002ec   0x000002ec   0x00000000   Code   RO          474    .ARM.Collect$$rtentry$$00000000  c_w.l(__rtentry.o)
    0x000002ec   0x000002ec   0x00000000   Code   RO          532    .ARM.Collect$$rtentry$$00000002  c_w.l(__rtentry2.o)
    0x000002ec   0x000002ec   0x00000006   Code   RO          544    .ARM.Collect$$rtentry$$00000004  c_w.l(__rtentry4.o)
    0x000002f2   0x000002f2   0x00000000   Code   RO          534    .ARM.Collect$$rtentry$$00000009  c_w.l(__rtentry2.o)
    0x000002f2   0x000002f2   0x00000004   Code   RO          535    .ARM.Collect$$rtentry$$0000000A  c_w.l(__rtentry2.o)
    0x000002f6   0x000002f6   0x00000000   Code   RO          537    .ARM.Collect$$rtentry$$0000000C  c_w.l(__rtentry2.o)
    0x000002f6   0x000002f6   0x00000008   Code   RO          538    .ARM.Collect$$rtentry$$0000000D  c_w.l(__rtentry2.o)
    0x000002fe   0x000002fe   0x00000002   Code   RO          571    .ARM.Collect$$rtexit$$00000000  c_w.l(rtexit.o)
    0x00000300   0x00000300   0x00000000   Code   RO          580    .ARM.Collect$$rtexit$$00000002  c_w.l(rtexit2.o)
    0x00000300   0x00000300   0x00000004   Code   RO          581    .ARM.Collect$$rtexit$$00000003  c_w.l(rtexit2.o)
    0x00000304   0x00000304   0x00000006   Code   RO          582    .ARM.Collect$$rtexit$$00000004  c_w.l(rtexit2.o)
    0x0000030a   0x0000030a   0x00000002   PAD
    0x0000030c   0x0000030c   0x00000114   Code   RO           83  * .text               startup_tm4c123.o
    0x00000420   0x00000420   0x0000008a   Code   RO          455    .text               c_w.l(rt_memcpy_v6.o)
    0x000004aa   0x000004aa   0x00000010   Code   RO          457    .text               c_w.l(aeabi_memset4.o)
    0x000004ba   0x000004ba   0x00000044   Code   RO          459    .text               c_w.l(rt_memclr.o)
    0x000004fe   0x000004fe   0x00000006   Code   RO          461    .text               c_w.l(heapauxi.o)
    0x00000504   0x00000504   0x00000002   Code   RO          471    .text               c_w.l(use_no_semi.o)
    0x00000506   0x00000506   0x00000000   Code   RO          473    .text               c_w.l(indicate_semi.o)
    0x00000506   0x00000506   0x00000064   Code   RO          475    .text               c_w.l(rt_memcpy_w.o)
    0x0000056a   0x0000056a   0x0000004e   Code   RO          477    .text               c_w.l(rt_memclr_w.o)
    0x000005b8   0x000005b8   0x0000004a   Code   RO          550    .text               c_w.l(sys_stackheap_outer.o)
    0x00000602   0x00000602   0x00000012   Code   RO          552    .text               c_w.l(exit.o)
    0x00000614   0x00000614   0x00000008   Code   RO          568    .text               c_w.l(libspace.o)
    0x0000061c   0x0000061c   0x0000000c   Code   RO          592    .text               c_w.l(sys_exit.o)
    0x00000628   0x00000628   0x0000001e   Code   RO           37    .text.DIO_ReadPin   dio.o
    0x00000646   0x00000646   0x00000002   PAD
    0x00000648   0x00000648   0x00000010   Code   RO           31    .text.DIO_WritePort  dio.o
    0x00000658   0x00000658   0x00000168   Code   RO           29    .text.DIO_init      dio.o
    0x000007c0   0x000007c0   0x000000a4   Code   RO           48    .text.Obstacle      functions.o
    0x00000864   0x00000864   0x0000000c   PAD
    0x00000870   0x00000870   0x00000064   Code   RO          142    .text.PendSV_Handler  port.o
    0x000008d4   0x000008d4   0x0000000c   PAD
    0x000008e0   0x000008e0   0x00000024   Code   RO          126    .text.SVC_Handler   port.o
    0x00000904   0x00000904   0x0000003c   Code   RO          144    .text.SysTick_Handler  port.o
    0x00000940   0x00000940   0x0000010c   Code   RO           94    .text.SystemInit    system_tm4c123.o
    0x00000a4c   0x00000a4c   0x0000022a   Code   RO           58    .text.control       functions.o
    0x00000c76   0x00000c76   0x00000002   PAD
    0x00000c78   0x00000c78   0x00000080   Code   RO          340    .text.eTaskConfirmSleepModeStatus  tasks.o
    0x00000cf8   0x00000cf8   0x0000018c   Code   RO            4    .text.main          main.o
    0x00000e84   0x00000e84   0x00000012   Code   RO           70    .text.motorDOWN     motorcontrol.o
    0x00000e96   0x00000e96   0x00000002   PAD
    0x00000e98   0x00000e98   0x00000012   Code   RO           72    .text.motorOFF      motorcontrol.o
    0x00000eaa   0x00000eaa   0x00000002   PAD
    0x00000eac   0x00000eac   0x00000012   Code   RO           68    .text.motorUP       motorcontrol.o
    0x00000ebe   0x00000ebe   0x00000002   PAD
    0x00000ec0   0x00000ec0   0x00000132   Code   RO           54    .text.openCloseDriver  functions.o
    0x00000ff2   0x00000ff2   0x00000002   PAD
    0x00000ff4   0x00000ff4   0x00000136   Code   RO           52    .text.openCloseDriverAuto  functions.o
    0x0000112a   0x0000112a   0x00000002   PAD
    0x0000112c   0x0000112c   0x000001c6   Code   RO           56    .text.openClosePassenger  functions.o
    0x000012f2   0x000012f2   0x00000002   PAD
    0x000012f4   0x000012f4   0x0000019c   Code   RO           50    .text.openClosePassengerAuto  functions.o
    0x00001490   0x00001490   0x00000122   Code   RO          264    .text.prvAddCurrentTaskToDelayedList  tasks.o
    0x000015b2   0x000015b2   0x00000002   PAD
    0x000015b4   0x000015b4   0x00000154   Code   RO          252    .text.prvAddNewTaskToReadyList  tasks.o
    0x00001708   0x00001708   0x0000005a   Code   RO          380    .text.prvCheckTasksWaitingTermination  tasks.o
    0x00001762   0x00001762   0x00000002   PAD
    0x00001764   0x00001764   0x00000042   Code   RO          201    .text.prvCopyDataFromQueue  queue.o
    0x000017a6   0x000017a6   0x00000002   PAD
    0x000017a8   0x000017a8   0x000000cc   Code   RO          187    .text.prvCopyDataToQueue  queue.o
    0x00001874   0x00001874   0x00000018   Code   RO          258    .text.prvDeleteTCB  tasks.o
    0x0000188c   0x0000188c   0x00000026   Code   RO          205    .text.prvGetDisinheritPriorityAfterTimeout  queue.o
    0x000018b2   0x000018b2   0x00000002   PAD
    0x000018b4   0x000018b4   0x0000007c   Code   RO          382    .text.prvGetExpectedIdleTime  tasks.o
    0x00001930   0x00001930   0x000000ae   Code   RO          416    .text.prvHeapInit   heap_4.o
    0x000019de   0x000019de   0x00000002   PAD
    0x000019e0   0x000019e0   0x0000009a   Code   RO          290    .text.prvIdleTask   tasks.o
    0x00001a7a   0x00001a7a   0x00000002   PAD
    0x00001a7c   0x00001a7c   0x0000004e   Code   RO          167    .text.prvInitialiseNewQueue  queue.o
    0x00001aca   0x00001aca   0x00000002   PAD
    0x00001acc   0x00001acc   0x00000124   Code   RO          250    .text.prvInitialiseNewTask  tasks.o
    0x00001bf0   0x00001bf0   0x0000008e   Code   RO          378    .text.prvInitialiseTaskLists  tasks.o
    0x00001c7e   0x00001c7e   0x00000002   PAD
    0x00001c80   0x00001c80   0x000000c6   Code   RO          418    .text.prvInsertBlockIntoFreeList  heap_4.o
    0x00001d46   0x00001d46   0x00000002   PAD
    0x00001d48   0x00001d48   0x00000028   Code   RO          203    .text.prvIsQueueEmpty  queue.o
    0x00001d70   0x00001d70   0x0000002e   Code   RO          191    .text.prvIsQueueFull  queue.o
    0x00001d9e   0x00001d9e   0x00000002   PAD
    0x00001da0   0x00001da0   0x000000ec   Code   RO          189    .text.prvNotifyQueueSetContainer  queue.o
    0x00001e8c   0x00001e8c   0x00000028   Code   RO          134    .text.prvPortStartFirstTask  port.o
    0x00001eb4   0x00001eb4   0x0000003c   Code   RO          256    .text.prvResetNextTaskUnblockTime  tasks.o
    0x00001ef0   0x00001ef0   0x0000004c   Code   RO          124    .text.prvTaskExitError  port.o
    0x00001f3c   0x00001f3c   0x000000cc   Code   RO          193    .text.prvUnlockQueue  queue.o
    0x00002008   0x00002008   0x000001c8   Code   RO          414    .text.pvPortMalloc  heap_4.o
    0x000021d0   0x000021d0   0x0000002c   Code   RO          362    .text.pvTaskIncrementMutexHeldCount  tasks.o
    0x000021fc   0x000021fc   0x0000005e   Code   RO          122    .text.pxPortInitialiseStack  port.o
    0x0000225a   0x0000225a   0x00000002   PAD
    0x0000225c   0x0000225c   0x00000048   Code   RO          113    .text.uxListRemove  list.o
    0x000022a4   0x000022a4   0x0000000c   Code   RO          300    .text.uxTaskGetNumberOfTasks  tasks.o
    0x000022b0   0x000022b0   0x0000002e   Code   RO          105    .text.vListInitialise  list.o
    0x000022de   0x000022de   0x00000002   PAD
    0x000022e0   0x000022e0   0x0000000e   Code   RO          107    .text.vListInitialiseItem  list.o
    0x000022ee   0x000022ee   0x00000002   PAD
    0x000022f0   0x000022f0   0x0000006a   Code   RO          111    .text.vListInsert   list.o
    0x0000235a   0x0000235a   0x00000002   PAD
    0x0000235c   0x0000235c   0x00000014   Code   RO          132    .text.vPortEnableVFP  port.o
    0x00002370   0x00002370   0x00000056   Code   RO          138    .text.vPortEnterCritical  port.o
    0x000023c6   0x000023c6   0x00000002   PAD
    0x000023c8   0x000023c8   0x0000004a   Code   RO          140    .text.vPortExitCritical  port.o
    0x00002412   0x00002412   0x00000002   PAD
    0x00002414   0x00002414   0x000000ba   Code   RO          420    .text.vPortFree     heap_4.o
    0x000024ce   0x000024ce   0x00000002   PAD
    0x000024d0   0x000024d0   0x00000078   Code   RO          130    .text.vPortSetupTimerInterrupt  port.o
    0x00002548   0x00002548   0x00000220   Code   RO          146    .text.vPortSuppressTicksAndSleep  port.o
    0x00002768   0x00002768   0x00000024   Code   RO          330    .text.vTaskInternalSetTimeOutState  tasks.o
    0x0000278c   0x0000278c   0x0000000e   Code   RO          334    .text.vTaskMissedYield  tasks.o
    0x0000279a   0x0000279a   0x00000002   PAD
    0x0000279c   0x0000279c   0x00000042   Code   RO          320    .text.vTaskPlaceOnEventList  tasks.o
    0x000027de   0x000027de   0x00000002   PAD
    0x000027e0   0x000027e0   0x00000182   Code   RO          358    .text.vTaskPriorityDisinheritAfterTimeout  tasks.o
    0x00002962   0x00002962   0x00000002   PAD
    0x00002964   0x00002964   0x000001e4   Code   RO          276    .text.vTaskPrioritySet  tasks.o
    0x00002b48   0x00002b48   0x000000a2   Code   RO          288    .text.vTaskStartScheduler  tasks.o
    0x00002bea   0x00002bea   0x00000002   PAD
    0x00002bec   0x00002bec   0x000000cc   Code   RO          314    .text.vTaskStepTick  tasks.o
    0x00002cb8   0x00002cb8   0x00000010   Code   RO          262    .text.vTaskSuspendAll  tasks.o
    0x00002cc8   0x00002cc8   0x000000be   Code   RO          280    .text.vTaskSwitchContext  tasks.o
    0x00002d86   0x00002d86   0x00000002   PAD
    0x00002d88   0x00002d88   0x0000017c   Code   RO          128    .text.xPortStartScheduler  port.o
    0x00002f04   0x00002f04   0x0000009a   Code   RO          165    .text.xQueueGenericCreate  queue.o
    0x00002f9e   0x00002f9e   0x00000002   PAD
    0x00002fa0   0x00002fa0   0x00000108   Code   RO          163    .text.xQueueGenericReset  queue.o
    0x000030a8   0x000030a8   0x00000274   Code   RO          179    .text.xQueueGenericSend  queue.o
    0x0000331c   0x0000331c   0x000001dc   Code   RO          199    .text.xQueueReceive  queue.o
    0x000034f8   0x000034f8   0x00000210   Code   RO          183    .text.xQueueSemaphoreTake  queue.o
    0x00003708   0x00003708   0x000000fc   Code   RO          332    .text.xTaskCheckForTimeOut  tasks.o
    0x00003804   0x00003804   0x000000a0   Code   RO          248    .text.xTaskCreate   tasks.o
    0x000038a4   0x000038a4   0x00000038   Code   RO          352    .text.xTaskGetSchedulerState  tasks.o
    0x000038dc   0x000038dc   0x00000260   Code   RO          294    .text.xTaskIncrementTick  tasks.o
    0x00003b3c   0x00003b3c   0x00000138   Code   RO          356    .text.xTaskPriorityDisinherit  tasks.o
    0x00003c74   0x00003c74   0x0000015c   Code   RO          354    .text.xTaskPriorityInherit  tasks.o
    0x00003dd0   0x00003dd0   0x00000192   Code   RO          324    .text.xTaskRemoveFromEventList  tasks.o
    0x00003f62   0x00003f62   0x00000002   PAD
    0x00003f64   0x00003f64   0x00000222   Code   RO          266    .text.xTaskResumeAll  tasks.o
    0x00004186   0x00004186   0x0000001a   Code   RO          548    x$fpl$fpinit        fz_wm.l(fpinit.o)
    0x000041a0   0x000041a0   0x0000005f   Data   RO           11    .rodata.str1.1      main.o
    0x000041ff   0x000041ff   0x00000005   Data   RO          400    .rodata.str1.1      tasks.o
    0x00004204   0x00004204   0x00000004   Data   RO          385    .rodata.uxTopUsedPriority  tasks.o
    0x00004208   0x00004208   0x00000020   Data   RO          642    Region$$Table       anon$$obj.o


    Execution Region ER_RW (Exec base: 0x20000000, Load base: 0x00004228, Size: 0x00000008, Max: 0xffffffff, ABSOLUTE)

    Exec Addr    Load Addr    Size         Type   Attr      Idx    E Section Name        Object

    0x20000000   0x00004228   0x00000004   Data   RW           96    .data.SystemCoreClock  system_tm4c123.o
    0x20000004   0x0000422c   0x00000004   Data   RW          152    .data.uxCriticalNesting  port.o


    Execution Region ER_ZI (Exec base: 0x20000008, Load base: 0x00004230, Size: 0x000023c8, Max: 0xffffffff, ABSOLUTE)

    Exec Addr    Load Addr    Size         Type   Attr      Idx    E Section Name        Object

    0x20000008        -       0x00000060   Zero   RW          569    .bss                c_w.l(libspace.o)
    0x20000068        -       0x00000004   Zero   RW           15    .bss.ObstacleHandler  main.o
    0x2000006c        -       0x00000004   Zero   RW           17    .bss.controlHandler  main.o
    0x20000070        -       0x00000004   Zero   RW           13    .bss.openCloseDriverAutoHandler  main.o
    0x20000074        -       0x00000004   Zero   RW           12    .bss.openCloseDriverHandler  main.o
    0x20000078        -       0x00000004   Zero   RW           16    .bss.openClosePassengerAutoHandler  main.o
    0x2000007c        -       0x00000004   Zero   RW           14    .bss.openClosePassengerHandler  main.o
    0x20000080        -       0x00000004   Zero   RW          384    .bss.pxCurrentTCB   tasks.o
    0x20000084        -       0x00000004   Zero   RW          395    .bss.pxDelayedTaskList  tasks.o
    0x20000088        -       0x00000004   Zero   RW          432    .bss.pxEnd          heap_4.o
    0x2000008c        -       0x00000004   Zero   RW          396    .bss.pxOverflowDelayedTaskList  tasks.o
    0x20000090        -       0x00000064   Zero   RW          386    .bss.pxReadyTasksLists  tasks.o
    0x200000f4        -       0x00002000   Zero   RW          438    .bss.ucHeap         heap_4.o
    0x200020f4        -       0x00000001   Zero   RW          150    .bss.ucMaxSysCallPriority  port.o
    0x200020f5   0x00004230   0x00000003   PAD
    0x200020f8        -       0x00000004   Zero   RW          151    .bss.ulMaxPRIGROUPValue  port.o
    0x200020fc        -       0x00000004   Zero   RW          155    .bss.ulStoppedTimerCompensation  port.o
    0x20002100        -       0x00000004   Zero   RW          154    .bss.ulTimerCountsForOneTick  port.o
    0x20002104        -       0x00000004   Zero   RW          391    .bss.uxCurrentNumberOfTasks  tasks.o
    0x20002108        -       0x00000004   Zero   RW          390    .bss.uxDeletedTasksWaitingCleanUp  tasks.o
    0x2000210c        -       0x00000004   Zero   RW          393    .bss.uxSchedulerSuspended  tasks.o
    0x20002110        -       0x00000004   Zero   RW          388    .bss.uxTaskNumber   tasks.o
    0x20002114        -       0x00000004   Zero   RW          387    .bss.uxTopReadyPriority  tasks.o
    0x20002118        -       0x00000004   Zero   RW            6    .bss.xBinarySemaphore1  main.o
    0x2000211c        -       0x00000004   Zero   RW            7    .bss.xBinarySemaphore2  main.o
    0x20002120        -       0x00000004   Zero   RW            8    .bss.xBinarySemaphoreDriverAuto  main.o
    0x20002124        -       0x00000004   Zero   RW           10    .bss.xBinarySemaphoreObstacle  main.o
    0x20002128        -       0x00000004   Zero   RW            9    .bss.xBinarySemaphorePassengerAuto  main.o
    0x2000212c        -       0x00000014   Zero   RW          405    .bss.xDelayedTaskList1  tasks.o
    0x20002140        -       0x00000014   Zero   RW          406    .bss.xDelayedTaskList2  tasks.o
    0x20002154        -       0x00000004   Zero   RW          433    .bss.xFreeBytesRemaining  heap_4.o
    0x20002158        -       0x00000004   Zero   RW          401    .bss.xIdleTaskHandle  tasks.o
    0x2000215c        -       0x00000004   Zero   RW          153    .bss.xMaximumPossibleSuppressedTicks  port.o
    0x20002160        -       0x00000004   Zero   RW          435    .bss.xMinimumEverFreeBytesRemaining  heap_4.o
    0x20002164        -       0x00000004   Zero   RW          402    .bss.xNextTaskUnblockTime  tasks.o
    0x20002168        -       0x00000004   Zero   RW          404    .bss.xNumOfOverflows  tasks.o
    0x2000216c        -       0x00000004   Zero   RW          436    .bss.xNumberOfSuccessfulAllocations  heap_4.o
    0x20002170        -       0x00000004   Zero   RW          437    .bss.xNumberOfSuccessfulFrees  heap_4.o
    0x20002174        -       0x00000004   Zero   RW          403    .bss.xPendedTicks   tasks.o
    0x20002178        -       0x00000014   Zero   RW          399    .bss.xPendingReadyList  tasks.o
    0x2000218c        -       0x00000004   Zero   RW           18    .bss.xQueuePD       main.o
    0x20002190        -       0x00000004   Zero   RW          392    .bss.xSchedulerRunning  tasks.o
    0x20002194        -       0x00000008   Zero   RW          434    .bss.xStart         heap_4.o
    0x2000219c        -       0x00000014   Zero   RW          397    .bss.xSuspendedTaskList  tasks.o
    0x200021b0        -       0x00000014   Zero   RW          389    .bss.xTasksWaitingTermination  tasks.o
    0x200021c4        -       0x00000004   Zero   RW          394    .bss.xTickCount     tasks.o
    0x200021c8        -       0x00000004   Zero   RW          398    .bss.xYieldPending  tasks.o
    0x200021cc   0x00004230   0x00000004   PAD
    0x200021d0        -       0x00000000   Zero   RW           81    HEAP                startup_tm4c123.o
    0x200021d0        -       0x00000200   Zero   RW           80    STACK               startup_tm4c123.o


==============================================================================

Image component sizes


      Code (inc. data)   RO Data    RW Data    ZI Data      Debug   Object Name

       406          0          0          0          0       1743   dio.o
      2200          0          0          0          0       3112   functions.o
      1014          0          0          0       8220       4652   heap_4.o
       238          0          0          0          0       2283   list.o
       396          0         95          0         48       1783   main.o
        54          0          0          0          0        640   motorcontrol.o
      1630         16          0          4         17       4978   port.o
      2962          0          0          0          0      16650   queue.o
       276         24        620          0        512       5540   startup_tm4c123.o
       268          0          0          4          0       6749   system_tm4c123.o
      5942          0          9          0        260      26928   tasks.o

    ----------------------------------------------------------------------
     15474         52        756          8       9064      75058   Object Totals
         0          0         32          0          0          0   (incl. Generated)
        88         12          0          0          7          0   (incl. Padding)

    ----------------------------------------------------------------------

      Code (inc. data)   RO Data    RW Data    ZI Data      Debug   Library Member Name

         8          0          0          0          0         68   __main.o
         0          0          0          0          0          0   __rtentry.o
        12          0          0          0          0          0   __rtentry2.o
         6          0          0          0          0          0   __rtentry4.o
        52          8          0          0          0          0   __scatter.o
        26          0          0          0          0          0   __scatter_copy.o
        28          0          0          0          0          0   __scatter_zi.o
        16          0          0          0          0         68   aeabi_memset4.o
        18          0          0          0          0         80   exit.o
         6          0          0          0          0        152   heapauxi.o
         0          0          0          0          0          0   indicate_semi.o
         2          0          0          0          0          0   libinit.o
         6          0          0          0          0          0   libinit2.o
         2          0          0          0          0          0   libshutdown.o
         2          0          0          0          0          0   libshutdown2.o
         8          4          0          0         96         68   libspace.o
        68          0          0          0          0         68   rt_memclr.o
        78          0          0          0          0         80   rt_memclr_w.o
       138          0          0          0          0         68   rt_memcpy_v6.o
       100          0          0          0          0         80   rt_memcpy_w.o
         2          0          0          0          0          0   rtexit.o
        10          0          0          0          0          0   rtexit2.o
        12          4          0          0          0         68   sys_exit.o
        74          0          0          0          0         80   sys_stackheap_outer.o
         2          0          0          0          0         68   use_no_semi.o
        26          0          0          0          0        116   fpinit.o

    ----------------------------------------------------------------------
       706         16          0          0         96       1064   Library Totals
         4          0          0          0          0          0   (incl. Padding)

    ----------------------------------------------------------------------

      Code (inc. data)   RO Data    RW Data    ZI Data      Debug   Library Name

       676         16          0          0         96        948   c_w.l
        26          0          0          0          0        116   fz_wm.l

    ----------------------------------------------------------------------
       706         16          0          0         96       1064   Library Totals

    ----------------------------------------------------------------------

==============================================================================


      Code (inc. data)   RO Data    RW Data    ZI Data      Debug   

     16180         68        756          8       9160      75526   Grand Totals
     16180         68        756          8       9160      75526   ELF Image Totals
     16180         68        756          8          0          0   ROM Totals

==============================================================================

    Total RO  Size (Code + RO Data)                16936 (  16.54kB)
    Total RW  Size (RW Data + ZI Data)              9168 (   8.95kB)
    Total ROM Size (Code + RO Data + RW Data)      16944 (  16.55kB)

==============================================================================

