Component: Arm Compiler for Embedded 6.19 Tool: armlink [5e73cb00]

==============================================================================

Section Cross References

    main.o(.ARM.exidx.text.vApplicationIdleHook) refers to main.o(.text.vApplicationIdleHook) for [Anonymous Symbol]
    main.o(.text.main) refers to dio.o(.text.DIO_init) for DIO_init
    main.o(.text.main) refers to queue.o(.text.xQueueGenericCreate) for xQueueGenericCreate
    main.o(.text.main) refers to main.o(.bss.xBinarySemaphore1) for xBinarySemaphore1
    main.o(.text.main) refers to main.o(.bss.xBinarySemaphore2) for xBinarySemaphore2
    main.o(.text.main) refers to main.o(.bss.xBinarySemaphoreDriverAuto) for xBinarySemaphoreDriverAuto
    main.o(.text.main) refers to main.o(.bss.xBinarySemaphorePassengerAuto) for xBinarySemaphorePassengerAuto
    main.o(.text.main) refers to main.o(.bss.openCloseDriverHandler) for openCloseDriverHandler
    main.o(.text.main) refers to functions.o(.text.openCloseDriver) for openCloseDriver
    main.o(.text.main) refers to main.o(.rodata.str1.1) for .L.str
    main.o(.text.main) refers to tasks.o(.text.xTaskCreate) for xTaskCreate
    main.o(.text.main) refers to main.o(.bss.openCloseDriverAutoHandler) for openCloseDriverAutoHandler
    main.o(.text.main) refers to functions.o(.text.openCloseDriverAuto) for openCloseDriverAuto
    main.o(.text.main) refers to main.o(.bss.openClosePassengerHandler) for openClosePassengerHandler
    main.o(.text.main) refers to functions.o(.text.openClosePassenger) for openClosePassenger
    main.o(.text.main) refers to main.o(.bss.openClosePassengerAutoHandler) for openClosePassengerAutoHandler
    main.o(.text.main) refers to functions.o(.text.openClosePassengerAuto) for openClosePassengerAuto
    main.o(.text.main) refers to main.o(.bss.controlHandler) for controlHandler
    main.o(.text.main) refers to functions.o(.text.control) for control
    main.o(.text.main) refers to tasks.o(.text.vTaskStartScheduler) for vTaskStartScheduler
    main.o(.ARM.exidx.text.main) refers to main.o(.text.main) for [Anonymous Symbol]
    dio.o(.text.delay) refers to dmul.o(x$fpl$dmul) for __aeabi_dmul
    dio.o(.text.delay) refers to dfix.o(x$fpl$dfix) for __aeabi_d2iz
    dio.o(.text.delay) refers to sys_clock.o(.text) for clock
    dio.o(.ARM.exidx.text.delay) refers to dio.o(.text.delay) for [Anonymous Symbol]
    dio.o(.ARM.exidx.text.DIO_init) refers to dio.o(.text.DIO_init) for [Anonymous Symbol]
    dio.o(.ARM.exidx.text.DIO_WritePort) refers to dio.o(.text.DIO_WritePort) for [Anonymous Symbol]
    dio.o(.ARM.exidx.text.DIO_WritePin) refers to dio.o(.text.DIO_WritePin) for [Anonymous Symbol]
    dio.o(.ARM.exidx.text.DIO_TogglePin) refers to dio.o(.text.DIO_TogglePin) for [Anonymous Symbol]
    dio.o(.ARM.exidx.text.DIO_ReadPin) refers to dio.o(.text.DIO_ReadPin) for [Anonymous Symbol]
    dio.o(.ARM.exidx.text.DIO_ReadPort) refers to dio.o(.text.DIO_ReadPort) for [Anonymous Symbol]
    functions.o(.text.openClosePassengerAuto) refers to main.o(.bss.xBinarySemaphorePassengerAuto) for xBinarySemaphorePassengerAuto
    functions.o(.text.openClosePassengerAuto) refers to queue.o(.text.xQueueSemaphoreTake) for xQueueSemaphoreTake
    functions.o(.text.openClosePassengerAuto) refers to main.o(.bss.xQueuePD) for xQueuePD
    functions.o(.text.openClosePassengerAuto) refers to queue.o(.text.xQueueReceive) for xQueueReceive
    functions.o(.text.openClosePassengerAuto) refers to motorcontrol.o(.text.motorUP) for motorUP
    functions.o(.text.openClosePassengerAuto) refers to motorcontrol.o(.text.motorDOWN) for motorDOWN
    functions.o(.text.openClosePassengerAuto) refers to motorcontrol.o(.text.motorOFF) for motorOFF
    functions.o(.ARM.exidx.text.openClosePassengerAuto) refers to functions.o(.text.openClosePassengerAuto) for [Anonymous Symbol]
    functions.o(.text.openCloseDriverAuto) refers to main.o(.bss.xBinarySemaphoreDriverAuto) for xBinarySemaphoreDriverAuto
    functions.o(.text.openCloseDriverAuto) refers to queue.o(.text.xQueueSemaphoreTake) for xQueueSemaphoreTake
    functions.o(.text.openCloseDriverAuto) refers to main.o(.bss.xQueuePD) for xQueuePD
    functions.o(.text.openCloseDriverAuto) refers to queue.o(.text.xQueueReceive) for xQueueReceive
    functions.o(.text.openCloseDriverAuto) refers to motorcontrol.o(.text.motorUP) for motorUP
    functions.o(.text.openCloseDriverAuto) refers to motorcontrol.o(.text.motorDOWN) for motorDOWN
    functions.o(.text.openCloseDriverAuto) refers to motorcontrol.o(.text.motorOFF) for motorOFF
    functions.o(.ARM.exidx.text.openCloseDriverAuto) refers to functions.o(.text.openCloseDriverAuto) for [Anonymous Symbol]
    functions.o(.text.openCloseDriver) refers to main.o(.bss.xBinarySemaphore1) for xBinarySemaphore1
    functions.o(.text.openCloseDriver) refers to queue.o(.text.xQueueSemaphoreTake) for xQueueSemaphoreTake
[...]
    Removing tasks.o(.ARM.exidx.text.vTaskPriorityDisinheritAfterTimeout), (8 bytes).
    Removing tasks.o(.text.uxTaskResetEventItemValue), (34 bytes).
    Removing tasks.o(.ARM.exidx.text.uxTaskResetEventItemValue), (8 bytes).
    Removing tasks.o(.ARM.exidx.text.pvTaskIncrementMutexHeldCount), (8 bytes).
    Removing tasks.o(.text.ulTaskGenericNotifyTake), (248 bytes).
    Removing tasks.o(.ARM.exidx.text.ulTaskGenericNotifyTake), (8 bytes).
    Removing tasks.o(.text.xTaskGenericNotifyWait), (280 bytes).
    Removing tasks.o(.ARM.exidx.text.xTaskGenericNotifyWait), (8 bytes).
    Removing tasks.o(.text.xTaskGenericNotify), (558 bytes).
    Removing tasks.o(.ARM.exidx.text.xTaskGenericNotify), (8 bytes).
    Removing tasks.o(.text.xTaskGenericNotifyFromISR), (668 bytes).
    Removing tasks.o(.ARM.exidx.text.xTaskGenericNotifyFromISR), (8 bytes).
    Removing tasks.o(.text.vTaskGenericNotifyGiveFromISR), (498 bytes).
    Removing tasks.o(.ARM.exidx.text.vTaskGenericNotifyGiveFromISR), (8 bytes).
    Removing tasks.o(.text.xTaskGenericNotifyStateClear), (120 bytes).
    Removing tasks.o(.ARM.exidx.text.xTaskGenericNotifyStateClear), (8 bytes).
    Removing tasks.o(.text.ulTaskGenericNotifyValueClear), (82 bytes).
    Removing tasks.o(.ARM.exidx.text.ulTaskGenericNotifyValueClear), (8 bytes).
    Removing tasks.o(.ARM.exidx.text.prvInitialiseTaskLists), (8 bytes).
    Removing tasks.o(.ARM.exidx.text.prvCheckTasksWaitingTermination), (8 bytes).
    Removing tasks.o(.ARM.exidx.text.prvGetExpectedIdleTime), (8 bytes).

243 unused section(s) (total 13088 bytes) removed from the image.

==============================================================================

Image Symbol Table

    Local Symbols

    Symbol Name                              Value     Ov Type        Size  Object(Section)

    ../clib/angel/boardlib.s                 0x00000000   Number         0  boardinit1.o ABSOLUTE
    ../clib/angel/boardlib.s                 0x00000000   Number         0  boardinit2.o ABSOLUTE
    ../clib/angel/boardlib.s                 0x00000000   Number         0  boardinit3.o ABSOLUTE
    ../clib/angel/boardlib.s                 0x00000000   Number         0  boardshut.o ABSOLUTE
    ../clib/angel/handlers.s                 0x00000000   Number         0  __scatter_copy.o ABSOLUTE
    ../clib/angel/handlers.s                 0x00000000   Number         0  __scatter_zi.o ABSOLUTE
    ../clib/angel/kernel.s                   0x00000000   Number         0  __rtentry.o ABSOLUTE
    ../clib/angel/kernel.s                   0x00000000   Number         0  __rtentry2.o ABSOLUTE
    ../clib/angel/kernel.s                   0x00000000   Number         0  __rtentry4.o ABSOLUTE
    ../clib/angel/kernel.s                   0x00000000   Number         0  rtexit.o ABSOLUTE
    ../clib/angel/kernel.s                   0x00000000   Number         0  rtexit2.o ABSOLUTE
    ../clib/angel/rt.s                       0x00000000   Number         0  rt_raise.o ABSOLUTE
    ../clib/angel/scatter.s                  0x00000000   Number         0  __scatter.o ABSOLUTE
    ../clib/angel/startup.s                  0x00000000   Number         0  __main.o ABSOLUTE
    ../clib/angel/sys.s                      0x00000000   Number         0  use_no_semi.o ABSOLUTE
    ../clib/angel/sys.s                      0x00000000   Number         0  indicate_semi.o ABSOLUTE
    ../clib/angel/sys.s                      0x00000000   Number         0  sys_stackheap_outer.o ABSOLUTE
    ../clib/angel/sys.s                      0x00000000   Number         0  libspace.o ABSOLUTE
    ../clib/angel/sysapp.c                   0x00000000   Number         0  sys_clock.o ABSOLUTE
    ../clib/angel/sysapp.c                   0x00000000   Number         0  sys_clock_hlt.o ABSOLUTE
    ../clib/angel/sysapp.c                   0x00000000   Number         0  sys_command.o ABSOLUTE
    ../clib/angel/sysapp.c                   0x00000000   Number         0  sys_command_hlt.o ABSOLUTE
    ../clib/angel/sysapp.c                   0x00000000   Number         0  sys_exit.o ABSOLUTE
    ../clib/angel/sysapp.c                   0x00000000   Number         0  sys_exit_hlt.o ABSOLUTE
    ../clib/angel/sysapp.c                   0x00000000   Number         0  sys_wrch.o ABSOLUTE
    ../clib/angel/sysapp.c                   0x00000000   Number         0  sys_wrch_hlt.o ABSOLUTE
    ../clib/armsys.c                         0x00000000   Number         0  argv_veneer.o ABSOLUTE
    ../clib/armsys.c                         0x00000000   Number         0  argv_veneer.o ABSOLUTE
    ../clib/armsys.c                         0x00000000   Number         0  _get_argv_nomalloc.o ABSOLUTE
    ../clib/armsys.c                         0x00000000   Number         0  no_argv.o ABSOLUTE
    ../clib/heapalloc.c                      0x00000000   Number         0  hrguard.o ABSOLUTE
    ../clib/heapaux.c                        0x00000000   Number         0  heapauxi.o ABSOLUTE
    ../clib/libinit.s                        0x00000000   Number         0  libinit2.o ABSOLUTE
    ../clib/libinit.s                        0x00000000   Number         0  libinit.o ABSOLUTE
    ../clib/libinit.s                        0x00000000   Number         0  libshutdown.o ABSOLUTE
    ../clib/libinit.s                        0x00000000   Number         0  libshutdown2.o ABSOLUTE
    ../clib/memcpset.s                       0x00000000   Number         0  rt_memcpy_v6.o ABSOLUTE
    ../clib/memcpset.s                       0x00000000   Number         0  aeabi_memset4.o ABSOLUTE
    ../clib/memcpset.s                       0x00000000   Number         0  rt_memclr.o ABSOLUTE
    ../clib/memcpset.s                       0x00000000   Number         0  rt_memcpy_w.o ABSOLUTE
    ../clib/memcpset.s                       0x00000000   Number         0  rt_memclr_w.o ABSOLUTE
    ../clib/signal.c                         0x00000000   Number         0  defsig_rtmem_outer.o ABSOLUTE
    ../clib/signal.c                         0x00000000   Number         0  defsig_rtmem_formal.o ABSOLUTE
    ../clib/signal.c                         0x00000000   Number         0  defsig_exit.o ABSOLUTE
    ../clib/signal.c                         0x00000000   Number         0  defsig_rtmem_inner.o ABSOLUTE
    ../clib/signal.c                         0x00000000   Number         0  __raise.o ABSOLUTE
    ../clib/signal.c                         0x00000000   Number         0  defsig_general.o ABSOLUTE
    ../clib/signal.c                         0x00000000   Number         0  defsig_abrt_inner.o ABSOLUTE
    ../clib/signal.c                         0x00000000   Number         0  defsig_fpe_inner.o ABSOLUTE
    ../clib/signal.c                         0x00000000   Number         0  defsig_rtred_inner.o ABSOLUTE
    ../clib/signal.c                         0x00000000   Number         0  defsig_stak_inner.o ABSOLUTE
    ../clib/signal.c                         0x00000000   Number         0  defsig_pvfn_inner.o ABSOLUTE
    ../clib/signal.c                         0x00000000   Number         0  defsig_cppl_inner.o ABSOLUTE
    ../clib/signal.c                         0x00000000   Number         0  defsig_segv_inner.o ABSOLUTE
    ../clib/signal.c                         0x00000000   Number         0  defsig_other.o ABSOLUTE
    ../clib/signal.s                         0x00000000   Number         0  defsig.o ABSOLUTE
    ../clib/stdlib.c                         0x00000000   Number         0  exit.o ABSOLUTE
    ../clib/string.c                         0x00000000   Number         0  strlen.o ABSOLUTE
    ../fplib/dfix.s                          0x00000000   Number         0  dfix.o ABSOLUTE
    ../fplib/dmul.s                          0x00000000   Number         0  dmul.o ABSOLUTE
    ../fplib/dnaninf.s                       0x00000000   Number         0  dnaninf.o ABSOLUTE
    ../fplib/dretinf.s                       0x00000000   Number         0  dretinf.o ABSOLUTE
    ../fplib/fpinit.s                        0x00000000   Number         0  fpinit.o ABSOLUTE
    ../fplib/usenofp.s                       0x00000000   Number         0  usenofp.o ABSOLUTE
    DIO.c                                    0x00000000   Number         0  dio.o ABSOLUTE
    RTE/Device/TM4C123GH6PM/startup_TM4C123.s 0x00000000   Number         0  startup_tm4c123.o ABSOLUTE
    dc.s                                     0x00000000   Number         0  dc.o ABSOLUTE
    freertos_evr.c                           0x00000000   Number         0  freertos_evr.o ABSOLUTE
    functions.c                              0x00000000   Number         0  functions.o ABSOLUTE
    heap_2.c                                 0x00000000   Number         0  heap_2.o ABSOLUTE
    list.c                                   0x00000000   Number         0  list.o ABSOLUTE
    main.c                                   0x00000000   Number         0  main.o ABSOLUTE
    motorControl.c                           0x00000000   Number         0  motorcontrol.o ABSOLUTE
    port.c                                   0x00000000   Number         0  port.o ABSOLUTE
    queue.c                                  0x00000000   Number         0  queue.o ABSOLUTE
    system_TM4C123.c                         0x00000000   Number         0  system_tm4c123.o ABSOLUTE
    tasks.c                                  0x00000000   Number         0  tasks.o ABSOLUTE
    RESET                                    0x00000000   Section      620  startup_tm4c123.o(RESET)
    !!!main                                  0x0000026c   Section        8  __main.o(!!!main)
    !!!scatter                               0x00000274   Section       52  __scatter.o(!!!scatter)
    !!handler_copy                           0x000002a8   Section       26  __scatter_copy.o(!!handler_copy)
    !!handler_zi                             0x000002c4   Section       28  __scatter_zi.o(!!handler_zi)
    .ARM.Collect$$libinit$$00000000          0x000002e0   Section        2  libinit.o(.ARM.Collect$$libinit$$00000000)
    .ARM.Collect$$libinit$$00000001          0x000002e2   Section        4  libinit2.o(.ARM.Collect$$libinit$$00000001)
    .ARM.Collect$$libinit$$00000004          0x000002e6   Section        0  libinit2.o(.ARM.Collect$$libinit$$00000004)
    .ARM.Collect$$libinit$$00000006          0x000002e6   Section        0  libinit2.o(.ARM.Collect$$libinit$$00000006)
    .ARM.Collect$$libinit$$0000000C          0x000002e6   Section        0  libinit2.o(.ARM.Collect$$libinit$$0000000C)
    .ARM.Collect$$libinit$$0000000E          0x000002e6   Section        0  libinit2.o(.ARM.Collect$$libinit$$0000000E)
    .ARM.Collect$$libinit$$00000010          0x000002e6   Section        0  libinit2.o(.ARM.Collect$$libinit$$00000010)
    .ARM.Collect$$libinit$$00000013          0x000002e6   Section        0  libinit2.o(.ARM.Collect$$libinit$$00000013)
    .ARM.Collect$$libinit$$00000015          0x000002e6   Section        0  libinit2.o(.ARM.Collect$$libinit$$00000015)
    .ARM.Collect$$libinit$$00000017          0x000002e6   Section        0  libinit2.o(.ARM.Collect$$libinit$$00000017)
    .ARM.Collect$$libinit$$00000019          0x000002e6   Section        0  libinit2.o(.ARM.Collect$$libinit$$00000019)
    .ARM.Collect$$libinit$$0000001B          0x000002e6   Section        0  libinit2.o(.ARM.Collect$$libinit$$0000001B)
    .ARM.Collect$$libinit$$0000001D          0x000002e6   Section        0  libinit2.o(.ARM.Collect$$libinit$$0000001D)
    .ARM.Collect$$libinit$$0000001F          0x000002e6   Section        0  libinit2.o(.ARM.Collect$$libinit$$0000001F)
    .ARM.Collect$$libinit$$00000021          0x000002e6   Section        0  libinit2.o(.ARM.Collect$$libinit$$00000021)
    .ARM.Collect$$libinit$$00000023          0x000002e6   Section        0  libinit2.o(.ARM.Collect$$libinit$$00000023)
    .ARM.Collect$$libinit$$00000025          0x000002e6   Section        0  libinit2.o(.ARM.Collect$$libinit$$00000025)
    .ARM.Collect$$libinit$$00000027          0x000002e6   Section        0  libinit2.o(.ARM.Collect$$libinit$$00000027)
    .ARM.Collect$$libinit$$0000002E          0x000002e6   Section        0  libinit2.o(.ARM.Collect$$libinit$$0000002E)
    .ARM.Collect$$libinit$$00000030          0x000002e6   Section        0  libinit2.o(.ARM.Collect$$libinit$$00000030)
    .ARM.Collect$$libinit$$00000032          0x000002e6   Section        0  libinit2.o(.ARM.Collect$$libinit$$00000032)
    .ARM.Collect$$libinit$$00000034          0x000002e6   Section        0  libinit2.o(.ARM.Collect$$libinit$$00000034)
    .ARM.Collect$$libinit$$00000035          0x000002e6   Section        2  libinit2.o(.ARM.Collect$$libinit$$00000035)
    .ARM.Collect$$libshutdown$$00000000      0x000002e8   Section        2  libshutdown.o(.ARM.Collect$$libshutdown$$00000000)
    .ARM.Collect$$libshutdown$$00000002      0x000002ea   Section        0  libshutdown2.o(.ARM.Collect$$libshutdown$$00000002)
    .ARM.Collect$$libshutdown$$00000004      0x000002ea   Section        0  libshutdown2.o(.ARM.Collect$$libshutdown$$00000004)
    .ARM.Collect$$libshutdown$$00000007      0x000002ea   Section        0  libshutdown2.o(.ARM.Collect$$libshutdown$$00000007)
    .ARM.Collect$$libshutdown$$0000000A      0x000002ea   Section        0  libshutdown2.o(.ARM.Collect$$libshutdown$$0000000A)
    .ARM.Collect$$libshutdown$$0000000C      0x000002ea   Section        0  libshutdown2.o(.ARM.Collect$$libshutdown$$0000000C)
    .ARM.Collect$$libshutdown$$0000000F      0x000002ea   Section        0  libshutdown2.o(.ARM.Collect$$libshutdown$$0000000F)
    .ARM.Collect$$libshutdown$$00000010      0x000002ea   Section        2  libshutdown2.o(.ARM.Collect$$libshutdown$$00000010)
    .ARM.Collect$$rtentry$$00000000          0x000002ec   Section        0  __rtentry.o(.ARM.Collect$$rtentry$$00000000)
    .ARM.Collect$$rtentry$$00000002          0x000002ec   Section        0  __rtentry2.o(.ARM.Collect$$rtentry$$00000002)
    .ARM.Collect$$rtentry$$00000004          0x000002ec   Section        6  __rtentry4.o(.ARM.Collect$$rtentry$$00000004)
    .ARM.Collect$$rtentry$$00000009          0x000002f2   Section        0  __rtentry2.o(.ARM.Collect$$rtentry$$00000009)
    .ARM.Collect$$rtentry$$0000000A          0x000002f2   Section        4  __rtentry2.o(.ARM.Collect$$rtentry$$0000000A)
    .ARM.Collect$$rtentry$$0000000C          0x000002f6   Section        0  __rtentry2.o(.ARM.Collect$$rtentry$$0000000C)
    .ARM.Collect$$rtentry$$0000000D          0x000002f6   Section        8  __rtentry2.o(.ARM.Collect$$rtentry$$0000000D)
    .ARM.Collect$$rtexit$$00000000           0x000002fe   Section        2  rtexit.o(.ARM.Collect$$rtexit$$00000000)
    .ARM.Collect$$rtexit$$00000002           0x00000300   Section        0  rtexit2.o(.ARM.Collect$$rtexit$$00000002)
    .ARM.Collect$$rtexit$$00000003           0x00000300   Section        4  rtexit2.o(.ARM.Collect$$rtexit$$00000003)
    .ARM.Collect$$rtexit$$00000004           0x00000304   Section        6  rtexit2.o(.ARM.Collect$$rtexit$$00000004)
    $v0                                      0x0000030c   Number         0  startup_tm4c123.o(.text)
    .text                                    0x0000030c   Section      276  startup_tm4c123.o(.text)
    .text                                    0x00000420   Section      138  rt_memcpy_v6.o(.text)
    .text                                    0x000004aa   Section       16  aeabi_memset4.o(.text)
    .text                                    0x000004ba   Section       68  rt_memclr.o(.text)
    .text                                    0x000004fe   Section        0  heapauxi.o(.text)
    .text                                    0x00000504   Section        2  use_no_semi.o(.text)
    .text                                    0x00000506   Section        0  indicate_semi.o(.text)
    .text                                    0x00000506   Section      100  rt_memcpy_w.o(.text)
    .text                                    0x0000056a   Section       78  rt_memclr_w.o(.text)
    .text                                    0x000005b8   Section       74  sys_stackheap_outer.o(.text)
    .text                                    0x00000602   Section        0  exit.o(.text)
    .text                                    0x00000614   Section        8  libspace.o(.text)
    .text                                    0x0000061c   Section        0  sys_exit.o(.text)
    [Anonymous Symbol]                       0x00000628   Section        0  dio.o(.text.DIO_ReadPin)
    [Anonymous Symbol]                       0x00000648   Section        0  dio.o(.text.DIO_WritePort)
    [Anonymous Symbol]                       0x00000658   Section        0  dio.o(.text.DIO_init)
    [Anonymous Symbol]                       0x000007b0   Section        0  port.o(.text.PendSV_Handler)
    pxCurrentTCBConst                        0x00000810   Number         0  port.o(.text.PendSV_Handler)
    [Anonymous Symbol]                       0x00000820   Section        0  port.o(.text.SVC_Handler)
    pxCurrentTCBConst2                       0x00000840   Number         0  port.o(.text.SVC_Handler)
    [Anonymous Symbol]                       0x00000844   Section        0  port.o(.text.SysTick_Handler)
    [Anonymous Symbol]                       0x00000880   Section        0  system_tm4c123.o(.text.SystemInit)
    [Anonymous Symbol]                       0x0000098c   Section        0  functions.o(.text.control)
    [Anonymous Symbol]                       0x00000bb8   Section        0  tasks.o(.text.eTaskConfirmSleepModeStatus)
    [Anonymous Symbol]                       0x00000c38   Section        0  main.o(.text.main)
    [Anonymous Symbol]                       0x00000d84   Section        0  motorcontrol.o(.text.motorDOWN)
    [Anonymous Symbol]                       0x00000d98   Section        0  motorcontrol.o(.text.motorOFF)
    [Anonymous Symbol]                       0x00000dac   Section        0  motorcontrol.o(.text.motorUP)
    [Anonymous Symbol]                       0x00000dc0   Section        0  functions.o(.text.openCloseDriver)
    [Anonymous Symbol]                       0x00000ea0   Section        0  functions.o(.text.openCloseDriverAuto)
    [Anonymous Symbol]                       0x00000f78   Section        0  functions.o(.text.openClosePassenger)
    [Anonymous Symbol]                       0x00001088   Section        0  functions.o(.text.openClosePassengerAuto)
    prvAddCurrentTaskToDelayedList           0x00001161   Thumb Code   290  tasks.o(.text.prvAddCurrentTaskToDelayedList)
    [Anonymous Symbol]                       0x00001160   Section        0  tasks.o(.text.prvAddCurrentTaskToDelayedList)
    prvAddNewTaskToReadyList                 0x00001285   Thumb Code   340  tasks.o(.text.prvAddNewTaskToReadyList)
    [Anonymous Symbol]                       0x00001284   Section        0  tasks.o(.text.prvAddNewTaskToReadyList)
    prvCheckTasksWaitingTermination          0x000013d9   Thumb Code    90  tasks.o(.text.prvCheckTasksWaitingTermination)
    [Anonymous Symbol]                       0x000013d8   Section        0  tasks.o(.text.prvCheckTasksWaitingTermination)
    prvCopyDataFromQueue                     0x00001435   Thumb Code    66  queue.o(.text.prvCopyDataFromQueue)
    [Anonymous Symbol]                       0x00001434   Section        0  queue.o(.text.prvCopyDataFromQueue)
    prvCopyDataToQueue                       0x00001479   Thumb Code   204  queue.o(.text.prvCopyDataToQueue)
    [Anonymous Symbol]                       0x00001478   Section        0  queue.o(.text.prvCopyDataToQueue)
    prvDeleteTCB                             0x00001545   Thumb Code    24  tasks.o(.text.prvDeleteTCB)
    [Anonymous Symbol]                       0x00001544   Section        0  tasks.o(.text.prvDeleteTCB)
    prvGetDisinheritPriorityAfterTimeout     0x0000155d   Thumb Code    38  queue.o(.text.prvGetDisinheritPriorityAfterTimeout)
    [Anonymous Symbol]                       0x0000155c   Section        0  queue.o(.text.prvGetDisinheritPriorityAfterTimeout)
    prvGetExpectedIdleTime                   0x00001585   Thumb Code   124  tasks.o(.text.prvGetExpectedIdleTime)
    [Anonymous Symbol]                       0x00001584   Section        0  tasks.o(.text.prvGetExpectedIdleTime)
    prvHeapInit                              0x00001601   Thumb Code    66  heap_2.o(.text.prvHeapInit)
    [Anonymous Symbol]                       0x00001600   Section        0  heap_2.o(.text.prvHeapInit)
    prvIdleTask                              0x00001645   Thumb Code   154  tasks.o(.text.prvIdleTask)
    [Anonymous Symbol]                       0x00001644   Section        0  tasks.o(.text.prvIdleTask)
    prvInitialiseNewQueue                    0x000016e1   Thumb Code    78  queue.o(.text.prvInitialiseNewQueue)
    [Anonymous Symbol]                       0x000016e0   Section        0  queue.o(.text.prvInitialiseNewQueue)
    prvInitialiseNewTask                     0x00001731   Thumb Code   292  tasks.o(.text.prvInitialiseNewTask)
    [Anonymous Symbol]                       0x00001730   Section        0  tasks.o(.text.prvInitialiseNewTask)
    prvInitialiseTaskLists                   0x00001855   Thumb Code   142  tasks.o(.text.prvInitialiseTaskLists)
    [Anonymous Symbol]                       0x00001854   Section        0  tasks.o(.text.prvInitialiseTaskLists)
    prvIsQueueEmpty                          0x000018e5   Thumb Code    40  queue.o(.text.prvIsQueueEmpty)
    [Anonymous Symbol]                       0x000018e4   Section        0  queue.o(.text.prvIsQueueEmpty)
    prvIsQueueFull                           0x0000190d   Thumb Code    46  queue.o(.text.prvIsQueueFull)
    [Anonymous Symbol]                       0x0000190c   Section        0  queue.o(.text.prvIsQueueFull)
    prvNotifyQueueSetContainer               0x0000193d   Thumb Code   236  queue.o(.text.prvNotifyQueueSetContainer)
    [Anonymous Symbol]                       0x0000193c   Section        0  queue.o(.text.prvNotifyQueueSetContainer)
    prvPortStartFirstTask                    0x00001a29   Thumb Code    40  port.o(.text.prvPortStartFirstTask)
    [Anonymous Symbol]                       0x00001a28   Section        0  port.o(.text.prvPortStartFirstTask)
    prvResetNextTaskUnblockTime              0x00001a51   Thumb Code    60  tasks.o(.text.prvResetNextTaskUnblockTime)
    [Anonymous Symbol]                       0x00001a50   Section        0  tasks.o(.text.prvResetNextTaskUnblockTime)
    prvTaskExitError                         0x00001a8d   Thumb Code    76  port.o(.text.prvTaskExitError)
    [Anonymous Symbol]                       0x00001a8c   Section        0  port.o(.text.prvTaskExitError)
    prvUnlockQueue                           0x00001ad9   Thumb Code   204  queue.o(.text.prvUnlockQueue)
    [Anonymous Symbol]                       0x00001ad8   Section        0  queue.o(.text.prvUnlockQueue)
    [Anonymous Symbol]                       0x00001ba4   Section        0  heap_2.o(.text.pvPortMalloc)
    [Anonymous Symbol]                       0x00001d20   Section        0  tasks.o(.text.pvTaskIncrementMutexHeldCount)
    [Anonymous Symbol]                       0x00001d4c   Section        0  port.o(.text.pxPortInitialiseStack)
    [Anonymous Symbol]                       0x00001dac   Section        0  list.o(.text.uxListRemove)
    [Anonymous Symbol]                       0x00001df4   Section        0  tasks.o(.text.uxTaskGetNumberOfTasks)
    [Anonymous Symbol]                       0x00001e00   Section        0  list.o(.text.vListInitialise)
    [Anonymous Symbol]                       0x00001e30   Section        0  list.o(.text.vListInitialiseItem)
    [Anonymous Symbol]                       0x00001e40   Section        0  list.o(.text.vListInsert)
    vPortEnableVFP                           0x00001ead   Thumb Code    20  port.o(.text.vPortEnableVFP)
    [Anonymous Symbol]                       0x00001eac   Section        0  port.o(.text.vPortEnableVFP)
    [Anonymous Symbol]                       0x00001ec0   Section        0  port.o(.text.vPortEnterCritical)
    [Anonymous Symbol]                       0x00001f18   Section        0  port.o(.text.vPortExitCritical)
    [Anonymous Symbol]                       0x00001f64   Section        0  heap_2.o(.text.vPortFree)
    [Anonymous Symbol]                       0x00002040   Section        0  port.o(.text.vPortSetupTimerInterrupt)
    [Anonymous Symbol]                       0x000020b8   Section        0  port.o(.text.vPortSuppressTicksAndSleep)
    [Anonymous Symbol]                       0x000022d8   Section        0  tasks.o(.text.vTaskInternalSetTimeOutState)
    [Anonymous Symbol]                       0x000022fc   Section        0  tasks.o(.text.vTaskMissedYield)
    [Anonymous Symbol]                       0x0000230c   Section        0  tasks.o(.text.vTaskPlaceOnEventList)
    [Anonymous Symbol]                       0x00002350   Section        0  tasks.o(.text.vTaskPriorityDisinheritAfterTimeout)
    [Anonymous Symbol]                       0x000024d4   Section        0  tasks.o(.text.vTaskStartScheduler)
    [Anonymous Symbol]                       0x00002578   Section        0  tasks.o(.text.vTaskStepTick)
    [Anonymous Symbol]                       0x00002644   Section        0  tasks.o(.text.vTaskSuspendAll)
    __tagsym$$used.0                         0x00002654   Number         0  tasks.o(.text.vTaskSwitchContext)
    [Anonymous Symbol]                       0x00002654   Section        0  tasks.o(.text.vTaskSwitchContext)
    [Anonymous Symbol]                       0x00002714   Section        0  port.o(.text.xPortStartScheduler)
    [Anonymous Symbol]                       0x00002890   Section        0  queue.o(.text.xQueueGenericCreate)
    [Anonymous Symbol]                       0x0000292c   Section        0  queue.o(.text.xQueueGenericReset)
    [Anonymous Symbol]                       0x00002a34   Section        0  queue.o(.text.xQueueGenericSend)
    [Anonymous Symbol]                       0x00002ca8   Section        0  queue.o(.text.xQueueReceive)
    [Anonymous Symbol]                       0x00002e84   Section        0  queue.o(.text.xQueueSemaphoreTake)
    [Anonymous Symbol]                       0x00003094   Section        0  tasks.o(.text.xTaskCheckForTimeOut)
    [Anonymous Symbol]                       0x00003190   Section        0  tasks.o(.text.xTaskCreate)
    [Anonymous Symbol]                       0x00003230   Section        0  tasks.o(.text.xTaskGetSchedulerState)
    [Anonymous Symbol]                       0x00003268   Section        0  tasks.o(.text.xTaskIncrementTick)
    [Anonymous Symbol]                       0x000034c8   Section        0  tasks.o(.text.xTaskPriorityDisinherit)
    [Anonymous Symbol]                       0x00003600   Section        0  tasks.o(.text.xTaskPriorityInherit)
    [Anonymous Symbol]                       0x0000375c   Section        0  tasks.o(.text.xTaskRemoveFromEventList)
    [Anonymous Symbol]                       0x000038f0   Section        0  tasks.o(.text.xTaskResumeAll)
    $v0                                      0x00003b12   Number         0  fpinit.o(x$fpl$fpinit)
    x$fpl$fpinit                             0x00003b12   Section       26  fpinit.o(x$fpl$fpinit)
    .L.str.4                                 0x00003b2c   Data           8  main.o(.rodata.str1.1)
    [Anonymous Symbol]                       0x00003b2c   Section        0  main.o(.rodata.str1.1)
    .L.str.3                                 0x00003b34   Data          23  main.o(.rodata.str1.1)
    .L.str.1                                 0x00003b4b   Data          20  main.o(.rodata.str1.1)
    .L.str.2                                 0x00003b5f   Data          19  main.o(.rodata.str1.1)
    .L.str                                   0x00003b72   Data          16  main.o(.rodata.str1.1)
    .L.str                                   0x00003b82   Data           5  tasks.o(.rodata.str1.1)
    [Anonymous Symbol]                       0x00003b82   Section        0  tasks.o(.rodata.str1.1)
    uxCriticalNesting                        0x20000004   Data           4  port.o(.data.uxCriticalNesting)
    [Anonymous Symbol]                       0x20000004   Section        0  port.o(.data.uxCriticalNesting)
    xFreeBytesRemaining                      0x20000008   Data           4  heap_2.o(.data.xFreeBytesRemaining)
    [Anonymous Symbol]                       0x20000008   Section        0  heap_2.o(.data.xFreeBytesRemaining)
    .bss                                     0x20000010   Section       96  libspace.o(.bss)
    pvPortMalloc.xHeapHasBeenInitialised     0x20000084   Data           4  heap_2.o(.bss.pvPortMalloc.xHeapHasBeenInitialised)
    [Anonymous Symbol]                       0x20000084   Section        0  heap_2.o(.bss.pvPortMalloc.xHeapHasBeenInitialised)
    __tagsym$$used.1                         0x20000088   Number         0  tasks.o(.bss.pxCurrentTCB)
    pxDelayedTaskList                        0x2000008c   Data           4  tasks.o(.bss.pxDelayedTaskList)
    [Anonymous Symbol]                       0x2000008c   Section        0  tasks.o(.bss.pxDelayedTaskList)
    pxOverflowDelayedTaskList                0x20000090   Data           4  tasks.o(.bss.pxOverflowDelayedTaskList)
    [Anonymous Symbol]                       0x20000090   Section        0  tasks.o(.bss.pxOverflowDelayedTaskList)
    pxReadyTasksLists                        0x20000094   Data         100  tasks.o(.bss.pxReadyTasksLists)
    [Anonymous Symbol]                       0x20000094   Section        0  tasks.o(.bss.pxReadyTasksLists)
    ucHeap                                   0x200000f8   Data        8192  heap_2.o(.bss.ucHeap)
    [Anonymous Symbol]                       0x200000f8   Section        0  heap_2.o(.bss.ucHeap)
    ucMaxSysCallPriority                     0x200020f8   Data           1  port.o(.bss.ucMaxSysCallPriority)
    [Anonymous Symbol]                       0x200020f8   Section        0  port.o(.bss.ucMaxSysCallPriority)
    ulMaxPRIGROUPValue                       0x200020fc   Data           4  port.o(.bss.ulMaxPRIGROUPValue)
    [Anonymous Symbol]                       0x200020fc   Section        0  port.o(.bss.ulMaxPRIGROUPValue)
    ulStoppedTimerCompensation               0x20002100   Data           4  port.o(.bss.ulStoppedTimerCompensation)
    [Anonymous Symbol]                       0x20002100   Section        0  port.o(.bss.ulStoppedTimerCompensation)
    ulTimerCountsForOneTick                  0x20002104   Data           4  port.o(.bss.ulTimerCountsForOneTick)
    [Anonymous Symbol]                       0x20002104   Section        0  port.o(.bss.ulTimerCountsForOneTick)
    uxCurrentNumberOfTasks                   0x20002108   Data           4  tasks.o(.bss.uxCurrentNumberOfTasks)
    [Anonymous Symbol]                       0x20002108   Section        0  tasks.o(.bss.uxCurrentNumberOfTasks)
    uxDeletedTasksWaitingCleanUp             0x2000210c   Data           4  tasks.o(.bss.uxDeletedTasksWaitingCleanUp)
    [Anonymous Symbol]                       0x2000210c   Section        0  tasks.o(.bss.uxDeletedTasksWaitingCleanUp)
    uxSchedulerSuspended                     0x20002110   Data           4  tasks.o(.bss.uxSchedulerSuspended)
    [Anonymous Symbol]                       0x20002110   Section        0  tasks.o(.bss.uxSchedulerSuspended)
    uxTaskNumber                             0x20002114   Data           4  tasks.o(.bss.uxTaskNumber)
    [Anonymous Symbol]                       0x20002114   Section        0  tasks.o(.bss.uxTaskNumber)
    uxTopReadyPriority                       0x20002118   Data           4  tasks.o(.bss.uxTopReadyPriority)
    [Anonymous Symbol]                       0x20002118   Section        0  tasks.o(.bss.uxTopReadyPriority)
    xDelayedTaskList1                        0x2000212c   Data          20  tasks.o(.bss.xDelayedTaskList1)
    [Anonymous Symbol]                       0x2000212c   Section        0  tasks.o(.bss.xDelayedTaskList1)
    xDelayedTaskList2                        0x20002140   Data          20  tasks.o(.bss.xDelayedTaskList2)
    [Anonymous Symbol]                       0x20002140   Section        0  tasks.o(.bss.xDelayedTaskList2)
    xEnd                                     0x20002154   Data           8  heap_2.o(.bss.xEnd)
    [Anonymous Symbol]                       0x20002154   Section        0  heap_2.o(.bss.xEnd)
    xIdleTaskHandle                          0x2000215c   Data           4  tasks.o(.bss.xIdleTaskHandle)
    [Anonymous Symbol]                       0x2000215c   Section        0  tasks.o(.bss.xIdleTaskHandle)
    xMaximumPossibleSuppressedTicks          0x20002160   Data           4  port.o(.bss.xMaximumPossibleSuppressedTicks)
    [Anonymous Symbol]                       0x20002160   Section        0  port.o(.bss.xMaximumPossibleSuppressedTicks)
    xNextTaskUnblockTime                     0x20002164   Data           4  tasks.o(.bss.xNextTaskUnblockTime)
    [Anonymous Symbol]                       0x20002164   Section        0  tasks.o(.bss.xNextTaskUnblockTime)
    xNumOfOverflows                          0x20002168   Data           4  tasks.o(.bss.xNumOfOverflows)
    [Anonymous Symbol]                       0x20002168   Section        0  tasks.o(.bss.xNumOfOverflows)
    xPendedTicks                             0x2000216c   Data           4  tasks.o(.bss.xPendedTicks)
    [Anonymous Symbol]                       0x2000216c   Section        0  tasks.o(.bss.xPendedTicks)
    xPendingReadyList                        0x20002170   Data          20  tasks.o(.bss.xPendingReadyList)
    [Anonymous Symbol]                       0x20002170   Section        0  tasks.o(.bss.xPendingReadyList)
    xSchedulerRunning                        0x20002188   Data           4  tasks.o(.bss.xSchedulerRunning)
    [Anonymous Symbol]                       0x20002188   Section        0  tasks.o(.bss.xSchedulerRunning)
    xStart                                   0x2000218c   Data           8  heap_2.o(.bss.xStart)
    [Anonymous Symbol]                       0x2000218c   Section        0  heap_2.o(.bss.xStart)
    xSuspendedTaskList                       0x20002194   Data          20  tasks.o(.bss.xSuspendedTaskList)
    [Anonymous Symbol]                       0x20002194   Section        0  tasks.o(.bss.xSuspendedTaskList)
    xTasksWaitingTermination                 0x200021a8   Data          20  tasks.o(.bss.xTasksWaitingTermination)
    [Anonymous Symbol]                       0x200021a8   Section        0  tasks.o(.bss.xTasksWaitingTermination)
    xTickCount                               0x200021bc   Data           4  tasks.o(.bss.xTickCount)
    [Anonymous Symbol]                       0x200021bc   Section        0  tasks.o(.bss.xTickCount)
    xYieldPending                            0x200021c0   Data           4  tasks.o(.bss.xYieldPending)
    [Anonymous Symbol]                       0x200021c0   Section        0  tasks.o(.bss.xYieldPending)
    Heap_Mem                                 0x200021c8   Data           0  startup_tm4c123.o(HEAP)
    Stack_Mem                                0x200021c8   Data         512  startup_tm4c123.o(STACK)
    HEAP                                     0x200021c8   Section        0  startup_tm4c123.o(HEAP)
    STACK                                    0x200021c8   Section      512  startup_tm4c123.o(STACK)
    __initial_sp                             0x200023c8   Data           0  startup_tm4c123.o(STACK)

    Global Symbols

    Symbol Name                              Value     Ov Type        Size  Object(Section)

    BuildAttributes$$THM_ISAv4$E$P$D$K$B$S$7EM$VFPi3$EXTD16$VFPS$VFMA$PE$A:L22UL41UL21$X:L11$S22US41US21$IEEE1$IW$~IW$USESV6$~STKCKD$USESV7$~SHL$OSPACE$ROPI$EBA8$UX$STANDARDLIB$REQ8$PRES8$EABIv2 0x00000000   Number         0  anon$$obj.o ABSOLUTE
    __Vectors                                0x00000000   Data           4  startup_tm4c123.o(RESET)
    __ARM_exceptions_init                     - Undefined Weak Reference
    __alloca_initialize                       - Undefined Weak Reference
    __arm_preinit_                            - Undefined Weak Reference
    __arm_relocate_pie_                       - Undefined Weak Reference
    __cpp_initialize__aeabi_                  - Undefined Weak Reference
    __cxa_finalize                            - Undefined Weak Reference
    __rt_locale                               - Undefined Weak Reference
    __sigvec_lookup                           - Undefined Weak Reference
    _atexit_init                              - Undefined Weak Reference
    _call_atexit_fns                          - Undefined Weak Reference
    _fp_trap_init                             - Undefined Weak Reference
    _fp_trap_shutdown                         - Undefined Weak Reference
    _get_lc_collate                           - Undefined Weak Reference
    _get_lc_ctype                             - Undefined Weak Reference
    _get_lc_monetary                          - Undefined Weak Reference
    _get_lc_numeric                           - Undefined Weak Reference
    _get_lc_time                              - Undefined Weak Reference
    _getenv_init                              - Undefined Weak Reference
    _handle_redirection                       - Undefined Weak Reference
    _init_alloc                               - Undefined Weak Reference
    _init_user_alloc                          - Undefined Weak Reference
    _initio                                   - Undefined Weak Reference
    _rand_init                                - Undefined Weak Reference
    _signal_finish                            - Undefined Weak Reference
    _signal_init                              - Undefined Weak Reference
    _terminate_alloc                          - Undefined Weak Reference
    _terminate_user_alloc                     - Undefined Weak Reference
    _terminateio                              - Undefined Weak Reference
    __Vectors_End                            0x0000026c   Data           0  startup_tm4c123.o(RESET)
    __Vectors_Size                           0x0000026c   Number         0  startup_tm4c123.o ABSOLUTE
    __main                                   0x0000026d   Thumb Code     8  __main.o(!!!main)
    __scatterload                            0x00000275   Thumb Code     0  __scatter.o(!!!scatter)
    __scatterload_rt2                        0x00000275   Thumb Code    44  __scatter.o(!!!scatter)
    __scatterload_rt2_thumb_only             0x00000275   Thumb Code     0  __scatter.o(!!!scatter)
    __scatterload_null                       0x00000283   Thumb Code     0  __scatter.o(!!!scatter)
    __scatterload_copy                       0x000002a9   Thumb Code    26  __scatter_copy.o(!!handler_copy)
    __scatterload_zeroinit                   0x000002c5   Thumb Code    28  __scatter_zi.o(!!handler_zi)
    __rt_lib_init                            0x000002e1   Thumb Code     0  libinit.o(.ARM.Collect$$libinit$$00000000)
    __rt_lib_init_fp_1                       0x000002e3   Thumb Code     0  libinit2.o(.ARM.Collect$$libinit$$00000001)
    __rt_lib_init_alloca_1                   0x000002e7   Thumb Code     0  libinit2.o(.ARM.Collect$$libinit$$00000030)
    __rt_lib_init_argv_1                     0x000002e7   Thumb Code     0  libinit2.o(.ARM.Collect$$libinit$$0000002E)
    __rt_lib_init_atexit_1                   0x000002e7   Thumb Code     0  libinit2.o(.ARM.Collect$$libinit$$0000001D)
    __rt_lib_init_clock_1                    0x000002e7   Thumb Code     0  libinit2.o(.ARM.Collect$$libinit$$00000023)
    __rt_lib_init_cpp_1                      0x000002e7   Thumb Code     0  libinit2.o(.ARM.Collect$$libinit$$00000034)
    __rt_lib_init_exceptions_1               0x000002e7   Thumb Code     0  libinit2.o(.ARM.Collect$$libinit$$00000032)
    __rt_lib_init_fp_trap_1                  0x000002e7   Thumb Code     0  libinit2.o(.ARM.Collect$$libinit$$00000021)
    __rt_lib_init_getenv_1                   0x000002e7   Thumb Code     0  libinit2.o(.ARM.Collect$$libinit$$00000025)
    __rt_lib_init_heap_1                     0x000002e7   Thumb Code     0  libinit2.o(.ARM.Collect$$libinit$$0000000C)
    __rt_lib_init_lc_collate_1               0x000002e7   Thumb Code     0  libinit2.o(.ARM.Collect$$libinit$$00000013)
    __rt_lib_init_lc_ctype_1                 0x000002e7   Thumb Code     0  libinit2.o(.ARM.Collect$$libinit$$00000015)
    __rt_lib_init_lc_monetary_1              0x000002e7   Thumb Code     0  libinit2.o(.ARM.Collect$$libinit$$00000017)
    __rt_lib_init_lc_numeric_1               0x000002e7   Thumb Code     0  libinit2.o(.ARM.Collect$$libinit$$00000019)
    __rt_lib_init_lc_time_1                  0x000002e7   Thumb Code     0  libinit2.o(.ARM.Collect$$libinit$$0000001B)
    __rt_lib_init_preinit_1                  0x000002e7   Thumb Code     0  libinit2.o(.ARM.Collect$$libinit$$00000006)
    __rt_lib_init_rand_1                     0x000002e7   Thumb Code     0  libinit2.o(.ARM.Collect$$libinit$$00000010)
    __rt_lib_init_relocate_pie_1             0x000002e7   Thumb Code     0  libinit2.o(.ARM.Collect$$libinit$$00000004)
    __rt_lib_init_return                     0x000002e7   Thumb Code     0  libinit2.o(.ARM.Collect$$libinit$$00000035)
    __rt_lib_init_signal_1                   0x000002e7   Thumb Code     0  libinit2.o(.ARM.Collect$$libinit$$0000001F)
    __rt_lib_init_stdio_1                    0x000002e7   Thumb Code     0  libinit2.o(.ARM.Collect$$libinit$$00000027)
    __rt_lib_init_user_alloc_1               0x000002e7   Thumb Code     0  libinit2.o(.ARM.Collect$$libinit$$0000000E)
    __rt_lib_shutdown                        0x000002e9   Thumb Code     0  libshutdown.o(.ARM.Collect$$libshutdown$$00000000)
    __rt_lib_shutdown_cpp_1                  0x000002eb   Thumb Code     0  libshutdown2.o(.ARM.Collect$$libshutdown$$00000002)
    __rt_lib_shutdown_fp_trap_1              0x000002eb   Thumb Code     0  libshutdown2.o(.ARM.Collect$$libshutdown$$00000007)
    __rt_lib_shutdown_heap_1                 0x000002eb   Thumb Code     0  libshutdown2.o(.ARM.Collect$$libshutdown$$0000000F)
    __rt_lib_shutdown_return                 0x000002eb   Thumb Code     0  libshutdown2.o(.ARM.Collect$$libshutdown$$00000010)
    __rt_lib_shutdown_signal_1               0x000002eb   Thumb Code     0  libshutdown2.o(.ARM.Collect$$libshutdown$$0000000A)
    __rt_lib_shutdown_stdio_1                0x000002eb   Thumb Code     0  libshutdown2.o(.ARM.Collect$$libshutdown$$00000004)
    __rt_lib_shutdown_user_alloc_1           0x000002eb   Thumb Code     0  libshutdown2.o(.ARM.Collect$$libshutdown$$0000000C)
    __rt_entry                               0x000002ed   Thumb Code     0  __rtentry.o(.ARM.Collect$$rtentry$$00000000)
    __rt_entry_presh_1                       0x000002ed   Thumb Code     0  __rtentry2.o(.ARM.Collect$$rtentry$$00000002)
    __rt_entry_sh                            0x000002ed   Thumb Code     0  __rtentry4.o(.ARM.Collect$$rtentry$$00000004)
    __rt_entry_li                            0x000002f3   Thumb Code     0  __rtentry2.o(.ARM.Collect$$rtentry$$0000000A)
    __rt_entry_postsh_1                      0x000002f3   Thumb Code     0  __rtentry2.o(.ARM.Collect$$rtentry$$00000009)
    __rt_entry_main                          0x000002f7   Thumb Code     0  __rtentry2.o(.ARM.Collect$$rtentry$$0000000D)
    __rt_entry_postli_1                      0x000002f7   Thumb Code     0  __rtentry2.o(.ARM.Collect$$rtentry$$0000000C)
    __rt_exit                                0x000002ff   Thumb Code     0  rtexit.o(.ARM.Collect$$rtexit$$00000000)
    __rt_exit_ls                             0x00000301   Thumb Code     0  rtexit2.o(.ARM.Collect$$rtexit$$00000003)
    __rt_exit_prels_1                        0x00000301   Thumb Code     0  rtexit2.o(.ARM.Collect$$rtexit$$00000002)
    __rt_exit_exit                           0x00000305   Thumb Code     0  rtexit2.o(.ARM.Collect$$rtexit$$00000004)
    Reset_Handler                            0x0000030d   Thumb Code     8  startup_tm4c123.o(.text)
    NMI_Handler                              0x00000315   Thumb Code     2  startup_tm4c123.o(.text)
    HardFault_Handler                        0x00000317   Thumb Code     2  startup_tm4c123.o(.text)
    MemManage_Handler                        0x00000319   Thumb Code     2  startup_tm4c123.o(.text)
    BusFault_Handler                         0x0000031b   Thumb Code     2  startup_tm4c123.o(.text)
    UsageFault_Handler                       0x0000031d   Thumb Code     2  startup_tm4c123.o(.text)
    DebugMon_Handler                         0x00000321   Thumb Code     2  startup_tm4c123.o(.text)
    GPIOA_Handler                            0x00000327   Thumb Code     2  startup_tm4c123.o(.text)
    GPIOB_Handler                            0x00000329   Thumb Code     2  startup_tm4c123.o(.text)
    GPIOC_Handler                            0x0000032b   Thumb Code     2  startup_tm4c123.o(.text)
    GPIOD_Handler                            0x0000032d   Thumb Code     2  startup_tm4c123.o(.text)
    GPIOE_Handler                            0x0000032f   Thumb Code     2  startup_tm4c123.o(.text)
    UART0_Handler                            0x00000331   Thumb Code     2  startup_tm4c123.o(.text)
    UART1_Handler                            0x00000333   Thumb Code     2  startup_tm4c123.o(.text)
    SSI0_Handler                             0x00000335   Thumb Code     2  startup_tm4c123.o(.text)
    I2C0_Handler                             0x00000337   Thumb Code     2  startup_tm4c123.o(.text)
    PMW0_FAULT_Handler                       0x00000339   Thumb Code     2  startup_tm4c123.o(.text)
    PWM0_0_Handler                           0x0000033b   Thumb Code     2  startup_tm4c123.o(.text)
    PWM0_1_Handler                           0x0000033d   Thumb Code     2  startup_tm4c123.o(.text)
    PWM0_2_Handler                           0x0000033f   Thumb Code     2  startup_tm4c123.o(.text)
    QEI0_Handler                             0x00000341   Thumb Code     2  startup_tm4c123.o(.text)
    ADC0SS0_Handler                          0x00000343   Thumb Code     2  startup_tm4c123.o(.text)
    ADC0SS1_Handler                          0x00000345   Thumb Code     2  startup_tm4c123.o(.text)
    ADC0SS2_Handler                          0x00000347   Thumb Code     2  startup_tm4c123.o(.text)
    ADC0SS3_Handler                          0x00000349   Thumb Code     2  startup_tm4c123.o(.text)
    WDT0_Handler                             0x0000034b   Thumb Code     2  startup_tm4c123.o(.text)
    TIMER0A_Handler                          0x0000034d   Thumb Code     2  startup_tm4c123.o(.text)
    TIMER0B_Handler                          0x0000034f   Thumb Code     2  startup_tm4c123.o(.text)
    TIMER1A_Handler                          0x00000351   Thumb Code     2  startup_tm4c123.o(.text)
    TIMER1B_Handler                          0x00000353   Thumb Code     2  startup_tm4c123.o(.text)
    TIMER2A_Handler                          0x00000355   Thumb Code     2  startup_tm4c123.o(.text)
    TIMER2B_Handler                          0x00000357   Thumb Code     2  startup_tm4c123.o(.text)
    COMP0_Handler                            0x00000359   Thumb Code     2  startup_tm4c123.o(.text)
    COMP1_Handler                            0x0000035b   Thumb Code     2  startup_tm4c123.o(.text)
    COMP2_Handler                            0x0000035d   Thumb Code     2  startup_tm4c123.o(.text)
    SYSCTL_Handler                           0x0000035f   Thumb Code     2  startup_tm4c123.o(.text)
    FLASH_Handler                            0x00000361   Thumb Code     2  startup_tm4c123.o(.text)
    GPIOF_Handler                            0x00000363   Thumb Code     2  startup_tm4c123.o(.text)
    GPIOG_Handler                            0x00000365   Thumb Code     2  startup_tm4c123.o(.text)
    GPIOH_Handler                            0x00000367   Thumb Code     2  startup_tm4c123.o(.text)
    UART2_Handler                            0x00000369   Thumb Code     2  startup_tm4c123.o(.text)
    SSI1_Handler                             0x0000036b   Thumb Code     2  startup_tm4c123.o(.text)
    TIMER3A_Handler                          0x0000036d   Thumb Code     2  startup_tm4c123.o(.text)
    TIMER3B_Handler                          0x0000036f   Thumb Code     2  startup_tm4c123.o(.text)
    I2C1_Handler                             0x00000371   Thumb Code     2  startup_tm4c123.o(.text)
    QEI1_Handler                             0x00000373   Thumb Code     2  startup_tm4c123.o(.text)
    CAN0_Handler                             0x00000375   Thumb Code     2  startup_tm4c123.o(.text)
    CAN1_Handler                             0x00000377   Thumb Code     2  startup_tm4c123.o(.text)
    CAN2_Handler                             0x00000379   Thumb Code     2  startup_tm4c123.o(.text)
    HIB_Handler                              0x0000037b   Thumb Code     2  startup_tm4c123.o(.text)
    USB0_Handler                             0x0000037d   Thumb Code     2  startup_tm4c123.o(.text)
    PWM0_3_Handler                           0x0000037f   Thumb Code     2  startup_tm4c123.o(.text)
    UDMA_Handler                             0x00000381   Thumb Code     2  startup_tm4c123.o(.text)
    UDMAERR_Handler                          0x00000383   Thumb Code     2  startup_tm4c123.o(.text)
    ADC1SS0_Handler                          0x00000385   Thumb Code     2  startup_tm4c123.o(.text)
    ADC1SS1_Handler                          0x00000387   Thumb Code     2  startup_tm4c123.o(.text)
    ADC1SS2_Handler                          0x00000389   Thumb Code     2  startup_tm4c123.o(.text)
    ADC1SS3_Handler                          0x0000038b   Thumb Code     2  startup_tm4c123.o(.text)
    GPIOJ_Handler                            0x0000038d   Thumb Code     2  startup_tm4c123.o(.text)
    GPIOK_Handler                            0x0000038f   Thumb Code     2  startup_tm4c123.o(.text)
    GPIOL_Handler                            0x00000391   Thumb Code     2  startup_tm4c123.o(.text)
    SSI2_Handler                             0x00000393   Thumb Code     2  startup_tm4c123.o(.text)
    SSI3_Handler                             0x00000395   Thumb Code     2  startup_tm4c123.o(.text)
    UART3_Handler                            0x00000397   Thumb Code     2  startup_tm4c123.o(.text)
    UART4_Handler                            0x00000399   Thumb Code     2  startup_tm4c123.o(.text)
    UART5_Handler                            0x0000039b   Thumb Code     2  startup_tm4c123.o(.text)
    UART6_Handler                            0x0000039d   Thumb Code     2  startup_tm4c123.o(.text)
    UART7_Handler                            0x0000039f   Thumb Code     2  startup_tm4c123.o(.text)
    I2C2_Handler                             0x000003a1   Thumb Code     2  startup_tm4c123.o(.text)
    I2C3_Handler                             0x000003a3   Thumb Code     2  startup_tm4c123.o(.text)
    TIMER4A_Handler                          0x000003a5   Thumb Code     2  startup_tm4c123.o(.text)
    TIMER4B_Handler                          0x000003a7   Thumb Code     2  startup_tm4c123.o(.text)
    TIMER5A_Handler                          0x000003a9   Thumb Code     2  startup_tm4c123.o(.text)
    TIMER5B_Handler                          0x000003ab   Thumb Code     2  startup_tm4c123.o(.text)
    WTIMER0A_Handler                         0x000003ad   Thumb Code     2  startup_tm4c123.o(.text)
    WTIMER0B_Handler                         0x000003af   Thumb Code     2  startup_tm4c123.o(.text)
    WTIMER1A_Handler                         0x000003b1   Thumb Code     2  startup_tm4c123.o(.text)
    WTIMER1B_Handler                         0x000003b3   Thumb Code     2  startup_tm4c123.o(.text)
    WTIMER2A_Handler                         0x000003b5   Thumb Code     2  startup_tm4c123.o(.text)
    WTIMER2B_Handler                         0x000003b7   Thumb Code     2  startup_tm4c123.o(.text)
    WTIMER3A_Handler                         0x000003b9   Thumb Code     2  startup_tm4c123.o(.text)
    WTIMER3B_Handler                         0x000003bb   Thumb Code     2  startup_tm4c123.o(.text)
    WTIMER4A_Handler                         0x000003bd   Thumb Code     2  startup_tm4c123.o(.text)
    WTIMER4B_Handler                         0x000003bf   Thumb Code     2  startup_tm4c123.o(.text)
    WTIMER5A_Handler                         0x000003c1   Thumb Code     2  startup_tm4c123.o(.text)
    WTIMER5B_Handler                         0x000003c3   Thumb Code     2  startup_tm4c123.o(.text)
    FPU_Handler                              0x000003c5   Thumb Code     2  startup_tm4c123.o(.text)
    I2C4_Handler                             0x000003c7   Thumb Code     2  startup_tm4c123.o(.text)
    I2C5_Handler                             0x000003c9   Thumb Code     2  startup_tm4c123.o(.text)
    GPIOM_Handler                            0x000003cb   Thumb Code     2  startup_tm4c123.o(.text)
    GPION_Handler                            0x000003cd   Thumb Code     2  startup_tm4c123.o(.text)
    QEI2_Handler                             0x000003cf   Thumb Code     2  startup_tm4c123.o(.text)
    GPIOP0_Handler                           0x000003d1   Thumb Code     2  startup_tm4c123.o(.text)
    GPIOP1_Handler                           0x000003d3   Thumb Code     2  startup_tm4c123.o(.text)
    GPIOP2_Handler                           0x000003d5   Thumb Code     2  startup_tm4c123.o(.text)
    GPIOP3_Handler                           0x000003d7   Thumb Code     2  startup_tm4c123.o(.text)
    GPIOP4_Handler                           0x000003d9   Thumb Code     2  startup_tm4c123.o(.text)
    GPIOP5_Handler                           0x000003db   Thumb Code     2  startup_tm4c123.o(.text)
    GPIOP6_Handler                           0x000003dd   Thumb Code     2  startup_tm4c123.o(.text)
    GPIOP7_Handler                           0x000003df   Thumb Code     2  startup_tm4c123.o(.text)
    GPIOQ0_Handler                           0x000003e1   Thumb Code     2  startup_tm4c123.o(.text)
    GPIOQ1_Handler                           0x000003e3   Thumb Code     2  startup_tm4c123.o(.text)
    GPIOQ2_Handler                           0x000003e5   Thumb Code     2  startup_tm4c123.o(.text)
    GPIOQ3_Handler                           0x000003e7   Thumb Code     2  startup_tm4c123.o(.text)
    GPIOQ4_Handler                           0x000003e9   Thumb Code     2  startup_tm4c123.o(.text)
    GPIOQ5_Handler                           0x000003eb   Thumb Code     2  startup_tm4c123.o(.text)
    GPIOQ6_Handler                           0x000003ed   Thumb Code     2  startup_tm4c123.o(.text)
    GPIOQ7_Handler                           0x000003ef   Thumb Code     2  startup_tm4c123.o(.text)
    GPIOR_Handler                            0x000003f1   Thumb Code     2  startup_tm4c123.o(.text)
    GPIOS_Handler                            0x000003f3   Thumb Code     2  startup_tm4c123.o(.text)
    PMW1_0_Handler                           0x000003f5   Thumb Code     2  startup_tm4c123.o(.text)
    PWM1_1_Handler                           0x000003f7   Thumb Code     2  startup_tm4c123.o(.text)
    PWM1_2_Handler                           0x000003f9   Thumb Code     2  startup_tm4c123.o(.text)
    PWM1_3_Handler                           0x000003fb   Thumb Code     2  startup_tm4c123.o(.text)
    PWM1_FAULT_Handler                       0x000003fd   Thumb Code     2  startup_tm4c123.o(.text)
    __user_initial_stackheap                 0x00000401   Thumb Code     0  startup_tm4c123.o(.text)
    __aeabi_memcpy                           0x00000421   Thumb Code     0  rt_memcpy_v6.o(.text)
    __rt_memcpy                              0x00000421   Thumb Code   138  rt_memcpy_v6.o(.text)
    _memcpy_lastbytes                        0x00000487   Thumb Code     0  rt_memcpy_v6.o(.text)
    __aeabi_memset4                          0x000004ab   Thumb Code    16  aeabi_memset4.o(.text)
    __aeabi_memset8                          0x000004ab   Thumb Code     0  aeabi_memset4.o(.text)
    __aeabi_memclr                           0x000004bb   Thumb Code     0  rt_memclr.o(.text)
    __rt_memclr                              0x000004bb   Thumb Code     0  rt_memclr.o(.text)
    _memset                                  0x000004bf   Thumb Code    64  rt_memclr.o(.text)
    __use_two_region_memory                  0x000004ff   Thumb Code     2  heapauxi.o(.text)
    __rt_heap_escrow$2region                 0x00000501   Thumb Code     2  heapauxi.o(.text)
    __rt_heap_expand$2region                 0x00000503   Thumb Code     2  heapauxi.o(.text)
    __I$use$semihosting                      0x00000505   Thumb Code     0  use_no_semi.o(.text)
    __use_no_semihosting_swi                 0x00000505   Thumb Code     2  use_no_semi.o(.text)
    __aeabi_memcpy4                          0x00000507   Thumb Code     0  rt_memcpy_w.o(.text)
    __aeabi_memcpy8                          0x00000507   Thumb Code     0  rt_memcpy_w.o(.text)
    __rt_memcpy_w                            0x00000507   Thumb Code   100  rt_memcpy_w.o(.text)
    __semihosting_library_function           0x00000507   Thumb Code     0  indicate_semi.o(.text)
    _memcpy_lastbytes_aligned                0x0000054f   Thumb Code     0  rt_memcpy_w.o(.text)
    __aeabi_memclr4                          0x0000056b   Thumb Code     0  rt_memclr_w.o(.text)
    __aeabi_memclr8                          0x0000056b   Thumb Code     0  rt_memclr_w.o(.text)
    __rt_memclr_w                            0x0000056b   Thumb Code     0  rt_memclr_w.o(.text)
    _memset_w                                0x0000056f   Thumb Code    74  rt_memclr_w.o(.text)
    __user_setup_stackheap                   0x000005b9   Thumb Code    74  sys_stackheap_outer.o(.text)
    exit                                     0x00000603   Thumb Code    18  exit.o(.text)
    __user_libspace                          0x00000615   Thumb Code     8  libspace.o(.text)
    __user_perproc_libspace                  0x00000615   Thumb Code     0  libspace.o(.text)
    __user_perthread_libspace                0x00000615   Thumb Code     0  libspace.o(.text)
    _sys_exit                                0x0000061d   Thumb Code     8  sys_exit.o(.text)
    DIO_ReadPin                              0x00000629   Thumb Code    30  dio.o(.text.DIO_ReadPin)
    DIO_WritePort                            0x00000649   Thumb Code    16  dio.o(.text.DIO_WritePort)
    DIO_init                                 0x00000659   Thumb Code   344  dio.o(.text.DIO_init)
    PendSV_Handler                           0x000007b1   Thumb Code   100  port.o(.text.PendSV_Handler)
    SVC_Handler                              0x00000821   Thumb Code    36  port.o(.text.SVC_Handler)
    SysTick_Handler                          0x00000845   Thumb Code    60  port.o(.text.SysTick_Handler)
    SystemInit                               0x00000881   Thumb Code   268  system_tm4c123.o(.text.SystemInit)
    control                                  0x0000098d   Thumb Code   554  functions.o(.text.control)
    eTaskConfirmSleepModeStatus              0x00000bb9   Thumb Code   128  tasks.o(.text.eTaskConfirmSleepModeStatus)
    main                                     0x00000c39   Thumb Code   330  main.o(.text.main)
    motorDOWN                                0x00000d85   Thumb Code    18  motorcontrol.o(.text.motorDOWN)
    motorOFF                                 0x00000d99   Thumb Code    18  motorcontrol.o(.text.motorOFF)
    motorUP                                  0x00000dad   Thumb Code    18  motorcontrol.o(.text.motorUP)
    openCloseDriver                          0x00000dc1   Thumb Code   222  functions.o(.text.openCloseDriver)
    openCloseDriverAuto                      0x00000ea1   Thumb Code   216  functions.o(.text.openCloseDriverAuto)
    openClosePassenger                       0x00000f79   Thumb Code   272  functions.o(.text.openClosePassenger)
    openClosePassengerAuto                   0x00001089   Thumb Code   216  functions.o(.text.openClosePassengerAuto)
    pvPortMalloc                             0x00001ba5   Thumb Code   380  heap_2.o(.text.pvPortMalloc)
    pvTaskIncrementMutexHeldCount            0x00001d21   Thumb Code    44  tasks.o(.text.pvTaskIncrementMutexHeldCount)
    pxPortInitialiseStack                    0x00001d4d   Thumb Code    94  port.o(.text.pxPortInitialiseStack)
    uxListRemove                             0x00001dad   Thumb Code    72  list.o(.text.uxListRemove)
    uxTaskGetNumberOfTasks                   0x00001df5   Thumb Code    12  tasks.o(.text.uxTaskGetNumberOfTasks)
    vListInitialise                          0x00001e01   Thumb Code    46  list.o(.text.vListInitialise)
    vListInitialiseItem                      0x00001e31   Thumb Code    14  list.o(.text.vListInitialiseItem)
    vListInsert                              0x00001e41   Thumb Code   106  list.o(.text.vListInsert)
    vPortEnterCritical                       0x00001ec1   Thumb Code    86  port.o(.text.vPortEnterCritical)
    vPortExitCritical                        0x00001f19   Thumb Code    74  port.o(.text.vPortExitCritical)
    vPortFree                                0x00001f65   Thumb Code   218  heap_2.o(.text.vPortFree)
    vPortSetupTimerInterrupt                 0x00002041   Thumb Code   120  port.o(.text.vPortSetupTimerInterrupt)
    vPortSuppressTicksAndSleep               0x000020b9   Thumb Code   544  port.o(.text.vPortSuppressTicksAndSleep)
    vTaskInternalSetTimeOutState             0x000022d9   Thumb Code    36  tasks.o(.text.vTaskInternalSetTimeOutState)
    vTaskMissedYield                         0x000022fd   Thumb Code    14  tasks.o(.text.vTaskMissedYield)
    vTaskPlaceOnEventList                    0x0000230d   Thumb Code    66  tasks.o(.text.vTaskPlaceOnEventList)
    vTaskPriorityDisinheritAfterTimeout      0x00002351   Thumb Code   386  tasks.o(.text.vTaskPriorityDisinheritAfterTimeout)
    vTaskStartScheduler                      0x000024d5   Thumb Code   162  tasks.o(.text.vTaskStartScheduler)
    vTaskStepTick                            0x00002579   Thumb Code   204  tasks.o(.text.vTaskStepTick)
    vTaskSuspendAll                          0x00002645   Thumb Code    16  tasks.o(.text.vTaskSuspendAll)
    vTaskSwitchContext                       0x00002655   Thumb Code   190  tasks.o(.text.vTaskSwitchContext)
    xPortStartScheduler                      0x00002715   Thumb Code   380  port.o(.text.xPortStartScheduler)
    xQueueGenericCreate                      0x00002891   Thumb Code   154  queue.o(.text.xQueueGenericCreate)
    xQueueGenericReset                       0x0000292d   Thumb Code   264  queue.o(.text.xQueueGenericReset)
    xQueueGenericSend                        0x00002a35   Thumb Code   628  queue.o(.text.xQueueGenericSend)
    xQueueReceive                            0x00002ca9   Thumb Code   476  queue.o(.text.xQueueReceive)
    xQueueSemaphoreTake                      0x00002e85   Thumb Code   528  queue.o(.text.xQueueSemaphoreTake)
    xTaskCheckForTimeOut                     0x00003095   Thumb Code   252  tasks.o(.text.xTaskCheckForTimeOut)
    xTaskCreate                              0x00003191   Thumb Code   160  tasks.o(.text.xTaskCreate)
    xTaskGetSchedulerState                   0x00003231   Thumb Code    56  tasks.o(.text.xTaskGetSchedulerState)
    xTaskIncrementTick                       0x00003269   Thumb Code   608  tasks.o(.text.xTaskIncrementTick)
    xTaskPriorityDisinherit                  0x000034c9   Thumb Code   312  tasks.o(.text.xTaskPriorityDisinherit)
    xTaskPriorityInherit                     0x00003601   Thumb Code   348  tasks.o(.text.xTaskPriorityInherit)
    xTaskRemoveFromEventList                 0x0000375d   Thumb Code   402  tasks.o(.text.xTaskRemoveFromEventList)
    xTaskResumeAll                           0x000038f1   Thumb Code   546  tasks.o(.text.xTaskResumeAll)
    _fp_init                                 0x00003b13   Thumb Code    26  fpinit.o(x$fpl$fpinit)
    __fplib_config_fpu_vfp                   0x00003b2b   Thumb Code     0  fpinit.o(x$fpl$fpinit)
    __fplib_config_pureend_doubles           0x00003b2b   Thumb Code     0  fpinit.o(x$fpl$fpinit)
    uxTopUsedPriority                        0x00003b88   Data           4  tasks.o(.rodata.uxTopUsedPriority)
    Region$$Table$$Base                      0x00003b8c   Number         0  anon$$obj.o(Region$$Table)
    Region$$Table$$Limit                     0x00003bac   Number         0  anon$$obj.o(Region$$Table)
    SystemCoreClock                          0x20000000   Data           4  system_tm4c123.o(.data.SystemCoreClock)
    __libspace_start                         0x20000010   Data          96  libspace.o(.bss)
    __temporary_stack_top$libspace           0x20000070   Data           0  libspace.o(.bss)
    controlHandler                           0x20000070   Data           4  main.o(.bss.controlHandler)
    openCloseDriverAutoHandler               0x20000074   Data           4  main.o(.bss.openCloseDriverAutoHandler)
    openCloseDriverHandler                   0x20000078   Data           4  main.o(.bss.openCloseDriverHandler)
    openClosePassengerAutoHandler            0x2000007c   Data           4  main.o(.bss.openClosePassengerAutoHandler)
    openClosePassengerHandler                0x20000080   Data           4  main.o(.bss.openClosePassengerHandler)
    pxCurrentTCB                             0x20000088   Data           4  tasks.o(.bss.pxCurrentTCB)
    xBinarySemaphore1                        0x2000211c   Data           4  main.o(.bss.xBinarySemaphore1)
    xBinarySemaphore2                        0x20002120   Data           4  main.o(.bss.xBinarySemaphore2)
    xBinarySemaphoreDriverAuto               0x20002124   Data           4  main.o(.bss.xBinarySemaphoreDriverAuto)
    xBinarySemaphorePassengerAuto            0x20002128   Data           4  main.o(.bss.xBinarySemaphorePassengerAuto)
    xQueuePD                                 0x20002184   Data           4  main.o(.bss.xQueuePD)



==============================================================================

Memory Map of the image

  Image Entry point : 0x0000030d

  Load Region LR_1 (Base: 0x00000000, Size: 0x00003bb8, Max: 0xffffffff, ABSOLUTE)

    Execution Region ER_RO (Exec base: 0x00000000, Load base: 0x00000000, Size: 0x00003bac, Max: 0xffffffff, ABSOLUTE)

    Exec Addr    Load Addr    Size         Type   Attr      Idx    E Section Name        Object

    0x00000000   0x00000000   0x0000026c   Data   RO           77    RESET               startup_tm4c123.o
    0x0000026c   0x0000026c   0x00000008   Code   RO          450  * !!!main             c_w.l(__main.o)
    0x00000274   0x00000274   0x00000034   Code   RO          630    !!!scatter          c_w.l(__scatter.o)
    0x000002a8   0x000002a8   0x0000001a   Code   RO          632    !!handler_copy      c_w.l(__scatter_copy.o)
    0x000002c2   0x000002c2   0x00000002   PAD
    0x000002c4   0x000002c4   0x0000001c   Code   RO          634    !!handler_zi        c_w.l(__scatter_zi.o)
    0x000002e0   0x000002e0   0x00000002   Code   RO          550    .ARM.Collect$$libinit$$00000000  c_w.l(libinit.o)
    0x000002e2   0x000002e2   0x00000004   Code   RO          466    .ARM.Collect$$libinit$$00000001  c_w.l(libinit2.o)
    0x000002e6   0x000002e6   0x00000000   Code   RO          469    .ARM.Collect$$libinit$$00000004  c_w.l(libinit2.o)
    0x000002e6   0x000002e6   0x00000000   Code   RO          471    .ARM.Collect$$libinit$$00000006  c_w.l(libinit2.o)
    0x000002e6   0x000002e6   0x00000000   Code   RO          474    .ARM.Collect$$libinit$$0000000C  c_w.l(libinit2.o)
    0x000002e6   0x000002e6   0x00000000   Code   RO          476    .ARM.Collect$$libinit$$0000000E  c_w.l(libinit2.o)
    0x000002e6   0x000002e6   0x00000000   Code   RO          478    .ARM.Collect$$libinit$$00000010  c_w.l(libinit2.o)
    0x000002e6   0x000002e6   0x00000000   Code   RO          481    .ARM.Collect$$libinit$$00000013  c_w.l(libinit2.o)
    0x000002e6   0x000002e6   0x00000000   Code   RO          483    .ARM.Collect$$libinit$$00000015  c_w.l(libinit2.o)
    0x000002e6   0x000002e6   0x00000000   Code   RO          485    .ARM.Collect$$libinit$$00000017  c_w.l(libinit2.o)
    0x000002e6   0x000002e6   0x00000000   Code   RO          487    .ARM.Collect$$libinit$$00000019  c_w.l(libinit2.o)
    0x000002e6   0x000002e6   0x00000000   Code   RO          489    .ARM.Collect$$libinit$$0000001B  c_w.l(libinit2.o)
    0x000002e6   0x000002e6   0x00000000   Code   RO          491    .ARM.Collect$$libinit$$0000001D  c_w.l(libinit2.o)
    0x000002e6   0x000002e6   0x00000000   Code   RO          493    .ARM.Collect$$libinit$$0000001F  c_w.l(libinit2.o)
    0x000002e6   0x000002e6   0x00000000   Code   RO          495    .ARM.Collect$$libinit$$00000021  c_w.l(libinit2.o)
    0x000002e6   0x000002e6   0x00000000   Code   RO          497    .ARM.Collect$$libinit$$00000023  c_w.l(libinit2.o)
    0x000002e6   0x000002e6   0x00000000   Code   RO          499    .ARM.Collect$$libinit$$00000025  c_w.l(libinit2.o)
    0x000002e6   0x000002e6   0x00000000   Code   RO          501    .ARM.Collect$$libinit$$00000027  c_w.l(libinit2.o)
    0x000002e6   0x000002e6   0x00000000   Code   RO          505    .ARM.Collect$$libinit$$0000002E  c_w.l(libinit2.o)
    0x000002e6   0x000002e6   0x00000000   Code   RO          507    .ARM.Collect$$libinit$$00000030  c_w.l(libinit2.o)
    0x000002e6   0x000002e6   0x00000000   Code   RO          509    .ARM.Collect$$libinit$$00000032  c_w.l(libinit2.o)
    0x000002e6   0x000002e6   0x00000000   Code   RO          511    .ARM.Collect$$libinit$$00000034  c_w.l(libinit2.o)
    0x000002e6   0x000002e6   0x00000002   Code   RO          512    .ARM.Collect$$libinit$$00000035  c_w.l(libinit2.o)
    0x000002e8   0x000002e8   0x00000002   Code   RO          589    .ARM.Collect$$libshutdown$$00000000  c_w.l(libshutdown.o)
    0x000002ea   0x000002ea   0x00000000   Code   RO          597    .ARM.Collect$$libshutdown$$00000002  c_w.l(libshutdown2.o)
    0x000002ea   0x000002ea   0x00000000   Code   RO          599    .ARM.Collect$$libshutdown$$00000004  c_w.l(libshutdown2.o)
    0x000002ea   0x000002ea   0x00000000   Code   RO          602    .ARM.Collect$$libshutdown$$00000007  c_w.l(libshutdown2.o)
    0x000002ea   0x000002ea   0x00000000   Code   RO          605    .ARM.Collect$$libshutdown$$0000000A  c_w.l(libshutdown2.o)
    0x000002ea   0x000002ea   0x00000000   Code   RO          607    .ARM.Collect$$libshutdown$$0000000C  c_w.l(libshutdown2.o)
    0x000002ea   0x000002ea   0x00000000   Code   RO          610    .ARM.Collect$$libshutdown$$0000000F  c_w.l(libshutdown2.o)
    0x000002ea   0x000002ea   0x00000002   Code   RO          611    .ARM.Collect$$libshutdown$$00000010  c_w.l(libshutdown2.o)
    0x000002ec   0x000002ec   0x00000000   Code   RO          461    .ARM.Collect$$rtentry$$00000000  c_w.l(__rtentry.o)
    0x000002ec   0x000002ec   0x00000000   Code   RO          519    .ARM.Collect$$rtentry$$00000002  c_w.l(__rtentry2.o)
    0x000002ec   0x000002ec   0x00000006   Code   RO          531    .ARM.Collect$$rtentry$$00000004  c_w.l(__rtentry4.o)
    0x000002f2   0x000002f2   0x00000000   Code   RO          521    .ARM.Collect$$rtentry$$00000009  c_w.l(__rtentry2.o)
    0x000002f2   0x000002f2   0x00000004   Code   RO          522    .ARM.Collect$$rtentry$$0000000A  c_w.l(__rtentry2.o)
    0x000002f6   0x000002f6   0x00000000   Code   RO          524    .ARM.Collect$$rtentry$$0000000C  c_w.l(__rtentry2.o)
    0x000002f6   0x000002f6   0x00000008   Code   RO          525    .ARM.Collect$$rtentry$$0000000D  c_w.l(__rtentry2.o)
    0x000002fe   0x000002fe   0x00000002   Code   RO          558    .ARM.Collect$$rtexit$$00000000  c_w.l(rtexit.o)
    0x00000300   0x00000300   0x00000000   Code   RO          567    .ARM.Collect$$rtexit$$00000002  c_w.l(rtexit2.o)
    0x00000300   0x00000300   0x00000004   Code   RO          568    .ARM.Collect$$rtexit$$00000003  c_w.l(rtexit2.o)
    0x00000304   0x00000304   0x00000006   Code   RO          569    .ARM.Collect$$rtexit$$00000004  c_w.l(rtexit2.o)
    0x0000030a   0x0000030a   0x00000002   PAD
    0x0000030c   0x0000030c   0x00000114   Code   RO           78  * .text               startup_tm4c123.o
    0x00000420   0x00000420   0x0000008a   Code   RO          442    .text               c_w.l(rt_memcpy_v6.o)
    0x000004aa   0x000004aa   0x00000010   Code   RO          444    .text               c_w.l(aeabi_memset4.o)
    0x000004ba   0x000004ba   0x00000044   Code   RO          446    .text               c_w.l(rt_memclr.o)
    0x000004fe   0x000004fe   0x00000006   Code   RO          448    .text               c_w.l(heapauxi.o)
    0x00000504   0x00000504   0x00000002   Code   RO          458    .text               c_w.l(use_no_semi.o)
    0x00000506   0x00000506   0x00000000   Code   RO          460    .text               c_w.l(indicate_semi.o)
    0x00000506   0x00000506   0x00000064   Code   RO          462    .text               c_w.l(rt_memcpy_w.o)
    0x0000056a   0x0000056a   0x0000004e   Code   RO          464    .text               c_w.l(rt_memclr_w.o)
    0x000005b8   0x000005b8   0x0000004a   Code   RO          537    .text               c_w.l(sys_stackheap_outer.o)
    0x00000602   0x00000602   0x00000012   Code   RO          539    .text               c_w.l(exit.o)
    0x00000614   0x00000614   0x00000008   Code   RO          555    .text               c_w.l(libspace.o)
    0x0000061c   0x0000061c   0x0000000c   Code   RO          579    .text               c_w.l(sys_exit.o)
    0x00000628   0x00000628   0x0000001e   Code   RO           35    .text.DIO_ReadPin   dio.o
    0x00000646   0x00000646   0x00000002   PAD
    0x00000648   0x00000648   0x00000010   Code   RO           29    .text.DIO_WritePort  dio.o
    0x00000658   0x00000658   0x00000158   Code   RO           27    .text.DIO_init      dio.o
    0x000007b0   0x000007b0   0x00000064   Code   RO          137    .text.PendSV_Handler  port.o
    0x00000814   0x00000814   0x0000000c   PAD
    0x00000820   0x00000820   0x00000024   Code   RO          121    .text.SVC_Handler   port.o
    0x00000844   0x00000844   0x0000003c   Code   RO          139    .text.SysTick_Handler  port.o
    0x00000880   0x00000880   0x0000010c   Code   RO           89    .text.SystemInit    system_tm4c123.o
    0x0000098c   0x0000098c   0x0000022a   Code   RO           54    .text.control       functions.o
    0x00000bb6   0x00000bb6   0x00000002   PAD
    0x00000bb8   0x00000bb8   0x00000080   Code   RO          359    .text.eTaskConfirmSleepModeStatus  tasks.o
    0x00000c38   0x00000c38   0x0000014a   Code   RO            4    .text.main          main.o
    0x00000d82   0x00000d82   0x00000002   PAD
    0x00000d84   0x00000d84   0x00000012   Code   RO           65    .text.motorDOWN     motorcontrol.o
    0x00000d96   0x00000d96   0x00000002   PAD
    0x00000d98   0x00000d98   0x00000012   Code   RO           67    .text.motorOFF      motorcontrol.o
    0x00000daa   0x00000daa   0x00000002   PAD
    0x00000dac   0x00000dac   0x00000012   Code   RO           63    .text.motorUP       motorcontrol.o
    0x00000dbe   0x00000dbe   0x00000002   PAD
    0x00000dc0   0x00000dc0   0x000000de   Code   RO           50    .text.openCloseDriver  functions.o
    0x00000e9e   0x00000e9e   0x00000002   PAD
    0x00000ea0   0x00000ea0   0x000000d8   Code   RO           48    .text.openCloseDriverAuto  functions.o
    0x00000f78   0x00000f78   0x00000110   Code   RO           52    .text.openClosePassenger  functions.o
    0x00001088   0x00001088   0x000000d8   Code   RO           46    .text.openClosePassengerAuto  functions.o
    0x00001160   0x00001160   0x00000122   Code   RO          283    .text.prvAddCurrentTaskToDelayedList  tasks.o
    0x00001282   0x00001282   0x00000002   PAD
    0x00001284   0x00001284   0x00000154   Code   RO          271    .text.prvAddNewTaskToReadyList  tasks.o
    0x000013d8   0x000013d8   0x0000005a   Code   RO          399    .text.prvCheckTasksWaitingTermination  tasks.o
    0x00001432   0x00001432   0x00000002   PAD
    0x00001434   0x00001434   0x00000042   Code   RO          220    .text.prvCopyDataFromQueue  queue.o
    0x00001476   0x00001476   0x00000002   PAD
    0x00001478   0x00001478   0x000000cc   Code   RO          206    .text.prvCopyDataToQueue  queue.o
    0x00001544   0x00001544   0x00000018   Code   RO          277    .text.prvDeleteTCB  tasks.o
    0x0000155c   0x0000155c   0x00000026   Code   RO          224    .text.prvGetDisinheritPriorityAfterTimeout  queue.o
    0x00001582   0x00001582   0x00000002   PAD
    0x00001584   0x00001584   0x0000007c   Code   RO          401    .text.prvGetExpectedIdleTime  tasks.o
    0x00001600   0x00001600   0x00000042   Code   RO          160    .text.prvHeapInit   heap_2.o
    0x00001642   0x00001642   0x00000002   PAD
    0x00001644   0x00001644   0x0000009a   Code   RO          309    .text.prvIdleTask   tasks.o
    0x000016de   0x000016de   0x00000002   PAD
    0x000016e0   0x000016e0   0x0000004e   Code   RO          186    .text.prvInitialiseNewQueue  queue.o
    0x0000172e   0x0000172e   0x00000002   PAD
    0x00001730   0x00001730   0x00000124   Code   RO          269    .text.prvInitialiseNewTask  tasks.o
    0x00001854   0x00001854   0x0000008e   Code   RO          397    .text.prvInitialiseTaskLists  tasks.o
    0x000018e2   0x000018e2   0x00000002   PAD
    0x000018e4   0x000018e4   0x00000028   Code   RO          222    .text.prvIsQueueEmpty  queue.o
    0x0000190c   0x0000190c   0x0000002e   Code   RO          210    .text.prvIsQueueFull  queue.o
    0x0000193a   0x0000193a   0x00000002   PAD
    0x0000193c   0x0000193c   0x000000ec   Code   RO          208    .text.prvNotifyQueueSetContainer  queue.o
    0x00001a28   0x00001a28   0x00000028   Code   RO          129    .text.prvPortStartFirstTask  port.o
    0x00001a50   0x00001a50   0x0000003c   Code   RO          275    .text.prvResetNextTaskUnblockTime  tasks.o
    0x00001a8c   0x00001a8c   0x0000004c   Code   RO          119    .text.prvTaskExitError  port.o
    0x00001ad8   0x00001ad8   0x000000cc   Code   RO          212    .text.prvUnlockQueue  queue.o
    0x00001ba4   0x00001ba4   0x0000017c   Code   RO          158    .text.pvPortMalloc  heap_2.o
    0x00001d20   0x00001d20   0x0000002c   Code   RO          381    .text.pvTaskIncrementMutexHeldCount  tasks.o
    0x00001d4c   0x00001d4c   0x0000005e   Code   RO          117    .text.pxPortInitialiseStack  port.o
    0x00001daa   0x00001daa   0x00000002   PAD
    0x00001dac   0x00001dac   0x00000048   Code   RO          108    .text.uxListRemove  list.o
    0x00001df4   0x00001df4   0x0000000c   Code   RO          319    .text.uxTaskGetNumberOfTasks  tasks.o
    0x00001e00   0x00001e00   0x0000002e   Code   RO          100    .text.vListInitialise  list.o
    0x00001e2e   0x00001e2e   0x00000002   PAD
    0x00001e30   0x00001e30   0x0000000e   Code   RO          102    .text.vListInitialiseItem  list.o
    0x00001e3e   0x00001e3e   0x00000002   PAD
    0x00001e40   0x00001e40   0x0000006a   Code   RO          106    .text.vListInsert   list.o
    0x00001eaa   0x00001eaa   0x00000002   PAD
    0x00001eac   0x00001eac   0x00000014   Code   RO          127    .text.vPortEnableVFP  port.o
    0x00001ec0   0x00001ec0   0x00000056   Code   RO          133    .text.vPortEnterCritical  port.o
    0x00001f16   0x00001f16   0x00000002   PAD
    0x00001f18   0x00001f18   0x0000004a   Code   RO          135    .text.vPortExitCritical  port.o
    0x00001f62   0x00001f62   0x00000002   PAD
    0x00001f64   0x00001f64   0x000000da   Code   RO          162    .text.vPortFree     heap_2.o
    0x0000203e   0x0000203e   0x00000002   PAD
    0x00002040   0x00002040   0x00000078   Code   RO          125    .text.vPortSetupTimerInterrupt  port.o
    0x000020b8   0x000020b8   0x00000220   Code   RO          141    .text.vPortSuppressTicksAndSleep  port.o
    0x000022d8   0x000022d8   0x00000024   Code   RO          349    .text.vTaskInternalSetTimeOutState  tasks.o
    0x000022fc   0x000022fc   0x0000000e   Code   RO          353    .text.vTaskMissedYield  tasks.o
    0x0000230a   0x0000230a   0x00000002   PAD
    0x0000230c   0x0000230c   0x00000042   Code   RO          339    .text.vTaskPlaceOnEventList  tasks.o
    0x0000234e   0x0000234e   0x00000002   PAD
    0x00002350   0x00002350   0x00000182   Code   RO          377    .text.vTaskPriorityDisinheritAfterTimeout  tasks.o
    0x000024d2   0x000024d2   0x00000002   PAD
    0x000024d4   0x000024d4   0x000000a2   Code   RO          307    .text.vTaskStartScheduler  tasks.o
    0x00002576   0x00002576   0x00000002   PAD
    0x00002578   0x00002578   0x000000cc   Code   RO          333    .text.vTaskStepTick  tasks.o
    0x00002644   0x00002644   0x00000010   Code   RO          281    .text.vTaskSuspendAll  tasks.o
    0x00002654   0x00002654   0x000000be   Code   RO          299    .text.vTaskSwitchContext  tasks.o
    0x00002712   0x00002712   0x00000002   PAD
    0x00002714   0x00002714   0x0000017c   Code   RO          123    .text.xPortStartScheduler  port.o
    0x00002890   0x00002890   0x0000009a   Code   RO          184    .text.xQueueGenericCreate  queue.o
    0x0000292a   0x0000292a   0x00000002   PAD
    0x0000292c   0x0000292c   0x00000108   Code   RO          182    .text.xQueueGenericReset  queue.o
    0x00002a34   0x00002a34   0x00000274   Code   RO          198    .text.xQueueGenericSend  queue.o
    0x00002ca8   0x00002ca8   0x000001dc   Code   RO          218    .text.xQueueReceive  queue.o
    0x00002e84   0x00002e84   0x00000210   Code   RO          202    .text.xQueueSemaphoreTake  queue.o
    0x00003094   0x00003094   0x000000fc   Code   RO          351    .text.xTaskCheckForTimeOut  tasks.o
    0x00003190   0x00003190   0x000000a0   Code   RO          267    .text.xTaskCreate   tasks.o
    0x00003230   0x00003230   0x00000038   Code   RO          371    .text.xTaskGetSchedulerState  tasks.o
    0x00003268   0x00003268   0x00000260   Code   RO          313    .text.xTaskIncrementTick  tasks.o
    0x000034c8   0x000034c8   0x00000138   Code   RO          375    .text.xTaskPriorityDisinherit  tasks.o
    0x00003600   0x00003600   0x0000015c   Code   RO          373    .text.xTaskPriorityInherit  tasks.o
    0x0000375c   0x0000375c   0x00000192   Code   RO          343    .text.xTaskRemoveFromEventList  tasks.o
    0x000038ee   0x000038ee   0x00000002   PAD
    0x000038f0   0x000038f0   0x00000222   Code   RO          285    .text.xTaskResumeAll  tasks.o
    0x00003b12   0x00003b12   0x0000001a   Code   RO          535    x$fpl$fpinit        fz_wm.l(fpinit.o)
    0x00003b2c   0x00003b2c   0x00000056   Data   RO           10    .rodata.str1.1      main.o
    0x00003b82   0x00003b82   0x00000005   Data   RO          419    .rodata.str1.1      tasks.o
    0x00003b87   0x00003b87   0x00000001   PAD
    0x00003b88   0x00003b88   0x00000004   Data   RO          404    .rodata.uxTopUsedPriority  tasks.o
    0x00003b8c   0x00003b8c   0x00000020   Data   RO          629    Region$$Table       anon$$obj.o


    Execution Region ER_RW (Exec base: 0x20000000, Load base: 0x00003bac, Size: 0x0000000c, Max: 0xffffffff, ABSOLUTE)

    Exec Addr    Load Addr    Size         Type   Attr      Idx    E Section Name        Object

    0x20000000   0x00003bac   0x00000004   Data   RW           91    .data.SystemCoreClock  system_tm4c123.o
    0x20000004   0x00003bb0   0x00000004   Data   RW          147    .data.uxCriticalNesting  port.o
    0x20000008   0x00003bb4   0x00000004   Data   RW          171    .data.xFreeBytesRemaining  heap_2.o


    Execution Region ER_ZI (Exec base: 0x20000010, Load base: 0x00003bb8, Size: 0x000023b8, Max: 0xffffffff, ABSOLUTE)

    Exec Addr    Load Addr    Size         Type   Attr      Idx    E Section Name        Object

    0x20000010        -       0x00000060   Zero   RW          556    .bss                c_w.l(libspace.o)
    0x20000070        -       0x00000004   Zero   RW           15    .bss.controlHandler  main.o
    0x20000074        -       0x00000004   Zero   RW           12    .bss.openCloseDriverAutoHandler  main.o
    0x20000078        -       0x00000004   Zero   RW           11    .bss.openCloseDriverHandler  main.o
    0x2000007c        -       0x00000004   Zero   RW           14    .bss.openClosePassengerAutoHandler  main.o
    0x20000080        -       0x00000004   Zero   RW           13    .bss.openClosePassengerHandler  main.o
    0x20000084        -       0x00000004   Zero   RW          170    .bss.pvPortMalloc.xHeapHasBeenInitialised  heap_2.o
    0x20000088        -       0x00000004   Zero   RW          403    .bss.pxCurrentTCB   tasks.o
    0x2000008c        -       0x00000004   Zero   RW          414    .bss.pxDelayedTaskList  tasks.o
    0x20000090        -       0x00000004   Zero   RW          415    .bss.pxOverflowDelayedTaskList  tasks.o
    0x20000094        -       0x00000064   Zero   RW          405    .bss.pxReadyTasksLists  tasks.o
    0x200000f8        -       0x00002000   Zero   RW          174    .bss.ucHeap         heap_2.o
    0x200020f8        -       0x00000001   Zero   RW          145    .bss.ucMaxSysCallPriority  port.o
    0x200020f9   0x00003bb8   0x00000003   PAD
    0x200020fc        -       0x00000004   Zero   RW          146    .bss.ulMaxPRIGROUPValue  port.o
    0x20002100        -       0x00000004   Zero   RW          150    .bss.ulStoppedTimerCompensation  port.o
    0x20002104        -       0x00000004   Zero   RW          149    .bss.ulTimerCountsForOneTick  port.o
    0x20002108        -       0x00000004   Zero   RW          410    .bss.uxCurrentNumberOfTasks  tasks.o
    0x2000210c        -       0x00000004   Zero   RW          409    .bss.uxDeletedTasksWaitingCleanUp  tasks.o
    0x20002110        -       0x00000004   Zero   RW          412    .bss.uxSchedulerSuspended  tasks.o
    0x20002114        -       0x00000004   Zero   RW          407    .bss.uxTaskNumber   tasks.o
    0x20002118        -       0x00000004   Zero   RW          406    .bss.uxTopReadyPriority  tasks.o
    0x2000211c        -       0x00000004   Zero   RW            6    .bss.xBinarySemaphore1  main.o
    0x20002120        -       0x00000004   Zero   RW            7    .bss.xBinarySemaphore2  main.o
    0x20002124        -       0x00000004   Zero   RW            8    .bss.xBinarySemaphoreDriverAuto  main.o
    0x20002128        -       0x00000004   Zero   RW            9    .bss.xBinarySemaphorePassengerAuto  main.o
    0x2000212c        -       0x00000014   Zero   RW          424    .bss.xDelayedTaskList1  tasks.o
    0x20002140        -       0x00000014   Zero   RW          425    .bss.xDelayedTaskList2  tasks.o
    0x20002154        -       0x00000008   Zero   RW          173    .bss.xEnd           heap_2.o
    0x2000215c        -       0x00000004   Zero   RW          420    .bss.xIdleTaskHandle  tasks.o
    0x20002160        -       0x00000004   Zero   RW          148    .bss.xMaximumPossibleSuppressedTicks  port.o
    0x20002164        -       0x00000004   Zero   RW          421    .bss.xNextTaskUnblockTime  tasks.o
    0x20002168        -       0x00000004   Zero   RW          423    .bss.xNumOfOverflows  tasks.o
    0x2000216c        -       0x00000004   Zero   RW          422    .bss.xPendedTicks   tasks.o
    0x20002170        -       0x00000014   Zero   RW          418    .bss.xPendingReadyList  tasks.o
    0x20002184        -       0x00000004   Zero   RW           16    .bss.xQueuePD       main.o
    0x20002188        -       0x00000004   Zero   RW          411    .bss.xSchedulerRunning  tasks.o
    0x2000218c        -       0x00000008   Zero   RW          172    .bss.xStart         heap_2.o
    0x20002194        -       0x00000014   Zero   RW          416    .bss.xSuspendedTaskList  tasks.o
    0x200021a8        -       0x00000014   Zero   RW          408    .bss.xTasksWaitingTermination  tasks.o
    0x200021bc        -       0x00000004   Zero   RW          413    .bss.xTickCount     tasks.o
    0x200021c0        -       0x00000004   Zero   RW          417    .bss.xYieldPending  tasks.o
    0x200021c4   0x00003bb8   0x00000004   PAD
    0x200021c8        -       0x00000000   Zero   RW           76    HEAP                startup_tm4c123.o
    0x200021c8        -       0x00000200   Zero   RW           75    STACK               startup_tm4c123.o


==============================================================================

Image component sizes


      Code (inc. data)   RO Data    RW Data    ZI Data      Debug   Object Name

       390          0          0          0          0       1738   dio.o
      1480          0          0          0          0       2523   functions.o
       664          0          0          4       8212       3101   heap_2.o
       238          0          0          0          0       2283   list.o
       330          0         86          0         40       1672   main.o
        54          0          0          0          0        640   motorcontrol.o
      1630         16          0          4         17       4978   port.o
      2962          0          0          0          0      16650   queue.o
       276         24        620          0        512       5540   startup_tm4c123.o
       268          0          0          4          0       6749   system_tm4c123.o
      5458          0          9          0        260      26928   tasks.o

    ----------------------------------------------------------------------
     13822         52        748         12       9048      72802   Object Totals
         0          0         32          0          0          0   (incl. Generated)
        72         12          1          0          7          0   (incl. Padding)

    ----------------------------------------------------------------------

      Code (inc. data)   RO Data    RW Data    ZI Data      Debug   Library Member Name

         8          0          0          0          0         68   __main.o
         0          0          0          0          0          0   __rtentry.o
        12          0          0          0          0          0   __rtentry2.o
         6          0          0          0          0          0   __rtentry4.o
        52          8          0          0          0          0   __scatter.o
        26          0          0          0          0          0   __scatter_copy.o
        28          0          0          0          0          0   __scatter_zi.o
        16          0          0          0          0         68   aeabi_memset4.o
        18          0          0          0          0         80   exit.o
         6          0          0          0          0        152   heapauxi.o
         0          0          0          0          0          0   indicate_semi.o
         2          0          0          0          0          0   libinit.o
         6          0          0          0          0          0   libinit2.o
         2          0          0          0          0          0   libshutdown.o
         2          0          0          0          0          0   libshutdown2.o
         8          4          0          0         96         68   libspace.o
        68          0          0          0          0         68   rt_memclr.o
        78          0          0          0          0         80   rt_memclr_w.o
       138          0          0          0          0         68   rt_memcpy_v6.o
       100          0          0          0          0         80   rt_memcpy_w.o
         2          0          0          0          0          0   rtexit.o
        10          0          0          0          0          0   rtexit2.o
        12          4          0          0          0         68   sys_exit.o
        74          0          0          0          0         80   sys_stackheap_outer.o
         2          0          0          0          0         68   use_no_semi.o
        26          0          0          0          0        116   fpinit.o

    ----------------------------------------------------------------------
       706         16          0          0         96       1064   Library Totals
         4          0          0          0          0          0   (incl. Padding)

    ----------------------------------------------------------------------

      Code (inc. data)   RO Data    RW Data    ZI Data      Debug   Library Name

       676         16          0          0         96        948   c_w.l
        26          0          0          0          0        116   fz_wm.l

    ----------------------------------------------------------------------
       706         16          0          0         96       1064   Library Totals

    ----------------------------------------------------------------------

==============================================================================


      Code (inc. data)   RO Data    RW Data    ZI Data      Debug   

     14528         68        748         12       9144      73270   Grand Totals
     14528         68        748         12       9144      73270   ELF Image Totals
     14528         68        748         12          0          0   ROM Totals

==============================================================================

    Total RO  Size (Code + RO Data)                15276 (  14.92kB)
    Total RW  Size (RW Data + ZI Data)              9156 (   8.94kB)
    Total ROM Size (Code + RO Data + RW Data)      15288 (  14.93kB)

==============================================================================

